
> frontend@0.0.0 test
> vitest run --coverage src/pages/AdminModerationQueue.test.jsx --run


[1m[46m RUN [49m[22m [36mv4.1.3 [39m[90mC:/Users/conno/OneDrive/Documents/GitHub/Learnership-Application/frontend[39m
      [2mCoverage enabled with [22m[33mv8[39m

 [31mΓ¥»[39m src/pages/AdminModerationQueue.test.jsx [2m([22m[2m17 tests[22m[2m | [22m[31m5 failed[39m[2m)[22m[33m 1016[2mms[22m[39m
     [32mΓ£ô[39m 1. moderation queue only shows Pending listings[32m 48[2mms[22m[39m
     [32mΓ£ô[39m 2. moderation queue shows title, provider, type, location, closing date[32m 12[2mms[22m[39m
     [32mΓ£ô[39m 3. empty moderation queue shows a clear message[32m 8[2mms[22m[39m
     [32mΓ£ô[39m 4. approve/remove tab shows the queue, delete tab, and download button[32m 182[2mms[22m[39m
     [32mΓ£ô[39m 5. delete stats count apprenticeships, internships, and learnerships[32m 64[2mms[22m[39m
     [32mΓ£ô[39m 6. delete action removes a listing and logs the listing type[32m 131[2mms[22m[39m
     [32mΓ£ô[39m 7. moderation queue can be filtered by type[32m 65[2mms[22m[39m
[31m     [31m├ù[31m 8. approve action updates listing status and removes from queue[39m[32m 68[2mms[22m[39m
[31m     [31m├ù[31m 9. remove action updates listing status and removes from queue[39m[32m 59[2mms[22m[39m
[31m     [31m├ù[31m 10. approve action is logged in admin_actions payload[39m[32m 61[2mms[22m[39m
[31m     [31m├ù[31m 11. remove action is logged in admin_actions payload[39m[32m 58[2mms[22m[39m
[31m     [31m├ù[31m 12. remove action requires a reason[39m[32m 98[2mms[22m[39m
     [32mΓ£ô[39m 13. delete user tab loads applicants and providers and calls the delete function[32m 118[2mms[22m[39m
     [32mΓ£ô[39m 13. non-admin cannot access moderation panel[32m 2[2mms[22m[39m
     [32mΓ£ô[39m 14. unauthenticated user cannot access moderation panel[32m 2[2mms[22m[39m
     [32mΓ£ô[39m 15. approved listing becomes visible to applicants[32m 31[2mms[22m[39m
     [32mΓ£ô[39m 16. removed listing is not visible to applicants[32m 6[2mms[22m[39m
node.exe : 
At line:1 char:1
+ & "C:\Program Files\nodejs/node.exe" "C:\Program Files\nodejs/node_mo ...
+ ~~~~~~~~~~~~~~~~~~~~~~~~~~~~~~~~~~~~~~~~~~~~~~~~~~~~~~~~~~~~~~~~~~~~~
    + CategoryInfo          : NotSpecified: (:String) [], RemoteException
    + FullyQualifiedErrorId : NativeCommandError
 
[31mΓÄ»ΓÄ»ΓÄ»ΓÄ»ΓÄ»ΓÄ»ΓÄ»[39m[1m[41m Failed Tests 5 
[49m[22m[31mΓÄ»ΓÄ»ΓÄ»ΓÄ»ΓÄ»ΓÄ»ΓÄ»[39m

[41m[1m FAIL [22m[49m src/pages/AdminModerationQueue.test.jsx[2m > 
[22mAdmin moderation queue TDD tests[2m > [22m8. approve action updates 
listing status and removes from queue
[31m[1mTestingLibraryElementError[22m[39m: Found multiple elements with 
the text of: /approval reason/i

Here are the matching elements:

Ignored nodes: comments, script, style
[36m<textarea[39m
  [33mid[39m=[32m"action-reason-l-20"[39m
  [33mplaceholder[39m=[32m"Explain why this listing should be 
approved."[39m
  [33mrows[39m=[32m"3"[39m
[36m/>[39m

Ignored nodes: comments, script, style
[36m<textarea[39m
  [33mid[39m=[32m"action-reason"[39m
  [33mplaceholder[39m=[32m"Explain why this listing should be 
approved."[39m
  [33mrows[39m=[32m"4"[39m
  [33mstyle[39m=[32m"width: 100%; padding: 8px; margin-top: 8px;"[39m
[36m/>[39m

(If this is intentional, then use the `*AllBy*` variant of the query (like 
`queryAllByText`, `getAllByText`, or `findAllByText`)).

Ignored nodes: comments, script, style
[36m<body>[39m
  [36m<div>[39m
    [36m<main[39m
      [33mclass[39m=[32m"admin-page"[39m
    [36m>[39m
      [36m<span[39m
        [33maria-hidden[39m=[32m"true"[39m
        [33mclass[39m=[32m"admin-grid-overlay"[39m
      [36m/>[39m
      [36m<section[39m
        [33mclass[39m=[32m"admin-shell"[39m
      [36m>[39m
        [36m<header[39m
          [33mclass[39m=[32m"admin-header-row"[39m
        [36m>[39m
          [36m<section[39m
            [33mclass[39m=[32m"admin-title-block"[39m
          [36m>[39m
            [36m<p[39m
              [33mclass[39m=[32m"mini-label"[39m
            [36m>[39m
              [0mAdmin Workspace[0m
            [36m</p>[39m
            [36m<h1>[39m
              [0mPlatform Moderation Console[0m
            [36m</h1>[39m
            [36m<p>[39m
              [0mReview opportunity quality, verify provider submissions, and 
keep listings aligned with policy and NQF requirements.[0m
            [36m</p>[39m
          [36m</section>[39m
          [36m<aside[39m
            [33maria-label[39m=[32m"Session status"[39m
            [33mclass[39m=[32m"admin-status-card"[39m
          [36m>[39m
            [36m<p>[39m
              [0mSigned in as[0m
            [36m</p>[39m
            [36m<strong>[39m
              [0mAdmin[0m
            [36m</strong>[39m
            [36m<span>[39m
              [0mGoogle OAuth session active[0m
            [36m</span>[39m
            [36m<button[39m
              [33mclass[39m=[32m"admin-btn"[39m
            [36m>[39m
              [0mLogout[0m
            [36m</button>[39m
          [36m</aside>[39m
        [36m</header>[39m
        [36m<section[39m
          [33maria-label[39m=[32m"Admin sections"[39m
          [33mclass[39m=[32m"admin-toolbar"[39m
        [36m>[39m
          [36m<nav[39m
            [33maria-label[39m=[32m"Admin tabs"[39m
            [33mclass[39m=[32m"admin-tab-list"[39m
            [33mrole[39m=[32m"tablist"[39m
          [36m>[39m
            [36m<button[39m
              [33maria-selected[39m=[32m"true"[39m
              [33mclass[39m=[32m"is-active"[39m
              [33mrole[39m=[32m"tab"[39m
              [33mtype[39m=[32m"button"[39m
            [36m>[39m
              [0mApprove/Remove Listings[0m
            [36m</button>[39m
            [36m<button[39m
              [33maria-selected[39m=[32m"false"[39m
              [33mclass[39m=[32m""[39m
              [33mrole[39m=[32m"tab"[39m
              [33mtype[39m=[32m"button"[39m
            [36m>[39m
              [0mDelete Listing[0m
            [36m</button>[39m
            [36m<button[39m
              [33maria-selected[39m=[32m"false"[39m
              [33mclass[39m=[32m""[39m
              [33mrole[39m=[32m"tab"[39m
              [33mtype[39m=[32m"button"[39m
            [36m>[39m
              [0mDelete User[0m
            [36m</button>[39m
          [36m</nav>[39m
          [36m<button[39m
            [33maria-label[39m=[32m"Download moderation CSV"[39m
            [33mclass[39m=[32m"admin-download-btn"[39m
            [33mtype[39m=[32m"button"[39m
          [36m>[39m
            [0mDownload CSV[0m
          [36m</button>[39m
        [36m</section>[39m
        [36m<section[39m
          [33maria-label[39m=[32m"Moderation metrics"[39m
          [33mclass[39m=[32m"admin-kpi-row"[39m
        [36m>[39m
          [36m<article[39m
            [33mclass[39m=[32m"admin-kpi"[39m
          [36m>[39m
            [36m<span>[39m
              [0mAll Pending Review[0m
            [36m</span>[39m
            [36m<strong>[39m
              [0m1[0m
            [36m</strong>[39m
          [36m</article>[39m
          [36m<article[39m
            [33mclass[39m=[32m"admin-kpi"[39m
          [36m>[39m
            [36m<span>[39m
              [0mThis Admin Approved Opportunities[0m
            [36m</span>[39m
            [36m<strong>[39m
              [0m0[0m
            [36m</strong>[39m
          [36m</article>[39m
          [36m<article[39m
            [33mclass[39m=[32m"admin-kpi"[39m
          [36m>[39m
            [36m<span>[39m
              [0mThis Admin Removed Opportunities[0m
            [36m</span>[39m
            [36m<strong>[39m
              [0m0[0m
            [36m</strong>[39m
          [36m</article>[39m
        [36m</section>[39m
        [36m<section[39m
          [33mclass[39m=[32m"admin-content-row"[39m
        [36m>[39m
          [36m<section[39m
            [33maria-label[39m=[32m"Moderation queue"[39m
            [33mclass[39m=[32m"admin-panel"[39m
          [36m>[39m
            [36m<header[39m
              [33mclass[39m=[32m"admin-panel-head"[39m
            [36m>[39m
              [36m<h2>[39m
                [0mModeration Queue[0m
              [36m</h2>[39m
              [36m<button[39m
                [33mtype[39m=[32m"button"[39m
              [36m>[39m
                [0mView all[0m
              [36m</button>[39m
            [36m</header>[39m
            [36m<div[39m
              [33maria-label[39m=[32m"Listing type filter"[39m
              [33mclass[39m=[32m"admin-filter-row"[39m
              [33mrole[39m=[32m"tablist"[39m
            [36m>[39m
              [36m<button[39m
                [33maria-selected[39m=[32m"true"[39m
                [33mclass[39m=[32m"is-active"[39m
                [33mrole[39m=[32m"tab"[39m
                [33mtype[39m=[32m"button"[39m
              [36m>[39m
                [0mAll[0m
              [36m</button>[39m
              [36m<button[39m
                [33maria-selected[39m=[32m"false"[39m
                [33mclass[39m=[32m""[39m
                [33mrole[39m=[32m"tab"[39m
                [33mtype[39m=[32m"button"[39m
              [36m>[39m
                [0mInternship[0m
              [36m</button>[39m
              [36m<button[39m
                [33maria-selected[39m=[32m"false"[39m
                [33mclass[39m=[32m""[39m
                [33mrole[39m=[32m"tab"[39m
                [33mtype[39m=[32m"button"[39m
              [36m>[39m
                [0mLearnership[0m
              [36m</button>[39m
              [36m<button[39m
                [33maria-selected[39m=[32m"false"[39m
                [33mclass[39m=[32m""[39m
                [33mrole[39m=[32m"tab"[39m
                [33mtype[39m=[32m"button"[39m
              [36m>[39m
                [0mApprenticeship[0m
              [36m</button>[39m
            [36m</div>[39m
            [36m<div[39m
              [33mclass[39m=[32m"admin-note"[39m
            [36m/>[39m
            [36m<ul[39m
              [33mclass[39m=[32m"admin-list admin-list-scroll"[39m
            [36m>[39m
              [36m<li[39m
                [33mclass[39m=[32m"admin-list-item"[39m
              [36m>[39m
                [36m<button[39m
                  [33mclass[39m=[32m"admin-queue-card is-active"[39m
                  [33mtype[39m=[32m"button"[39m
                [36m>[39m
                  [36m<h3>[39m
                    [0mPending Listing For Approval[0m
                  [36m</h3>[39m
                  [36m<p>[39m
                    [0mProvider X[0m
                  [36m</p>[39m
                  [36m<div[39m
                    [33mclass[39m=[32m"admin-queue-meta"[39m
                  [36m>[39m
                    [36m<span>[39m
                      [0mLearnership[0m
                    [36m</span>[39m
                    [36m<span>[39m
                      [0mPolokwane[0m
                    [36m</span>[39m
                    [36m<span>[39m
                      [0m2026-06-20[0m
                    [36m</span>[39m
                  [36m</div>[39m
                [36m</button>[39m
                [36m<section[39m
                  [33maria-label[39m=[32m"Selected listing review 
panel"[39m
                  [33mclass[39m=[32m"admin-selection-panel"[39m
                [36m>[39m
                  [36m<h3>[39m
                    [0mSelected Listing[0m
                  [36m</h3>[39m
                  [36m<p>[39m
                    [0mPending Listing For Approval[0m
                  [36m</p>[39m
                  [36m<div[39m
                    [33mclass[39m=[32m"admin-review-actions"[39m
                  [36m>[39m
                    [36m<button[39m
                      [33mclass[39m=[32m"is-active"[39m
                      [33mtype[39m=[32m"button"[39m
                    [36m>[39m
                      [0mApprove[0m
                    [36m</button>[39m
                    [36m<button[39m
                      [33mclass[39m=[32m""[39m
                      [33mtype[39m=[32m"button"[39m
                    [36m>[39m
                      [0mRemove[0m
                    [36m</button>[39m
                  [36m</div>[39m
                  [36m<div[39m
                    [33mclass[39m=[32m"admin-confirm-panel"[39m
                  [36m>[39m
                    [36m<label[39m
                      [33mclass[39m=[32m"admin-removal-label"[39m
                      [33mfor[39m=[32m"action-reason-l-20"[39m
                    [36m>[39m
                      [0mApproval reason[0m
                    [36m</label>[39m
                    [36m<textarea[39m
                      [33mid[39m=[32m"action-reason-l-20"[39m
                      [33mplaceholder[39m=[32m"Explain why this listing 
should be approved."[39m
                      [33mrows[39m=[32m"3"[39m
                    [36m/>[39m
                    [36m<div[39m
                      [33mclass[39m=[32m"admin-confirm-actions"[39m
                    [36m>[39m
                      [36m<button[39m
                        [33mtype[39m=[32m"button"[39m
                      [36m>[39m
                        [0mConfirm Approve[0m
                      [36m</button>[39m
                      [36m<button[39m
                        [33mclass[39m=[32m"admin-ghost-btn"[39m
                        [33mtype[39m=[32m"button"[39m
                      [36m>[39m
                        [0mCancel[0m
                      [36m</button>[39m
                    [36m</div>[39m
                  [36m</div>[39m
                [36m</section>[39m
              [36m</li>[39m
            [36m</ul>[39m
          [36m</section>[39m
          [36m<section[39m
            [33mclass[39m=[32m"admin-modal-overlay"[39m
          [36m>[39m
            [36m<section[39m
              [33mclass[39m=[32m"admin-modal"[39m
            [36m>[39m
              [36m<h3>[39m
                [0mApprove[0m
                [0m Listing[0m
              [36m</h3>[39m
              [36m<p>[39m
                [36m<strong>[39m
                  [0mPending Listing For Approval[0m
                [36m</strong>[39m
              [36m</p>[39m
              [36m<label[39m
                [33mfor[39m=[32m"action-reason"[39m
              [36m>[39m
                [0mApproval[0m
                [0m reason[0m
                [36m<textarea[39m
                  [33mid[39m=[32m"action-reason"[39m
                  [33mplaceholder[39m=[32m"Explain why this listing should 
be approved."[39m
                  [33mrows[39m=[32m"4"[39m
                  [33mstyle[39m=[32m"width: 100%; padding: 8px; margin-top: 
8px;"[39m
                [36m/>[39m
              [36m</label>[39m
              [36m<div[39m
                [33mstyle[39m=[32m"display: flex; gap: 12px; margin-top: 
16px;"[39m
              [36m>[39m
                [36m<button[39m
                  [33mclass[39m=[32m"admin-button-secondary"[39m
                  [33mtype[39m=[32m"button"[39m
                [36m>[39m
                  [0mCancel[0m
                [36m</button>[39m
                [36m<button[39m
                  [33mclass[39m=[32m"admin-button-primary"[39m
                  [33mdisabled[39m=[32m""[39m
                  [33mtype[39m=[32m"button"[39m
                [36m>[39m
                  [0mConfirm Approve[0m
                [36m</button>[39m
              [36m</div>[39m
            [36m</section>[39m
          [36m</section>[39m
          [36m<aside[39m
            [33maria-label[39m=[32m"Quick actions"[39m
            [33mclass[39m=[32m"admin-panel admin-side-panel"[39m
          [36m>[39m
            [36m<h2>[39m
              [0mQuick Actions[0m
            [36m</h2>[39m
            [36m<nav[39m
              [33maria-label[39m=[32m"Admin quick actions"[39m
              [33mclass[39m=[32m"admin-action-list"[39m
            [36m>[39m
              [36m<button[39m
                [33mclass[39m=[32m"is-active"[39m
                [33mtype[39m=[32m"button"[39m
              [36m>[39m
                [0mApproved listings[0m
              [36m</button>[39m
              [36m<button[39m
                [33mclass[39m=[32m""[39m
                [33mtype[39m=[32m"button"[39m
              [36m>[39m
                [0mRemoved listings[0m
              [36m</button>[39m
            [36m</nav>[39m
            [36m<section[39m
              [33maria-label[39m=[32m"Admin action history"[39m
              [33mclass[39m=[32m"admin-history-panel"[39m
            [36m>[39m
              [36m<h3>[39m
                [0mApproved opportunities[0m
              [36m</h3>[39m
              [36m<p[39m
                [33mclass[39m=[32m"admin-note"[39m
              [36m>[39m
                [0mNo listings in this history yet.[0m
              [36m</p>[39m
            [36m</section>[39m
            [36m<p[39m
              [33mclass[39m=[32m"admin-note"[39m
            [36m>[39m
              [0mProvider listings are moderated here once they are approved 
into production flow.[0m
            [36m</p>[39m
          [36m</aside>[39m
        [36m</section>[39m
      [36m</section>[39m
    [36m</main>[39m
  [36m</div>[39m
[36m</body>[39m
[90m [2mΓ¥»[22m Object.getElementError 
node_modules/@testing-library/dom/dist/config.js:[2m37:19[22m[39m
[90m [2mΓ¥»[22m getElementError 
node_modules/@testing-library/dom/dist/query-helpers.js:[2m20:35[22m[39m
[90m [2mΓ¥»[22m getMultipleElementsFoundError 
node_modules/@testing-library/dom/dist/query-helpers.js:[2m23:10[22m[39m
[90m [2mΓ¥»[22m 
node_modules/@testing-library/dom/dist/query-helpers.js:[2m55:13[22m[39m
[90m [2mΓ¥»[22m 
node_modules/@testing-library/dom/dist/query-helpers.js:[2m95:19[22m[39m
[36m [2mΓ¥»[22m src/pages/AdminModerationQueue.test.jsx:[2m378:29[22m[39m
    [90m376|[39m
    [90m377|[39m     [90m// Enter reason and confirm in second modal[39m
    [90m378|[39m     fireEvent[33m.[39m[34mchange[39m(screen[33m.[39m[
34mgetByLabelText[39m([36m/approval reason/i[39m)[33m,[39m {
    [90m   |[39m                             [31m^[39m
    [90m379|[39m       target[33m:[39m { value[33m:[39m [32m'Meets 
quality and compliance checks'[39m }[33m,[39m
    [90m380|[39m     })

[31m[2mΓÄ»ΓÄ»ΓÄ»ΓÄ»ΓÄ»ΓÄ»ΓÄ»ΓÄ»ΓÄ»ΓÄ»ΓÄ»ΓÄ»ΓÄ»ΓÄ»ΓÄ»ΓÄ»ΓÄ»ΓÄ»ΓÄ»ΓÄ»ΓÄ»ΓÄ»ΓÄ»Γ
Ä»[1/5]ΓÄ»[22m[39m

[41m[1m FAIL [22m[49m src/pages/AdminModerationQueue.test.jsx[2m > 
[22mAdmin moderation queue TDD tests[2m > [22m9. remove action updates 
listing status and removes from queue
[31m[1mTestingLibraryElementError[22m[39m: Found multiple elements with 
the text of: /removal reason/i

Here are the matching elements:

Ignored nodes: comments, script, style
[36m<textarea[39m
  [33mid[39m=[32m"action-reason-l-21"[39m
  [33mplaceholder[39m=[32m"Explain why this listing should be removed."[39m
  [33mrows[39m=[32m"3"[39m
[36m/>[39m

Ignored nodes: comments, script, style
[36m<textarea[39m
  [33mid[39m=[32m"action-reason"[39m
  [33mplaceholder[39m=[32m"Explain why this listing should be removed."[39m
  [33mrows[39m=[32m"4"[39m
  [33mstyle[39m=[32m"width: 100%; padding: 8px; margin-top: 8px;"[39m
[36m/>[39m

(If this is intentional, then use the `*AllBy*` variant of the query (like 
`queryAllByText`, `getAllByText`, or `findAllByText`)).

Ignored nodes: comments, script, style
[36m<body>[39m
  [36m<div>[39m
    [36m<main[39m
      [33mclass[39m=[32m"admin-page"[39m
    [36m>[39m
      [36m<span[39m
        [33maria-hidden[39m=[32m"true"[39m
        [33mclass[39m=[32m"admin-grid-overlay"[39m
      [36m/>[39m
      [36m<section[39m
        [33mclass[39m=[32m"admin-shell"[39m
      [36m>[39m
        [36m<header[39m
          [33mclass[39m=[32m"admin-header-row"[39m
        [36m>[39m
          [36m<section[39m
            [33mclass[39m=[32m"admin-title-block"[39m
          [36m>[39m
            [36m<p[39m
              [33mclass[39m=[32m"mini-label"[39m
            [36m>[39m
              [0mAdmin Workspace[0m
            [36m</p>[39m
            [36m<h1>[39m
              [0mPlatform Moderation Console[0m
            [36m</h1>[39m
            [36m<p>[39m
              [0mReview opportunity quality, verify provider submissions, and 
keep listings aligned with policy and NQF requirements.[0m
            [36m</p>[39m
          [36m</section>[39m
          [36m<aside[39m
            [33maria-label[39m=[32m"Session status"[39m
            [33mclass[39m=[32m"admin-status-card"[39m
          [36m>[39m
            [36m<p>[39m
              [0mSigned in as[0m
            [36m</p>[39m
            [36m<strong>[39m
              [0mAdmin[0m
            [36m</strong>[39m
            [36m<span>[39m
              [0mGoogle OAuth session active[0m
            [36m</span>[39m
            [36m<button[39m
              [33mclass[39m=[32m"admin-btn"[39m
            [36m>[39m
              [0mLogout[0m
            [36m</button>[39m
          [36m</aside>[39m
        [36m</header>[39m
        [36m<section[39m
          [33maria-label[39m=[32m"Admin sections"[39m
          [33mclass[39m=[32m"admin-toolbar"[39m
        [36m>[39m
          [36m<nav[39m
            [33maria-label[39m=[32m"Admin tabs"[39m
            [33mclass[39m=[32m"admin-tab-list"[39m
            [33mrole[39m=[32m"tablist"[39m
          [36m>[39m
            [36m<button[39m
              [33maria-selected[39m=[32m"true"[39m
              [33mclass[39m=[32m"is-active"[39m
              [33mrole[39m=[32m"tab"[39m
              [33mtype[39m=[32m"button"[39m
            [36m>[39m
              [0mApprove/Remove Listings[0m
            [36m</button>[39m
            [36m<button[39m
              [33maria-selected[39m=[32m"false"[39m
              [33mclass[39m=[32m""[39m
              [33mrole[39m=[32m"tab"[39m
              [33mtype[39m=[32m"button"[39m
            [36m>[39m
              [0mDelete Listing[0m
            [36m</button>[39m
            [36m<button[39m
              [33maria-selected[39m=[32m"false"[39m
              [33mclass[39m=[32m""[39m
              [33mrole[39m=[32m"tab"[39m
              [33mtype[39m=[32m"button"[39m
            [36m>[39m
              [0mDelete User[0m
            [36m</button>[39m
          [36m</nav>[39m
          [36m<button[39m
            [33maria-label[39m=[32m"Download moderation CSV"[39m
            [33mclass[39m=[32m"admin-download-btn"[39m
            [33mtype[39m=[32m"button"[39m
          [36m>[39m
            [0mDownload CSV[0m
          [36m</button>[39m
        [36m</section>[39m
        [36m<section[39m
          [33maria-label[39m=[32m"Moderation metrics"[39m
          [33mclass[39m=[32m"admin-kpi-row"[39m
        [36m>[39m
          [36m<article[39m
            [33mclass[39m=[32m"admin-kpi"[39m
          [36m>[39m
            [36m<span>[39m
              [0mAll Pending Review[0m
            [36m</span>[39m
            [36m<strong>[39m
              [0m1[0m
            [36m</strong>[39m
          [36m</article>[39m
          [36m<article[39m
            [33mclass[39m=[32m"admin-kpi"[39m
          [36m>[39m
            [36m<span>[39m
              [0mThis Admin Approved Opportunities[0m
            [36m</span>[39m
            [36m<strong>[39m
              [0m0[0m
            [36m</strong>[39m
          [36m</article>[39m
          [36m<article[39m
            [33mclass[39m=[32m"admin-kpi"[39m
          [36m>[39m
            [36m<span>[39m
              [0mThis Admin Removed Opportunities[0m
            [36m</span>[39m
            [36m<strong>[39m
              [0m0[0m
            [36m</strong>[39m
          [36m</article>[39m
        [36m</section>[39m
        [36m<section[39m
          [33mclass[39m=[32m"admin-content-row"[39m
        [36m>[39m
          [36m<section[39m
            [33maria-label[39m=[32m"Moderation queue"[39m
            [33mclass[39m=[32m"admin-panel"[39m
          [36m>[39m
            [36m<header[39m
              [33mclass[39m=[32m"admin-panel-head"[39m
            [36m>[39m
              [36m<h2>[39m
                [0mModeration Queue[0m
              [36m</h2>[39m
              [36m<button[39m
                [33mtype[39m=[32m"button"[39m
              [36m>[39m
                [0mView all[0m
              [36m</button>[39m
            [36m</header>[39m
            [36m<div[39m
              [33maria-label[39m=[32m"Listing type filter"[39m
              [33mclass[39m=[32m"admin-filter-row"[39m
              [33mrole[39m=[32m"tablist"[39m
            [36m>[39m
              [36m<button[39m
                [33maria-selected[39m=[32m"true"[39m
                [33mclass[39m=[32m"is-active"[39m
                [33mrole[39m=[32m"tab"[39m
                [33mtype[39m=[32m"button"[39m
              [36m>[39m
                [0mAll[0m
              [36m</button>[39m
              [36m<button[39m
                [33maria-selected[39m=[32m"false"[39m
                [33mclass[39m=[32m""[39m
                [33mrole[39m=[32m"tab"[39m
                [33mtype[39m=[32m"button"[39m
              [36m>[39m
                [0mInternship[0m
              [36m</button>[39m
              [36m<button[39m
                [33maria-selected[39m=[32m"false"[39m
                [33mclass[39m=[32m""[39m
                [33mrole[39m=[32m"tab"[39m
                [33mtype[39m=[32m"button"[39m
              [36m>[39m
                [0mLearnership[0m
              [36m</button>[39m
              [36m<button[39m
                [33maria-selected[39m=[32m"false"[39m
                [33mclass[39m=[32m""[39m
                [33mrole[39m=[32m"tab"[39m
                [33mtype[39m=[32m"button"[39m
              [36m>[39m
                [0mApprenticeship[0m
              [36m</button>[39m
            [36m</div>[39m
            [36m<div[39m
              [33mclass[39m=[32m"admin-note"[39m
            [36m/>[39m
            [36m<ul[39m
              [33mclass[39m=[32m"admin-list admin-list-scroll"[39m
            [36m>[39m
              [36m<li[39m
                [33mclass[39m=[32m"admin-list-item"[39m
              [36m>[39m
                [36m<button[39m
                  [33mclass[39m=[32m"admin-queue-card is-active"[39m
                  [33mtype[39m=[32m"button"[39m
                [36m>[39m
                  [36m<h3>[39m
                    [0mPending Listing For Removal[0m
                  [36m</h3>[39m
                  [36m<p>[39m
                    [0mProvider Y[0m
                  [36m</p>[39m
                  [36m<div[39m
                    [33mclass[39m=[32m"admin-queue-meta"[39m
                  [36m>[39m
                    [36m<span>[39m
                      [0mInternship[0m
                    [36m</span>[39m
                    [36m<span>[39m
                      [0mBloemfontein[0m
                    [36m</span>[39m
                    [36m<span>[39m
                      [0m2026-06-21[0m
                    [36m</span>[39m
                  [36m</div>[39m
                [36m</button>[39m
                [36m<section[39m
                  [33maria-label[39m=[32m"Selected listing review 
panel"[39m
                  [33mclass[39m=[32m"admin-selection-panel"[39m
                [36m>[39m
                  [36m<h3>[39m
                    [0mSelected Listing[0m
                  [36m</h3>[39m
                  [36m<p>[39m
                    [0mPending Listing For Removal[0m
                  [36m</p>[39m
                  [36m<div[39m
                    [33mclass[39m=[32m"admin-review-actions"[39m
                  [36m>[39m
                    [36m<button[39m
                      [33mclass[39m=[32m""[39m
                      [33mtype[39m=[32m"button"[39m
                    [36m>[39m
                      [0mApprove[0m
                    [36m</button>[39m
                    [36m<button[39m
                      [33mclass[39m=[32m"is-active"[39m
                      [33mtype[39m=[32m"button"[39m
                    [36m>[39m
                      [0mRemove[0m
                    [36m</button>[39m
                  [36m</div>[39m
                  [36m<div[39m
                    [33mclass[39m=[32m"admin-confirm-panel"[39m
                  [36m>[39m
                    [36m<label[39m
                      [33mclass[39m=[32m"admin-removal-label"[39m
                      [33mfor[39m=[32m"action-reason-l-21"[39m
                    [36m>[39m
                      [0mRemoval reason[0m
                    [36m</label>[39m
                    [36m<textarea[39m
                      [33mid[39m=[32m"action-reason-l-21"[39m
                      [33mplaceholder[39m=[32m"Explain why this listing 
should be removed."[39m
                      [33mrows[39m=[32m"3"[39m
                    [36m/>[39m
                    [36m<div[39m
                      [33mclass[39m=[32m"admin-confirm-actions"[39m
                    [36m>[39m
                      [36m<button[39m
                        [33mtype[39m=[32m"button"[39m
                      [36m>[39m
                        [0mConfirm Remove[0m
                      [36m</button>[39m
                      [36m<button[39m
                        [33mclass[39m=[32m"admin-ghost-btn"[39m
                        [33mtype[39m=[32m"button"[39m
                      [36m>[39m
                        [0mCancel[0m
                      [36m</button>[39m
                    [36m</div>[39m
                  [36m</div>[39m
                [36m</section>[39m
              [36m</li>[39m
            [36m</ul>[39m
          [36m</section>[39m
          [36m<section[39m
            [33mclass[39m=[32m"admin-modal-overlay"[39m
          [36m>[39m
            [36m<section[39m
              [33mclass[39m=[32m"admin-modal"[39m
            [36m>[39m
              [36m<h3>[39m
                [0mRemove[0m
                [0m Listing[0m
              [36m</h3>[39m
              [36m<p>[39m
                [36m<strong>[39m
                  [0mPending Listing For Removal[0m
                [36m</strong>[39m
              [36m</p>[39m
              [36m<label[39m
                [33mfor[39m=[32m"action-reason"[39m
              [36m>[39m
                [0mRemoval[0m
                [0m reason[0m
                [36m<textarea[39m
                  [33mid[39m=[32m"action-reason"[39m
                  [33mplaceholder[39m=[32m"Explain why this listing should 
be removed."[39m
                  [33mrows[39m=[32m"4"[39m
                  [33mstyle[39m=[32m"width: 100%; padding: 8px; margin-top: 
8px;"[39m
                [36m/>[39m
              [36m</label>[39m
              [36m<div[39m
                [33mstyle[39m=[32m"display: flex; gap: 12px; margin-top: 
16px;"[39m
              [36m>[39m
                [36m<button[39m
                  [33mclass[39m=[32m"admin-button-secondary"[39m
                  [33mtype[39m=[32m"button"[39m
                [36m>[39m
                  [0mCancel[0m
                [36m</button>[39m
                [36m<button[39m
                  [33mclass[39m=[32m"admin-button-primary"[39m
                  [33mdisabled[39m=[32m""[39m
                  [33mtype[39m=[32m"button"[39m
                [36m>[39m
                  [0mConfirm Remove[0m
                [36m</button>[39m
              [36m</div>[39m
            [36m</section>[39m
          [36m</section>[39m
          [36m<aside[39m
            [33maria-label[39m=[32m"Quick actions"[39m
            [33mclass[39m=[32m"admin-panel admin-side-panel"[39m
          [36m>[39m
            [36m<h2>[39m
              [0mQuick Actions[0m
            [36m</h2>[39m
            [36m<nav[39m
              [33maria-label[39m=[32m"Admin quick actions"[39m
              [33mclass[39m=[32m"admin-action-list"[39m
            [36m>[39m
              [36m<button[39m
                [33mclass[39m=[32m"is-active"[39m
                [33mtype[39m=[32m"button"[39m
              [36m>[39m
                [0mApproved listings[0m
              [36m</button>[39m
              [36m<button[39m
                [33mclass[39m=[32m""[39m
                [33mtype[39m=[32m"button"[39m
              [36m>[39m
                [0mRemoved listings[0m
              [36m</button>[39m
            [36m</nav>[39m
            [36m<section[39m
              [33maria-label[39m=[32m"Admin action history"[39m
              [33mclass[39m=[32m"admin-history-panel"[39m
            [36m>[39m
              [36m<h3>[39m
                [0mApproved opportunities[0m
              [36m</h3>[39m
              [36m<p[39m
                [33mclass[39m=[32m"admin-note"[39m
              [36m>[39m
                [0mNo listings in this history yet.[0m
              [36m</p>[39m
            [36m</section>[39m
            [36m<p[39m
              [33mclass[39m=[32m"admin-note"[39m
            [36m>[39m
              [0mProvider listings are moderated here once they are approved 
into production flow.[0m
            [36m</p>[39m
          [36m</aside>[39m
        [36m</section>[39m
      [36m</section>[39m
    [36m</main>[39m
  [36m</div>[39m
[36m</body>[39m
[90m [2mΓ¥»[22m Object.getElementError 
node_modules/@testing-library/dom/dist/config.js:[2m37:19[22m[39m
[90m [2mΓ¥»[22m getElementError 
node_modules/@testing-library/dom/dist/query-helpers.js:[2m20:35[22m[39m
[90m [2mΓ¥»[22m getMultipleElementsFoundError 
node_modules/@testing-library/dom/dist/query-helpers.js:[2m23:10[22m[39m
[90m [2mΓ¥»[22m 
node_modules/@testing-library/dom/dist/query-helpers.js:[2m55:13[22m[39m
[90m [2mΓ¥»[22m 
node_modules/@testing-library/dom/dist/query-helpers.js:[2m95:19[22m[39m
[36m [2mΓ¥»[22m src/pages/AdminModerationQueue.test.jsx:[2m405:29[22m[39m
    [90m403|[39m
    [90m404|[39m     [90m// Enter reason and confirm in second modal[39m
    [90m405|[39m     fireEvent[33m.[39m[34mchange[39m(screen[33m.[39m[
34mgetByLabelText[39m([36m/removal reason/i[39m)[33m,[39m {
    [90m   |[39m                             [31m^[39m
    [90m406|[39m       target[33m:[39m { value[33m:[39m [32m'Duplicate 
listing'[39m }[33m,[39m
    [90m407|[39m     })

[31m[2mΓÄ»ΓÄ»ΓÄ»ΓÄ»ΓÄ»ΓÄ»ΓÄ»ΓÄ»ΓÄ»ΓÄ»ΓÄ»ΓÄ»ΓÄ»ΓÄ»ΓÄ»ΓÄ»ΓÄ»ΓÄ»ΓÄ»ΓÄ»ΓÄ»ΓÄ»ΓÄ»Γ
Ä»[2/5]ΓÄ»[22m[39m

[41m[1m FAIL [22m[49m src/pages/AdminModerationQueue.test.jsx[2m > 
[22mAdmin moderation queue TDD tests[2m > [22m10. approve action is logged 
in admin_actions payload
[31m[1mTestingLibraryElementError[22m[39m: Found multiple elements with 
the text of: /approval reason/i

Here are the matching elements:

Ignored nodes: comments, script, style
[36m<textarea[39m
  [33mid[39m=[32m"action-reason-l-30"[39m
  [33mplaceholder[39m=[32m"Explain why this listing should be 
approved."[39m
  [33mrows[39m=[32m"3"[39m
[36m/>[39m

Ignored nodes: comments, script, style
[36m<textarea[39m
  [33mid[39m=[32m"action-reason"[39m
  [33mplaceholder[39m=[32m"Explain why this listing should be 
approved."[39m
  [33mrows[39m=[32m"4"[39m
  [33mstyle[39m=[32m"width: 100%; padding: 8px; margin-top: 8px;"[39m
[36m/>[39m

(If this is intentional, then use the `*AllBy*` variant of the query (like 
`queryAllByText`, `getAllByText`, or `findAllByText`)).

Ignored nodes: comments, script, style
[36m<body>[39m
  [36m<div>[39m
    [36m<main[39m
      [33mclass[39m=[32m"admin-page"[39m
    [36m>[39m
      [36m<span[39m
        [33maria-hidden[39m=[32m"true"[39m
        [33mclass[39m=[32m"admin-grid-overlay"[39m
      [36m/>[39m
      [36m<section[39m
        [33mclass[39m=[32m"admin-shell"[39m
      [36m>[39m
        [36m<header[39m
          [33mclass[39m=[32m"admin-header-row"[39m
        [36m>[39m
          [36m<section[39m
            [33mclass[39m=[32m"admin-title-block"[39m
          [36m>[39m
            [36m<p[39m
              [33mclass[39m=[32m"mini-label"[39m
            [36m>[39m
              [0mAdmin Workspace[0m
            [36m</p>[39m
            [36m<h1>[39m
              [0mPlatform Moderation Console[0m
            [36m</h1>[39m
            [36m<p>[39m
              [0mReview opportunity quality, verify provider submissions, and 
keep listings aligned with policy and NQF requirements.[0m
            [36m</p>[39m
          [36m</section>[39m
          [36m<aside[39m
            [33maria-label[39m=[32m"Session status"[39m
            [33mclass[39m=[32m"admin-status-card"[39m
          [36m>[39m
            [36m<p>[39m
              [0mSigned in as[0m
            [36m</p>[39m
            [36m<strong>[39m
              [0mAdmin[0m
            [36m</strong>[39m
            [36m<span>[39m
              [0mGoogle OAuth session active[0m
            [36m</span>[39m
            [36m<button[39m
              [33mclass[39m=[32m"admin-btn"[39m
            [36m>[39m
              [0mLogout[0m
            [36m</button>[39m
          [36m</aside>[39m
        [36m</header>[39m
        [36m<section[39m
          [33maria-label[39m=[32m"Admin sections"[39m
          [33mclass[39m=[32m"admin-toolbar"[39m
        [36m>[39m
          [36m<nav[39m
            [33maria-label[39m=[32m"Admin tabs"[39m
            [33mclass[39m=[32m"admin-tab-list"[39m
            [33mrole[39m=[32m"tablist"[39m
          [36m>[39m
            [36m<button[39m
              [33maria-selected[39m=[32m"true"[39m
              [33mclass[39m=[32m"is-active"[39m
              [33mrole[39m=[32m"tab"[39m
              [33mtype[39m=[32m"button"[39m
            [36m>[39m
              [0mApprove/Remove Listings[0m
            [36m</button>[39m
            [36m<button[39m
              [33maria-selected[39m=[32m"false"[39m
              [33mclass[39m=[32m""[39m
              [33mrole[39m=[32m"tab"[39m
              [33mtype[39m=[32m"button"[39m
            [36m>[39m
              [0mDelete Listing[0m
            [36m</button>[39m
            [36m<button[39m
              [33maria-selected[39m=[32m"false"[39m
              [33mclass[39m=[32m""[39m
              [33mrole[39m=[32m"tab"[39m
              [33mtype[39m=[32m"button"[39m
            [36m>[39m
              [0mDelete User[0m
            [36m</button>[39m
          [36m</nav>[39m
          [36m<button[39m
            [33maria-label[39m=[32m"Download moderation CSV"[39m
            [33mclass[39m=[32m"admin-download-btn"[39m
            [33mtype[39m=[32m"button"[39m
          [36m>[39m
            [0mDownload CSV[0m
          [36m</button>[39m
        [36m</section>[39m
        [36m<section[39m
          [33maria-label[39m=[32m"Moderation metrics"[39m
          [33mclass[39m=[32m"admin-kpi-row"[39m
        [36m>[39m
          [36m<article[39m
            [33mclass[39m=[32m"admin-kpi"[39m
          [36m>[39m
            [36m<span>[39m
              [0mAll Pending Review[0m
            [36m</span>[39m
            [36m<strong>[39m
              [0m1[0m
            [36m</strong>[39m
          [36m</article>[39m
          [36m<article[39m
            [33mclass[39m=[32m"admin-kpi"[39m
          [36m>[39m
            [36m<span>[39m
              [0mThis Admin Approved Opportunities[0m
            [36m</span>[39m
            [36m<strong>[39m
              [0m0[0m
            [36m</strong>[39m
          [36m</article>[39m
          [36m<article[39m
            [33mclass[39m=[32m"admin-kpi"[39m
          [36m>[39m
            [36m<span>[39m
              [0mThis Admin Removed Opportunities[0m
            [36m</span>[39m
            [36m<strong>[39m
              [0m0[0m
            [36m</strong>[39m
          [36m</article>[39m
        [36m</section>[39m
        [36m<section[39m
          [33mclass[39m=[32m"admin-content-row"[39m
        [36m>[39m
          [36m<section[39m
            [33maria-label[39m=[32m"Moderation queue"[39m
            [33mclass[39m=[32m"admin-panel"[39m
          [36m>[39m
            [36m<header[39m
              [33mclass[39m=[32m"admin-panel-head"[39m
            [36m>[39m
              [36m<h2>[39m
                [0mModeration Queue[0m
              [36m</h2>[39m
              [36m<button[39m
                [33mtype[39m=[32m"button"[39m
              [36m>[39m
                [0mView all[0m
              [36m</button>[39m
            [36m</header>[39m
            [36m<div[39m
              [33maria-label[39m=[32m"Listing type filter"[39m
              [33mclass[39m=[32m"admin-filter-row"[39m
              [33mrole[39m=[32m"tablist"[39m
            [36m>[39m
              [36m<button[39m
                [33maria-selected[39m=[32m"true"[39m
                [33mclass[39m=[32m"is-active"[39m
                [33mrole[39m=[32m"tab"[39m
                [33mtype[39m=[32m"button"[39m
              [36m>[39m
                [0mAll[0m
              [36m</button>[39m
              [36m<button[39m
                [33maria-selected[39m=[32m"false"[39m
                [33mclass[39m=[32m""[39m
                [33mrole[39m=[32m"tab"[39m
                [33mtype[39m=[32m"button"[39m
              [36m>[39m
                [0mInternship[0m
              [36m</button>[39m
              [36m<button[39m
                [33maria-selected[39m=[32m"false"[39m
                [33mclass[39m=[32m""[39m
                [33mrole[39m=[32m"tab"[39m
                [33mtype[39m=[32m"button"[39m
              [36m>[39m
                [0mLearnership[0m
              [36m</button>[39m
              [36m<button[39m
                [33maria-selected[39m=[32m"false"[39m
                [33mclass[39m=[32m""[39m
                [33mrole[39m=[32m"tab"[39m
                [33mtype[39m=[32m"button"[39m
              [36m>[39m
                [0mApprenticeship[0m
              [36m</button>[39m
            [36m</div>[39m
            [36m<div[39m
              [33mclass[39m=[32m"admin-note"[39m
            [36m/>[39m
            [36m<ul[39m
              [33mclass[39m=[32m"admin-list admin-list-scroll"[39m
            [36m>[39m
              [36m<li[39m
                [33mclass[39m=[32m"admin-list-item"[39m
              [36m>[39m
                [36m<button[39m
                  [33mclass[39m=[32m"admin-queue-card is-active"[39m
                  [33mtype[39m=[32m"button"[39m
                [36m>[39m
                  [36m<h3>[39m
                    [0mPending Log Approval Listing[0m
                  [36m</h3>[39m
                  [36m<p>[39m
                    [0mProvider Z[0m
                  [36m</p>[39m
                  [36m<div[39m
                    [33mclass[39m=[32m"admin-queue-meta"[39m
                  [36m>[39m
                    [36m<span>[39m
                      [0mLearnership[0m
                    [36m</span>[39m
                    [36m<span>[39m
                      [0mKimberley[0m
                    [36m</span>[39m
                    [36m<span>[39m
                      [0m2026-07-01[0m
                    [36m</span>[39m
                  [36m</div>[39m
                [36m</button>[39m
                [36m<section[39m
                  [33maria-label[39m=[32m"Selected listing review 
panel"[39m
                  [33mclass[39m=[32m"admin-selection-panel"[39m
                [36m>[39m
                  [36m<h3>[39m
                    [0mSelected Listing[0m
                  [36m</h3>[39m
                  [36m<p>[39m
                    [0mPending Log Approval Listing[0m
                  [36m</p>[39m
                  [36m<div[39m
                    [33mclass[39m=[32m"admin-review-actions"[39m
                  [36m>[39m
                    [36m<button[39m
                      [33mclass[39m=[32m"is-active"[39m
                      [33mtype[39m=[32m"button"[39m
                    [36m>[39m
                      [0mApprove[0m
                    [36m</button>[39m
                    [36m<button[39m
                      [33mclass[39m=[32m""[39m
                      [33mtype[39m=[32m"button"[39m
                    [36m>[39m
                      [0mRemove[0m
                    [36m</button>[39m
                  [36m</div>[39m
                  [36m<div[39m
                    [33mclass[39m=[32m"admin-confirm-panel"[39m
                  [36m>[39m
                    [36m<label[39m
                      [33mclass[39m=[32m"admin-removal-label"[39m
                      [33mfor[39m=[32m"action-reason-l-30"[39m
                    [36m>[39m
                      [0mApproval reason[0m
                    [36m</label>[39m
                    [36m<textarea[39m
                      [33mid[39m=[32m"action-reason-l-30"[39m
                      [33mplaceholder[39m=[32m"Explain why this listing 
should be approved."[39m
                      [33mrows[39m=[32m"3"[39m
                    [36m/>[39m
                    [36m<div[39m
                      [33mclass[39m=[32m"admin-confirm-actions"[39m
                    [36m>[39m
                      [36m<button[39m
                        [33mtype[39m=[32m"button"[39m
                      [36m>[39m
                        [0mConfirm Approve[0m
                      [36m</button>[39m
                      [36m<button[39m
                        [33mclass[39m=[32m"admin-ghost-btn"[39m
                        [33mtype[39m=[32m"button"[39m
                      [36m>[39m
                        [0mCancel[0m
                      [36m</button>[39m
                    [36m</div>[39m
                  [36m</div>[39m
                [36m</section>[39m
              [36m</li>[39m
            [36m</ul>[39m
          [36m</section>[39m
          [36m<section[39m
            [33mclass[39m=[32m"admin-modal-overlay"[39m
          [36m>[39m
            [36m<section[39m
              [33mclass[39m=[32m"admin-modal"[39m
            [36m>[39m
              [36m<h3>[39m
                [0mApprove[0m
                [0m Listing[0m
              [36m</h3>[39m
              [36m<p>[39m
                [36m<strong>[39m
                  [0mPending Log Approval Listing[0m
                [36m</strong>[39m
              [36m</p>[39m
              [36m<label[39m
                [33mfor[39m=[32m"action-reason"[39m
              [36m>[39m
                [0mApproval[0m
                [0m reason[0m
                [36m<textarea[39m
                  [33mid[39m=[32m"action-reason"[39m
                  [33mplaceholder[39m=[32m"Explain why this listing should 
be approved."[39m
                  [33mrows[39m=[32m"4"[39m
                  [33mstyle[39m=[32m"width: 100%; padding: 8px; margin-top: 
8px;"[39m
                [36m/>[39m
              [36m</label>[39m
              [36m<div[39m
                [33mstyle[39m=[32m"display: flex; gap: 12px; margin-top: 
16px;"[39m
              [36m>[39m
                [36m<button[39m
                  [33mclass[39m=[32m"admin-button-secondary"[39m
                  [33mtype[39m=[32m"button"[39m
                [36m>[39m
                  [0mCancel[0m
                [36m</button>[39m
                [36m<button[39m
                  [33mclass[39m=[32m"admin-button-primary"[39m
                  [33mdisabled[39m=[32m""[39m
                  [33mtype[39m=[32m"button"[39m
                [36m>[39m
                  [0mConfirm Approve[0m
                [36m</button>[39m
              [36m</div>[39m
            [36m</section>[39m
          [36m</section>[39m
          [36m<aside[39m
            [33maria-label[39m=[32m"Quick actions"[39m
            [33mclass[39m=[32m"admin-panel admin-side-panel"[39m
          [36m>[39m
            [36m<h2>[39m
              [0mQuick Actions[0m
            [36m</h2>[39m
            [36m<nav[39m
              [33maria-label[39m=[32m"Admin quick actions"[39m
              [33mclass[39m=[32m"admin-action-list"[39m
            [36m>[39m
              [36m<button[39m
                [33mclass[39m=[32m"is-active"[39m
                [33mtype[39m=[32m"button"[39m
              [36m>[39m
                [0mApproved listings[0m
              [36m</button>[39m
              [36m<button[39m
                [33mclass[39m=[32m""[39m
                [33mtype[39m=[32m"button"[39m
              [36m>[39m
                [0mRemoved listings[0m
              [36m</button>[39m
            [36m</nav>[39m
            [36m<section[39m
              [33maria-label[39m=[32m"Admin action history"[39m
              [33mclass[39m=[32m"admin-history-panel"[39m
            [36m>[39m
              [36m<h3>[39m
                [0mApproved opportunities[0m
              [36m</h3>[39m
              [36m<p[39m
                [33mclass[39m=[32m"admin-note"[39m
              [36m>[39m
                [0mNo listings in this history yet.[0m
              [36m</p>[39m
            [36m</section>[39m
            [36m<p[39m
              [33mclass[39m=[32m"admin-note"[39m
            [36m>[39m
              [0mProvider listings are moderated here once they are approved 
into production flow.[0m
            [36m</p>[39m
          [36m</aside>[39m
        [36m</section>[39m
      [36m</section>[39m
    [36m</main>[39m
  [36m</div>[39m
[36m</body>[39m
[90m [2mΓ¥»[22m Object.getElementError 
node_modules/@testing-library/dom/dist/config.js:[2m37:19[22m[39m
[90m [2mΓ¥»[22m getElementError 
node_modules/@testing-library/dom/dist/query-helpers.js:[2m20:35[22m[39m
[90m [2mΓ¥»[22m getMultipleElementsFoundError 
node_modules/@testing-library/dom/dist/query-helpers.js:[2m23:10[22m[39m
[90m [2mΓ¥»[22m 
node_modules/@testing-library/dom/dist/query-helpers.js:[2m55:13[22m[39m
[90m [2mΓ¥»[22m 
node_modules/@testing-library/dom/dist/query-helpers.js:[2m95:19[22m[39m
[36m [2mΓ¥»[22m src/pages/AdminModerationQueue.test.jsx:[2m432:29[22m[39m
    [90m430|[39m
    [90m431|[39m     [90m// Enter reason and confirm in second modal[39m
    [90m432|[39m     fireEvent[33m.[39m[34mchange[39m(screen[33m.[39m[
34mgetByLabelText[39m([36m/approval reason/i[39m)[33m,[39m {
    [90m   |[39m                             [31m^[39m
    [90m433|[39m       target[33m:[39m { value[33m:[39m [32m'Verified 
listing content and dates'[39m }[33m,[39m
    [90m434|[39m     })

[31m[2mΓÄ»ΓÄ»ΓÄ»ΓÄ»ΓÄ»ΓÄ»ΓÄ»ΓÄ»ΓÄ»ΓÄ»ΓÄ»ΓÄ»ΓÄ»ΓÄ»ΓÄ»ΓÄ»ΓÄ»ΓÄ»ΓÄ»ΓÄ»ΓÄ»ΓÄ»ΓÄ»Γ
Ä»[3/5]ΓÄ»[22m[39m

[41m[1m FAIL [22m[49m src/pages/AdminModerationQueue.test.jsx[2m > 
[22mAdmin moderation queue TDD tests[2m > [22m11. remove action is logged 
in admin_actions payload
[31m[1mTestingLibraryElementError[22m[39m: Found multiple elements with 
the text of: /removal reason/i

Here are the matching elements:

Ignored nodes: comments, script, style
[36m<textarea[39m
  [33mid[39m=[32m"action-reason-l-31"[39m
  [33mplaceholder[39m=[32m"Explain why this listing should be removed."[39m
  [33mrows[39m=[32m"3"[39m
[36m/>[39m

Ignored nodes: comments, script, style
[36m<textarea[39m
  [33mid[39m=[32m"action-reason"[39m
  [33mplaceholder[39m=[32m"Explain why this listing should be removed."[39m
  [33mrows[39m=[32m"4"[39m
  [33mstyle[39m=[32m"width: 100%; padding: 8px; margin-top: 8px;"[39m
[36m/>[39m

(If this is intentional, then use the `*AllBy*` variant of the query (like 
`queryAllByText`, `getAllByText`, or `findAllByText`)).

Ignored nodes: comments, script, style
[36m<body>[39m
  [36m<div>[39m
    [36m<main[39m
      [33mclass[39m=[32m"admin-page"[39m
    [36m>[39m
      [36m<span[39m
        [33maria-hidden[39m=[32m"true"[39m
        [33mclass[39m=[32m"admin-grid-overlay"[39m
      [36m/>[39m
      [36m<section[39m
        [33mclass[39m=[32m"admin-shell"[39m
      [36m>[39m
        [36m<header[39m
          [33mclass[39m=[32m"admin-header-row"[39m
        [36m>[39m
          [36m<section[39m
            [33mclass[39m=[32m"admin-title-block"[39m
          [36m>[39m
            [36m<p[39m
              [33mclass[39m=[32m"mini-label"[39m
            [36m>[39m
              [0mAdmin Workspace[0m
            [36m</p>[39m
            [36m<h1>[39m
              [0mPlatform Moderation Console[0m
            [36m</h1>[39m
            [36m<p>[39m
              [0mReview opportunity quality, verify provider submissions, and 
keep listings aligned with policy and NQF requirements.[0m
            [36m</p>[39m
          [36m</section>[39m
          [36m<aside[39m
            [33maria-label[39m=[32m"Session status"[39m
            [33mclass[39m=[32m"admin-status-card"[39m
          [36m>[39m
            [36m<p>[39m
              [0mSigned in as[0m
            [36m</p>[39m
            [36m<strong>[39m
              [0mAdmin[0m
            [36m</strong>[39m
            [36m<span>[39m
              [0mGoogle OAuth session active[0m
            [36m</span>[39m
            [36m<button[39m
              [33mclass[39m=[32m"admin-btn"[39m
            [36m>[39m
              [0mLogout[0m
            [36m</button>[39m
          [36m</aside>[39m
        [36m</header>[39m
        [36m<section[39m
          [33maria-label[39m=[32m"Admin sections"[39m
          [33mclass[39m=[32m"admin-toolbar"[39m
        [36m>[39m
          [36m<nav[39m
            [33maria-label[39m=[32m"Admin tabs"[39m
            [33mclass[39m=[32m"admin-tab-list"[39m
            [33mrole[39m=[32m"tablist"[39m
          [36m>[39m
            [36m<button[39m
              [33maria-selected[39m=[32m"true"[39m
              [33mclass[39m=[32m"is-active"[39m
              [33mrole[39m=[32m"tab"[39m
              [33mtype[39m=[32m"button"[39m
            [36m>[39m
              [0mApprove/Remove Listings[0m
            [36m</button>[39m
            [36m<button[39m
              [33maria-selected[39m=[32m"false"[39m
              [33mclass[39m=[32m""[39m
              [33mrole[39m=[32m"tab"[39m
              [33mtype[39m=[32m"button"[39m
            [36m>[39m
              [0mDelete Listing[0m
            [36m</button>[39m
            [36m<button[39m
              [33maria-selected[39m=[32m"false"[39m
              [33mclass[39m=[32m""[39m
              [33mrole[39m=[32m"tab"[39m
              [33mtype[39m=[32m"button"[39m
            [36m>[39m
              [0mDelete User[0m
            [36m</button>[39m
          [36m</nav>[39m
          [36m<button[39m
            [33maria-label[39m=[32m"Download moderation CSV"[39m
            [33mclass[39m=[32m"admin-download-btn"[39m
            [33mtype[39m=[32m"button"[39m
          [36m>[39m
            [0mDownload CSV[0m
          [36m</button>[39m
        [36m</section>[39m
        [36m<section[39m
          [33maria-label[39m=[32m"Moderation metrics"[39m
          [33mclass[39m=[32m"admin-kpi-row"[39m
        [36m>[39m
          [36m<article[39m
            [33mclass[39m=[32m"admin-kpi"[39m
          [36m>[39m
            [36m<span>[39m
              [0mAll Pending Review[0m
            [36m</span>[39m
            [36m<strong>[39m
              [0m1[0m
            [36m</strong>[39m
          [36m</article>[39m
          [36m<article[39m
            [33mclass[39m=[32m"admin-kpi"[39m
          [36m>[39m
            [36m<span>[39m
              [0mThis Admin Approved Opportunities[0m
            [36m</span>[39m
            [36m<strong>[39m
              [0m0[0m
            [36m</strong>[39m
          [36m</article>[39m
          [36m<article[39m
            [33mclass[39m=[32m"admin-kpi"[39m
          [36m>[39m
            [36m<span>[39m
              [0mThis Admin Removed Opportunities[0m
            [36m</span>[39m
            [36m<strong>[39m
              [0m0[0m
            [36m</strong>[39m
          [36m</article>[39m
        [36m</section>[39m
        [36m<section[39m
          [33mclass[39m=[32m"admin-content-row"[39m
        [36m>[39m
          [36m<section[39m
            [33maria-label[39m=[32m"Moderation queue"[39m
            [33mclass[39m=[32m"admin-panel"[39m
          [36m>[39m
            [36m<header[39m
              [33mclass[39m=[32m"admin-panel-head"[39m
            [36m>[39m
              [36m<h2>[39m
                [0mModeration Queue[0m
              [36m</h2>[39m
              [36m<button[39m
                [33mtype[39m=[32m"button"[39m
              [36m>[39m
                [0mView all[0m
              [36m</button>[39m
            [36m</header>[39m
            [36m<div[39m
              [33maria-label[39m=[32m"Listing type filter"[39m
              [33mclass[39m=[32m"admin-filter-row"[39m
              [33mrole[39m=[32m"tablist"[39m
            [36m>[39m
              [36m<button[39m
                [33maria-selected[39m=[32m"true"[39m
                [33mclass[39m=[32m"is-active"[39m
                [33mrole[39m=[32m"tab"[39m
                [33mtype[39m=[32m"button"[39m
              [36m>[39m
                [0mAll[0m
              [36m</button>[39m
              [36m<button[39m
                [33maria-selected[39m=[32m"false"[39m
                [33mclass[39m=[32m""[39m
                [33mrole[39m=[32m"tab"[39m
                [33mtype[39m=[32m"button"[39m
              [36m>[39m
                [0mInternship[0m
              [36m</button>[39m
              [36m<button[39m
                [33maria-selected[39m=[32m"false"[39m
                [33mclass[39m=[32m""[39m
                [33mrole[39m=[32m"tab"[39m
                [33mtype[39m=[32m"button"[39m
              [36m>[39m
                [0mLearnership[0m
              [36m</button>[39m
              [36m<button[39m
                [33maria-selected[39m=[32m"false"[39m
                [33mclass[39m=[32m""[39m
                [33mrole[39m=[32m"tab"[39m
                [33mtype[39m=[32m"button"[39m
              [36m>[39m
                [0mApprenticeship[0m
              [36m</button>[39m
            [36m</div>[39m
            [36m<div[39m
              [33mclass[39m=[32m"admin-note"[39m
            [36m/>[39m
            [36m<ul[39m
              [33mclass[39m=[32m"admin-list admin-list-scroll"[39m
            [36m>[39m
              [36m<li[39m
                [33mclass[39m=[32m"admin-list-item"[39m
              [36m>[39m
                [36m<button[39m
                  [33mclass[39m=[32m"admin-queue-card is-active"[39m
                  [33mtype[39m=[32m"button"[39m
                [36m>[39m
                  [36m<h3>[39m
                    [0mPending Log Remove Listing[0m
                  [36m</h3>[39m
                  [36m<p>[39m
                    [0mProvider Z2[0m
                  [36m</p>[39m
                  [36m<div[39m
                    [33mclass[39m=[32m"admin-queue-meta"[39m
                  [36m>[39m
                    [36m<span>[39m
                      [0mApprenticeship[0m
                    [36m</span>[39m
                    [36m<span>[39m
                      [0mGqeberha[0m
                    [36m</span>[39m
                    [36m<span>[39m
                      [0m2026-07-03[0m
                    [36m</span>[39m
                  [36m</div>[39m
                [36m</button>[39m
                [36m<section[39m
                  [33maria-label[39m=[32m"Selected listing review 
panel"[39m
                  [33mclass[39m=[32m"admin-selection-panel"[39m
                [36m>[39m
                  [36m<h3>[39m
                    [0mSelected Listing[0m
                  [36m</h3>[39m
                  [36m<p>[39m
                    [0mPending Log Remove Listing[0m
                  [36m</p>[39m
                  [36m<div[39m
                    [33mclass[39m=[32m"admin-review-actions"[39m
                  [36m>[39m
                    [36m<button[39m
                      [33mclass[39m=[32m""[39m
                      [33mtype[39m=[32m"button"[39m
                    [36m>[39m
                      [0mApprove[0m
                    [36m</button>[39m
                    [36m<button[39m
                      [33mclass[39m=[32m"is-active"[39m
                      [33mtype[39m=[32m"button"[39m
                    [36m>[39m
                      [0mRemove[0m
                    [36m</button>[39m
                  [36m</div>[39m
                  [36m<div[39m
                    [33mclass[39m=[32m"admin-confirm-panel"[39m
                  [36m>[39m
                    [36m<label[39m
                      [33mclass[39m=[32m"admin-removal-label"[39m
                      [33mfor[39m=[32m"action-reason-l-31"[39m
                    [36m>[39m
                      [0mRemoval reason[0m
                    [36m</label>[39m
                    [36m<textarea[39m
                      [33mid[39m=[32m"action-reason-l-31"[39m
                      [33mplaceholder[39m=[32m"Explain why this listing 
should be removed."[39m
                      [33mrows[39m=[32m"3"[39m
                    [36m/>[39m
                    [36m<div[39m
                      [33mclass[39m=[32m"admin-confirm-actions"[39m
                    [36m>[39m
                      [36m<button[39m
                        [33mtype[39m=[32m"button"[39m
                      [36m>[39m
                        [0mConfirm Remove[0m
                      [36m</button>[39m
                      [36m<button[39m
                        [33mclass[39m=[32m"admin-ghost-btn"[39m
                        [33mtype[39m=[32m"button"[39m
                      [36m>[39m
                        [0mCancel[0m
                      [36m</button>[39m
                    [36m</div>[39m
                  [36m</div>[39m
                [36m</section>[39m
              [36m</li>[39m
            [36m</ul>[39m
          [36m</section>[39m
          [36m<section[39m
            [33mclass[39m=[32m"admin-modal-overlay"[39m
          [36m>[39m
            [36m<section[39m
              [33mclass[39m=[32m"admin-modal"[39m
            [36m>[39m
              [36m<h3>[39m
                [0mRemove[0m
                [0m Listing[0m
              [36m</h3>[39m
              [36m<p>[39m
                [36m<strong>[39m
                  [0mPending Log Remove Listing[0m
                [36m</strong>[39m
              [36m</p>[39m
              [36m<label[39m
                [33mfor[39m=[32m"action-reason"[39m
              [36m>[39m
                [0mRemoval[0m
                [0m reason[0m
                [36m<textarea[39m
                  [33mid[39m=[32m"action-reason"[39m
                  [33mplaceholder[39m=[32m"Explain why this listing should 
be removed."[39m
                  [33mrows[39m=[32m"4"[39m
                  [33mstyle[39m=[32m"width: 100%; padding: 8px; margin-top: 
8px;"[39m
                [36m/>[39m
              [36m</label>[39m
              [36m<div[39m
                [33mstyle[39m=[32m"display: flex; gap: 12px; margin-top: 
16px;"[39m
              [36m>[39m
                [36m<button[39m
                  [33mclass[39m=[32m"admin-button-secondary"[39m
                  [33mtype[39m=[32m"button"[39m
                [36m>[39m
                  [0mCancel[0m
                [36m</button>[39m
                [36m<button[39m
                  [33mclass[39m=[32m"admin-button-primary"[39m
                  [33mdisabled[39m=[32m""[39m
                  [33mtype[39m=[32m"button"[39m
                [36m>[39m
                  [0mConfirm Remove[0m
                [36m</button>[39m
              [36m</div>[39m
            [36m</section>[39m
          [36m</section>[39m
          [36m<aside[39m
            [33maria-label[39m=[32m"Quick actions"[39m
            [33mclass[39m=[32m"admin-panel admin-side-panel"[39m
          [36m>[39m
            [36m<h2>[39m
              [0mQuick Actions[0m
            [36m</h2>[39m
            [36m<nav[39m
              [33maria-label[39m=[32m"Admin quick actions"[39m
              [33mclass[39m=[32m"admin-action-list"[39m
            [36m>[39m
              [36m<button[39m
                [33mclass[39m=[32m"is-active"[39m
                [33mtype[39m=[32m"button"[39m
              [36m>[39m
                [0mApproved listings[0m
              [36m</button>[39m
              [36m<button[39m
                [33mclass[39m=[32m""[39m
                [33mtype[39m=[32m"button"[39m
              [36m>[39m
                [0mRemoved listings[0m
              [36m</button>[39m
            [36m</nav>[39m
            [36m<section[39m
              [33maria-label[39m=[32m"Admin action history"[39m
              [33mclass[39m=[32m"admin-history-panel"[39m
            [36m>[39m
              [36m<h3>[39m
                [0mApproved opportunities[0m
              [36m</h3>[39m
              [36m<p[39m
                [33mclass[39m=[32m"admin-note"[39m
              [36m>[39m
                [0mNo listings in this history yet.[0m
              [36m</p>[39m
            [36m</section>[39m
            [36m<p[39m
              [33mclass[39m=[32m"admin-note"[39m
            [36m>[39m
              [0mProvider listings are moderated here once they are approved 
into production flow.[0m
            [36m</p>[39m
          [36m</aside>[39m
        [36m</section>[39m
      [36m</section>[39m
    [36m</main>[39m
  [36m</div>[39m
[36m</body>[39m
[90m [2mΓ¥»[22m Object.getElementError 
node_modules/@testing-library/dom/dist/config.js:[2m37:19[22m[39m
[90m [2mΓ¥»[22m getElementError 
node_modules/@testing-library/dom/dist/query-helpers.js:[2m20:35[22m[39m
[90m [2mΓ¥»[22m getMultipleElementsFoundError 
node_modules/@testing-library/dom/dist/query-helpers.js:[2m23:10[22m[39m
[90m [2mΓ¥»[22m 
node_modules/@testing-library/dom/dist/query-helpers.js:[2m55:13[22m[39m
[90m [2mΓ¥»[22m 
node_modules/@testing-library/dom/dist/query-helpers.js:[2m95:19[22m[39m
[36m [2mΓ¥»[22m src/pages/AdminModerationQueue.test.jsx:[2m464:29[22m[39m
    [90m462|[39m
    [90m463|[39m     [90m// Enter reason and confirm in second modal[39m
    [90m464|[39m     fireEvent[33m.[39m[34mchange[39m(screen[33m.[39m[
34mgetByLabelText[39m([36m/removal reason/i[39m)[33m,[39m {
    [90m   |[39m                             [31m^[39m
    [90m465|[39m       target[33m:[39m { value[33m:[39m 
[32m'Non-compliant content'[39m }[33m,[39m
    [90m466|[39m     })

[31m[2mΓÄ»ΓÄ»ΓÄ»ΓÄ»ΓÄ»ΓÄ»ΓÄ»ΓÄ»ΓÄ»ΓÄ»ΓÄ»ΓÄ»ΓÄ»ΓÄ»ΓÄ»ΓÄ»ΓÄ»ΓÄ»ΓÄ»ΓÄ»ΓÄ»ΓÄ»ΓÄ»Γ
Ä»[4/5]ΓÄ»[22m[39m

[41m[1m FAIL [22m[49m src/pages/AdminModerationQueue.test.jsx[2m > 
[22mAdmin moderation queue TDD tests[2m > [22m12. remove action requires a 
reason
[31m[1mTestingLibraryElementError[22m[39m: Found multiple elements with 
the role "button" and name `/confirm remove/i`

Here are the matching elements:

Ignored nodes: comments, script, style
[36m<button[39m
  [33mtype[39m=[32m"button"[39m
[36m>[39m
  [0mConfirm Remove[0m
[36m</button>[39m

Ignored nodes: comments, script, style
[36m<button[39m
  [33mclass[39m=[32m"admin-button-primary"[39m
  [33mdisabled[39m=[32m""[39m
  [33mtype[39m=[32m"button"[39m
[36m>[39m
  [0mConfirm Remove[0m
[36m</button>[39m

(If this is intentional, then use the `*AllBy*` variant of the query (like 
`queryAllByText`, `getAllByText`, or `findAllByText`)).

Ignored nodes: comments, script, style
[36m<body>[39m
  [36m<div>[39m
    [36m<main[39m
      [33mclass[39m=[32m"admin-page"[39m
    [36m>[39m
      [36m<span[39m
        [33maria-hidden[39m=[32m"true"[39m
        [33mclass[39m=[32m"admin-grid-overlay"[39m
      [36m/>[39m
      [36m<section[39m
        [33mclass[39m=[32m"admin-shell"[39m
      [36m>[39m
        [36m<header[39m
          [33mclass[39m=[32m"admin-header-row"[39m
        [36m>[39m
          [36m<section[39m
            [33mclass[39m=[32m"admin-title-block"[39m
          [36m>[39m
            [36m<p[39m
              [33mclass[39m=[32m"mini-label"[39m
            [36m>[39m
              [0mAdmin Workspace[0m
            [36m</p>[39m
            [36m<h1>[39m
              [0mPlatform Moderation Console[0m
            [36m</h1>[39m
            [36m<p>[39m
              [0mReview opportunity quality, verify provider submissions, and 
keep listings aligned with policy and NQF requirements.[0m
            [36m</p>[39m
          [36m</section>[39m
          [36m<aside[39m
            [33maria-label[39m=[32m"Session status"[39m
            [33mclass[39m=[32m"admin-status-card"[39m
          [36m>[39m
            [36m<p>[39m
              [0mSigned in as[0m
            [36m</p>[39m
            [36m<strong>[39m
              [0mAdmin[0m
            [36m</strong>[39m
            [36m<span>[39m
              [0mGoogle OAuth session active[0m
            [36m</span>[39m
            [36m<button[39m
              [33mclass[39m=[32m"admin-btn"[39m
            [36m>[39m
              [0mLogout[0m
            [36m</button>[39m
          [36m</aside>[39m
        [36m</header>[39m
        [36m<section[39m
          [33maria-label[39m=[32m"Admin sections"[39m
          [33mclass[39m=[32m"admin-toolbar"[39m
        [36m>[39m
          [36m<nav[39m
            [33maria-label[39m=[32m"Admin tabs"[39m
            [33mclass[39m=[32m"admin-tab-list"[39m
            [33mrole[39m=[32m"tablist"[39m
          [36m>[39m
            [36m<button[39m
              [33maria-selected[39m=[32m"true"[39m
              [33mclass[39m=[32m"is-active"[39m
              [33mrole[39m=[32m"tab"[39m
              [33mtype[39m=[32m"button"[39m
            [36m>[39m
              [0mApprove/Remove Listings[0m
            [36m</button>[39m
            [36m<button[39m
              [33maria-selected[39m=[32m"false"[39m
              [33mclass[39m=[32m""[39m
              [33mrole[39m=[32m"tab"[39m
              [33mtype[39m=[32m"button"[39m
            [36m>[39m
              [0mDelete Listing[0m
            [36m</button>[39m
            [36m<button[39m
              [33maria-selected[39m=[32m"false"[39m
              [33mclass[39m=[32m""[39m
              [33mrole[39m=[32m"tab"[39m
              [33mtype[39m=[32m"button"[39m
            [36m>[39m
              [0mDelete User[0m
            [36m</button>[39m
          [36m</nav>[39m
          [36m<button[39m
            [33maria-label[39m=[32m"Download moderation CSV"[39m
            [33mclass[39m=[32m"admin-download-btn"[39m
            [33mtype[39m=[32m"button"[39m
          [36m>[39m
            [0mDownload CSV[0m
          [36m</button>[39m
        [36m</section>[39m
        [36m<section[39m
          [33maria-label[39m=[32m"Moderation metrics"[39m
          [33mclass[39m=[32m"admin-kpi-row"[39m
        [36m>[39m
          [36m<article[39m
            [33mclass[39m=[32m"admin-kpi"[39m
          [36m>[39m
            [36m<span>[39m
              [0mAll Pending Review[0m
            [36m</span>[39m
            [36m<strong>[39m
              [0m1[0m
            [36m</strong>[39m
          [36m</article>[39m
          [36m<article[39m
            [33mclass[39m=[32m"admin-kpi"[39m
          [36m>[39m
            [36m<span>[39m
              [0mThis Admin Approved Opportunities[0m
            [36m</span>[39m
            [36m<strong>[39m
              [0m0[0m
            [36m</strong>[39m
          [36m</article>[39m
          [36m<article[39m
            [33mclass[39m=[32m"admin-kpi"[39m
          [36m>[39m
            [36m<span>[39m
              [0mThis Admin Removed Opportunities[0m
            [36m</span>[39m
            [36m<strong>[39m
              [0m0[0m
            [36m</strong>[39m
          [36m</article>[39m
        [36m</section>[39m
        [36m<section[39m
          [33mclass[39m=[32m"admin-content-row"[39m
        [36m>[39m
          [36m<section[39m
            [33maria-label[39m=[32m"Moderation queue"[39m
            [33mclass[39m=[32m"admin-panel"[39m
          [36m>[39m
            [36m<header[39m
              [33mclass[39m=[32m"admin-panel-head"[39m
            [36m>[39m
              [36m<h2>[39m
                [0mModeration Queue[0m
              [36m</h2>[39m
              [36m<button[39m
                [33mtype[39m=[32m"button"[39m
              [36m>[39m
                [0mView all[0m
              [36m</button>[39m
            [36m</header>[39m
            [36m<div[39m
              [33maria-label[39m=[32m"Listing type filter"[39m
              [33mclass[39m=[32m"admin-filter-row"[39m
              [33mrole[39m=[32m"tablist"[39m
            [36m>[39m
              [36m<button[39m
                [33maria-selected[39m=[32m"true"[39m
                [33mclass[39m=[32m"is-active"[39m
                [33mrole[39m=[32m"tab"[39m
                [33mtype[39m=[32m"button"[39m
              [36m>[39m
                [0mAll[0m
              [36m</button>[39m
              [36m<button[39m
                [33maria-selected[39m=[32m"false"[39m
                [33mclass[39m=[32m""[39m
                [33mrole[39m=[32m"tab"[39m
                [33mtype[39m=[32m"button"[39m
              [36m>[39m
                [0mInternship[0m
              [36m</button>[39m
              [36m<button[39m
                [33maria-selected[39m=[32m"false"[39m
                [33mclass[39m=[32m""[39m
                [33mrole[39m=[32m"tab"[39m
                [33mtype[39m=[32m"button"[39m
              [36m>[39m
                [0mLearnership[0m
              [36m</button>[39m
              [36m<button[39m
                [33maria-selected[39m=[32m"false"[39m
                [33mclass[39m=[32m""[39m
                [33mrole[39m=[32m"tab"[39m
                [33mtype[39m=[32m"button"[39m
              [36m>[39m
                [0mApprenticeship[0m
              [36m</button>[39m
            [36m</div>[39m
            [36m<div[39m
              [33mclass[39m=[32m"admin-note"[39m
            [36m/>[39m
            [36m<ul[39m
              [33mclass[39m=[32m"admin-list admin-list-scroll"[39m
            [36m>[39m
              [36m<li[39m
                [33mclass[39m=[32m"admin-list-item"[39m
              [36m>[39m
                [36m<button[39m
                  [33mclass[39m=[32m"admin-queue-card is-active"[39m
                  [33mtype[39m=[32m"button"[39m
                [36m>[39m
                  [36m<h3>[39m
                    [0mNeeds reason listing[0m
                  [36m</h3>[39m
                  [36m<p>[39m
                    [0mProvider Q[0m
                  [36m</p>[39m
                  [36m<div[39m
                    [33mclass[39m=[32m"admin-queue-meta"[39m
                  [36m>[39m
                    [36m<span>[39m
                      [0mLearnership[0m
                    [36m</span>[39m
                    [36m<span>[39m
                      [0mNelspruit[0m
                    [36m</span>[39m
                    [36m<span>[39m
                      [0m2026-08-01[0m
                    [36m</span>[39m
                  [36m</div>[39m
                [36m</button>[39m
                [36m<section[39m
                  [33maria-label[39m=[32m"Selected listing review 
panel"[39m
                  [33mclass[39m=[32m"admin-selection-panel"[39m
                [36m>[39m
                  [36m<h3>[39m
                    [0mSelected Listing[0m
                  [36m</h3>[39m
                  [36m<p>[39m
                    [0mNeeds reason listing[0m
                  [36m</p>[39m
                  [36m<div[39m
                    [33mclass[39m=[32m"admin-review-actions"[39m
                  [36m>[39m
                    [36m<button[39m
                      [33mclass[39m=[32m""[39m
                      [33mtype[39m=[32m"button"[39m
                    [36m>[39m
                      [0mApprove[0m
                    [36m</button>[39m
                    [36m<button[39m
                      [33mclass[39m=[32m"is-active"[39m
                      [33mtype[39m=[32m"button"[39m
                    [36m>[39m
                      [0mRemove[0m
                    [36m</button>[39m
                  [36m</div>[39m
                  [36m<div[39m
                    [33mclass[39m=[32m"admin-confirm-panel"[39m
                  [36m>[39m
                    [36m<label[39m
                      [33mclass[39m=[32m"admin-removal-label"[39m
                      [33mfor[39m=[32m"action-reason-l-40"[39m
                    [36m>[39m
                      [0mRemoval reason[0m
                    [36m</label>[39m
                    [36m<textarea[39m
                      [33mid[39m=[32m"action-reason-l-40"[39m
                      [33mplaceholder[39m=[32m"Explain why this listing 
should be removed."[39m
                      [33mrows[39m=[32m"3"[39m
                    [36m/>[39m
                    [36m<div[39m
                      [33mclass[39m=[32m"admin-confirm-actions"[39m
                    [36m>[39m
                      [36m<button[39m
                        [33mtype[39m=[32m"button"[39m
                      [36m>[39m
                        [0mConfirm Remove[0m
                      [36m</button>[39m
                      [36m<button[39m
                        [33mclass[39m=[32m"admin-ghost-btn"[39m
                        [33mtype[39m=[32m"button"[39m
                      [36m>[39m
                        [0mCancel[0m
                      [36m</button>[39m
                    [36m</div>[39m
                  [36m</div>[39m
                [36m</section>[39m
              [36m</li>[39m
            [36m</ul>[39m
          [36m</section>[39m
          [36m<section[39m
            [33mclass[39m=[32m"admin-modal-overlay"[39m
          [36m>[39m
            [36m<section[39m
              [33mclass[39m=[32m"admin-modal"[39m
            [36m>[39m
              [36m<h3>[39m
                [0mRemove[0m
                [0m Listing[0m
              [36m</h3>[39m
              [36m<p>[39m
                [36m<strong>[39m
                  [0mNeeds reason listing[0m
                [36m</strong>[39m
              [36m</p>[39m
              [36m<label[39m
                [33mfor[39m=[32m"action-reason"[39m
              [36m>[39m
                [0mRemoval[0m
                [0m reason[0m
                [36m<textarea[39m
                  [33mid[39m=[32m"action-reason"[39m
                  [33mplaceholder[39m=[32m"Explain why this listing should 
be removed."[39m
                  [33mrows[39m=[32m"4"[39m
                  [33mstyle[39m=[32m"width: 100%; padding: 8px; margin-top: 
8px;"[39m

[2m Test Files [22m [1m[31m1 failed[39m[22m[90m (1)[39m
[2m      Tests [22m [1m[31m5 failed[39m[22m[2m | [22m[1m[32m12 passed[39m[22m[90m (17)[39m
[2m   Start at [22m 15:25:03
[2m   Duration [22m 3.84s[2m (transform 148ms, setup 26ms, import 485ms, tests 1.02s, environment 1.86s)[22m

                [36m/>[39m
              [36m</label>[39m
              [36m<div[39m
                [33mstyle[39m=[32m"display: flex; gap: 12px; margin-top: 
16px;"[39m
              [36m>[39m
                [36m<button[39m
                  [33mclass[39m=[32m"admin-button-secondary"[39m
                  [33mtype[39m=[32m"button"[39m
                [36m>[39m
                  [0mCancel[0m
                [36m</button>[39m
                [36m<button[39m
                  [33mclass[39m=[32m"admin-button-primary"[39m
                  [33mdisabled[39m=[32m""[39m
                  [33mtype[39m=[32m"button"[39m
                [36m>[39m
                  [0mConfirm Remove[0m
                [36m</button>[39m
              [36m</div>[39m
            [36m</section>[39m
          [36m</section>[39m
          [36m<aside[39m
            [33maria-label[39m=[32m"Quick actions"[39m
            [33mclass[39m=[32m"admin-panel admin-side-panel"[39m
          [36m>[39m
            [36m<h2>[39m
              [0mQuick Actions[0m
            [36m</h2>[39m
            [36m<nav[39m
              [33maria-label[39m=[32m"Admin quick actions"[39m
              [33mclass[39m=[32m"admin-action-list"[39m
            [36m>[39m
              [36m<button[39m
                [33mclass[39m=[32m"is-active"[39m
                [33mtype[39m=[32m"button"[39m
              [36m>[39m
                [0mApproved listings[0m
              [36m</button>[39m
              [36m<button[39m
                [33mclass[39m=[32m""[39m
                [33mtype[39m=[32m"button"[39m
              [36m>[39m
                [0mRemoved listings[0m
              [36m</button>[39m
            [36m</nav>[39m
            [36m<section[39m
              [33maria-label[39m=[32m"Admin action history"[39m
              [33mclass[39m=[32m"admin-history-panel"[39m
            [36m>[39m
              [36m<h3>[39m
                [0mApproved opportunities[0m
              [36m</h3>[39m
              [36m<p[39m
                [33mclass[39m=[32m"admin-note"[39m
              [36m>[39m
                [0mNo listings in this history yet.[0m
              [36m</p>[39m
            [36m</section>[39m
            [36m<p[39m
              [33mclass[39m=[32m"admin-note"[39m
            [36m>[39m
              [0mProvider listings are moderated here once they are approved 
into production flow.[0m
            [36m</p>[39m
          [36m</aside>[39m
        [36m</section>[39m
      [36m</section>[39m
    [36m</main>[39m
  [36m</div>[39m
[36m</body>[39m
[90m [2mΓ¥»[22m Object.getElementError 
node_modules/@testing-library/dom/dist/config.js:[2m37:19[22m[39m
[90m [2mΓ¥»[22m getElementError 
node_modules/@testing-library/dom/dist/query-helpers.js:[2m20:35[22m[39m
[90m [2mΓ¥»[22m getMultipleElementsFoundError 
node_modules/@testing-library/dom/dist/query-helpers.js:[2m23:10[22m[39m
[90m [2mΓ¥»[22m 
node_modules/@testing-library/dom/dist/query-helpers.js:[2m55:13[22m[39m
[90m [2mΓ¥»[22m 
node_modules/@testing-library/dom/dist/query-helpers.js:[2m95:19[22m[39m
[36m [2mΓ¥»[22m src/pages/AdminModerationQueue.test.jsx:[2m496:34[22m[39m
    [90m494|[39m
    [90m495|[39m     [90m// Try to confirm without entering reason[39m
    [90m496|[39m     const confirmButton = screen.getByRole('button', { 
name: /confirm ΓÇª
    [90m   |[39m                                  [31m^[39m
    [90m497|[39m     expect(confirmButton.disabled).toBe(true) // Should be 
disabled whΓÇª
    [90m498|[39m

[31m[2mΓÄ»ΓÄ»ΓÄ»ΓÄ»ΓÄ»ΓÄ»ΓÄ»ΓÄ»ΓÄ»ΓÄ»ΓÄ»ΓÄ»ΓÄ»ΓÄ»ΓÄ»ΓÄ»ΓÄ»ΓÄ»ΓÄ»ΓÄ»ΓÄ»ΓÄ»ΓÄ»Γ
Ä»[5/5]ΓÄ»[22m[39m

