
> frontend@0.0.0 test
> vitest run --coverage --run


[1m[46m RUN [49m[22m [36mv4.1.3 [39m[90mC:/Users/conno/OneDrive/Documents/GitHub/Learnership-Application/frontend[39m
      [2mCoverage enabled with [22m[33mv8[39m

 [31mΓ¥»[39m src/pages/ProviderEditDeleteListing.acceptance.test.jsx [2m([22m[2m10 tests[22m[2m | [22m[31m1 failed[39m[2m)[22m[33m 1478[2mms[22m[39m
     [32mΓ£ô[39m 1. Edit form renders with existing listing data pre-populated[32m 180[2mms[22m[39m
     [32mΓ£ô[39m 2. Edit form contains same fields as create form[32m 113[2mms[22m[39m
     [33m[2mΓ£ô[22m[39m 3. Saving an edited listing updates the database payload [33m 402[2mms[22m[39m
     [32mΓ£ô[39m 4. Updated listing returns to dashboard route without full reload[32m 2[2mms[22m[39m
     [32mΓ£ô[39m 5. Edit form blocks saving when required fields are cleared[32m 196[2mms[22m[39m
     [32mΓ£ô[39m 6/7/8. Delete asks for confirmation, removes db record, and updates dashboard list[32m 215[2mms[22m[39m
     [32mΓ£ô[39m 9. Approved listing edit requires warning confirmation[32m 203[2mms[22m[39m
     [32mΓ£ô[39m 10. Approved listing delete requires warning confirmation[32m 112[2mms[22m[39m
     [32mΓ£ô[39m 11. Provider can only edit or delete their own listings (query constrained by provider_id)[32m 1[2mms[22m[39m
[31m     [31m├ù[31m 12/13. Applicant, Admin, and unauthenticated users are blocked by route guard[39m[32m 45[2mms[22m[39m
 [32mΓ£ô[39m src/pages/ProviderManageApplicationStatuses.acceptance.test.jsx [2m([22m[2m6 tests[22m[2m)[22m[33m 1356[2mms[22m[39m
     [33m[2mΓ£ô[22m[39m 2. Updating an applicant status writes the mapped status to the applications table [33m 493[2mms[22m[39m
 [32mΓ£ô[39m src/pages/ApplicantDashboardApplications.acceptance.test.jsx [2m([22m[2m4 tests[22m[2m)[22m[33m 1668[2mms[22m[39m
     [33m[2mΓ£ô[22m[39m shows each submitted application with the requested status label [33m 339[2mms[22m[39m
     [33m[2mΓ£ô[22m[39m shows unread notifications, marks them as read on click, and lets the applicant reveal read history [33m 752[2mms[22m[39m
     [33m[2mΓ£ô[22m[39m refreshes the notification inbox when a realtime notification arrives [33m 440[2mms[22m[39m
 [32mΓ£ô[39m src/pages/ApplicantListingDetail.acceptance.test.jsx [2m([22m[2m3 tests[22m[2m)[22m[33m 1563[2mms[22m[39m
     [33m[2mΓ£ô[22m[39m renders the listing detail page and one-click apply button [33m 604[2mms[22m[39m
     [33m[2mΓ£ô[22m[39m submits an application using the saved profile and CV and falls back when Pending is rejected [33m 558[2mms[22m[39m
     [33m[2mΓ£ô[22m[39m shows already applied state and hides the apply button when an application exists [33m 386[2mms[22m[39m
 [32mΓ£ô[39m src/pages/UserPages.test.jsx [2m([22m[2m6 tests[22m[2m)[22m[33m 2044[2mms[22m[39m
     [33m[2mΓ£ô[22m[39m Listings section and search controls visible [33m 413[2mms[22m[39m
     [33m[2mΓ£ô[22m[39m Profile page renders with document actions [33m 1167[2mms[22m[39m
 [32mΓ£ô[39m src/pages/ProviderPostListing.acceptance.test.jsx [2m([22m[2m9 tests[22m[2m)[22m[33m 2430[2mms[22m[39m
     [33m[2mΓ£ô[22m[39m 3. Listing form blocks submission when required fields are empty [33m 503[2mms[22m[39m
     [33m[2mΓ£ô[22m[39m 4. Closing date field rejects past dates [33m 730[2mms[22m[39m
     [33m[2mΓ£ô[22m[39m 5/6/7. Successful submission saves listing, sets Pending, and links the signed-in provider [33m 608[2mms[22m[39m
 [32mΓ£ô[39m src/App.test.jsx [2m([22m[2m43 tests[22m[2m | [22m[90m12 todo[39m[2m)[22m[33m 2656[2mms[22m[39m
     [33m[2mΓ£ô[22m[39m Google OAuth entry is available for provider registration [33m 504[2mms[22m[39m
     [33m[2mΓ£ô[22m[39m Home page renders all three landing sections with proper hierarchy [33m 1025[2mms[22m[39m
     [33m[2mΓ£ô[22m[39m Home page topbar links are visible [33m 377[2mms[22m[39m
 [31mΓ¥»[39m src/RoleBasedRouting.test.jsx [2m([22m[2m8 tests[22m[2m | [22m[31m2 failed[39m[2m)[22m[33m 4601[2mms[22m[39m
     [32mΓ£ô[39m shows loading shell while auth bootstrap is in progress[32m 140[2mms[22m[39m
     [33m[2mΓ£ô[22m[39m redirects unauthenticated users from protected route to home [33m 652[2mms[22m[39m
     [32mΓ£ô[39m renders admin workspace when signed-in user has Admin role[32m 102[2mms[22m[39m
     [32mΓ£ô[39m restores configured admin email to Admin role when no users row exists[32m 70[2mms[22m[39m
[31m     [31m├ù[31m renders provider workspace when signed-in user has Provider role[39m[33m 1120[2mms[22m[39m
     [32mΓ£ô[39m renders applicant dashboard when signed-in user has Applicant role[32m 260[2mms[22m[39m
     [33m[2mΓ£ô[22m[39m redirects signed-in applicant away from Provider-only route [33m 860[2mms[22m[39m
[31m     [31m├ù[31m auto-redirects signed-in Provider from home to provider route[39m[33m 1348[2mms[22m[39m
 [32mΓ£ô[39m src/pages/AdminModerationQueue.test.jsx [2m([22m[2m17 tests[22m[2m)[22m[33m 4737[2mms[22m[39m
     [33m[2mΓ£ô[22m[39m 4. approve/remove tab shows the queue, delete tab, and download button [33m 871[2mms[22m[39m
     [33m[2mΓ£ô[22m[39m 6. delete action removes a listing and logs the listing type [33m 459[2mms[22m[39m
     [33m[2mΓ£ô[22m[39m 7. moderation queue can be filtered by type [33m 456[2mms[22m[39m
     [33m[2mΓ£ô[22m[39m 8. approve action updates listing status and removes from queue [33m 673[2mms[22m[39m
     [33m[2mΓ£ô[22m[39m 9. remove action updates listing status and removes from queue [33m 369[2mms[22m[39m
     [33m[2mΓ£ô[22m[39m 10. approve action is logged in admin_actions payload [33m 378[2mms[22m[39m
     [33m[2mΓ£ô[22m[39m 13. delete user tab loads applicants and providers and calls the delete function [33m 418[2mms[22m[39m
 [32mΓ£ô[39m src/pages/ApplicantProfile.coverage.test.jsx [2m([22m[2m14 tests[22m[2m)[22m[33m 6694[2mms[22m[39m
     [33m[2mΓ£ô[22m[39m loads profile, education, skills, and uploaded files from Supabase [33m 1146[2mms[22m[39m
     [33m[2mΓ£ô[22m[39m creates a new applicant profile and saves education plus skills to Supabase [33m 1803[2mms[22m[39m
     [33m[2mΓ£ô[22m[39m validates CV uploads, persists CV url, and opens uploaded documents [33m 477[2mms[22m[39m
     [33m[2mΓ£ô[22m[39m keeps unsaved personal details and selected skills after CV upload [33m 312[2mms[22m[39m
     [33m[2mΓ£ô[22m[39m blocks submission when required fields are missing [33m 513[2mms[22m[39m
     [33m[2mΓ£ô[22m[39m supports multiple education entries and saves all of them [33m 642[2mms[22m[39m
     [33m[2mΓ£ô[22m[39m allows selecting multiple skills and saves all selected values [33m 750[2mms[22m[39m
     [33m[2mΓ£ô[22m[39m edits an existing profile and re-saves updated values [33m 393[2mms[22m[39m
 [32mΓ£ô[39m src/pages/ApplicantSearchListings.test.jsx [2m([22m[2m13 tests[22m[2m)[22m[33m 7858[2mms[22m[39m
     [33m[2mΓ£ô[22m[39m renders search bar and listing type filter on the dashboard [33m 578[2mms[22m[39m
     [33m[2mΓ£ô[22m[39m returns matching approved listings for a keyword search [33m 624[2mms[22m[39m
     [33m[2mΓ£ô[22m[39m finds listings by location entered into the search bar [33m 737[2mms[22m[39m
     [33m[2mΓ£ô[22m[39m uses the search term and type filter together [33m 1089[2mms[22m[39m
     [33m[2mΓ£ô[22m[39m updates the results panel without a full page reload [33m 648[2mms[22m[39m
     [33m[2mΓ£ô[22m[39m restores the full approved listings list after clearing the search and resetting the filter [33m 1333[2mms[22m[39m
     [33m[2mΓ£ô[22m[39m shows a clear no-results message when nothing matches [33m 545[2mms[22m[39m
     [33m[2mΓ£ô[22m[39m search is case insensitive [33m 662[2mms[22m[39m
     [33m[2mΓ£ô[22m[39m never shows pending listings even when the keyword matches [33m 562[2mms[22m[39m
     [33m[2mΓ£ô[22m[39m never shows removed listings even when the keyword matches [33m 522[2mms[22m[39m
     [33m[2mΓ£ô[22m[39m redirects unauthenticated users away from the listings page [33m 423[2mms[22m[39m
 [32mΓ£ô[39m src/pages/ProviderPage.test.jsx [2m([22m[2m7 tests[22m[2m)[22m[33m 765[2mms[22m[39m
   [33m[2mΓ£ô[22m[39m PROVIDER-DASHBOARD: renders quick actions, stats, and listing overview [33m 579[2mms[22m[39m
 [32mΓ£ô[39m src/pages/AdminPage.test.jsx [2m([22m[2m7 tests[22m[2m)[22m[33m 660[2mms[22m[39m
   [33m[2mΓ£ô[22m[39m ADMIN-DASHBOARD: logout button is clickable and triggers callback [33m 363[2mms[22m[39m
 [32mΓ£ô[39m src/pages/ProviderProfile.acceptance.test.jsx [2m([22m[2m2 tests[22m[2m)[22m[33m 460[2mms[22m[39m
     [33m[2mΓ£ô[22m[39m 2. Provider profile form saves to provider_profiles and updates the visible summary [33m 321[2mms[22m[39m
node.exe : 
At line:1 char:1
+ & "C:\Program Files\nodejs/node.exe" "C:\Program Files\nodejs/node_mo ...
+ ~~~~~~~~~~~~~~~~~~~~~~~~~~~~~~~~~~~~~~~~~~~~~~~~~~~~~~~~~~~~~~~~~~~~~
    + CategoryInfo          : NotSpecified: (:String) [], RemoteException
    + FullyQualifiedErrorId : NativeCommandError
 
[31mΓÄ»ΓÄ»ΓÄ»ΓÄ»ΓÄ»ΓÄ»ΓÄ»[39m[1m[41m Failed Tests 3 
[49m[22m[31mΓÄ»ΓÄ»ΓÄ»ΓÄ»ΓÄ»ΓÄ»ΓÄ»[39m

[41m[1m FAIL [22m[49m src/RoleBasedRouting.test.jsx[2m > [22mRole-based 
routing runtime behavior[2m > [22mrenders provider workspace when signed-in 
user has Provider role
[31m[1mTestingLibraryElementError[22m[39m: Unable to find an element with 
the text: Provider Workspace. This could be because the text is broken up by 
multiple elements. In this case, you can provide a function for your text 
matcher to make your matcher more flexible.

Ignored nodes: comments, script, style
[36m<body>[39m
  [36m<div>[39m
    [36m<main[39m
      [33mclass[39m=[32m"user-page provider-theme profile-shell"[39m
    [36m>[39m
      [36m<section[39m
        [33mclass[39m=[32m"user-page-inner"[39m
      [36m>[39m
        [36m<header[39m
          [33mclass[39m=[32m"user-hero profile-header"[39m
        [36m>[39m
          [36m<section>[39m
            [36m<p[39m
              [33mclass[39m=[32m"user-kicker"[39m
            [36m>[39m
              [0mProvider Profile[0m
            [36m</p>[39m
            [36m<h1>[39m
              [0mTell applicants who they will work with[0m
            [36m</h1>[39m
            [36m<p[39m
              [33mclass[39m=[32m"user-intro"[39m
            [36m>[39m
              [0mSave your phone number, company or organisation name, and a 
short description so your opportunities feel trustworthy and clear.[0m
            [36m</p>[39m
            [36m<p[39m
              [33mclass[39m=[32m"user-item-meta"[39m
            [36m>[39m
              [0mProvider account details were not found.[0m
            [36m</p>[39m
          [36m</section>[39m
          [36m<nav[39m
            [33maria-label[39m=[32m"Profile actions"[39m
            [33mclass[39m=[32m"user-nav-actions"[39m
          [36m>[39m
            [36m<button[39m
              [33mclass[39m=[32m"user-link-btn"[39m
              [33mtype[39m=[32m"button"[39m
            [36m>[39m
              [0mBack to workspace[0m
            [36m</button>[39m
            [36m<button[39m
              [33mclass[39m=[32m"user-logout-btn"[39m
            [36m>[39m
              [0mLogout[0m
            [36m</button>[39m
          [36m</nav>[39m
        [36m</header>[39m
        [36m<section[39m
          [33mclass[39m=[32m"profile-overview-grid"[39m
        [36m>[39m
          [36m<article[39m
            [33mclass[39m=[32m"user-panel profile-card 
profile-card-personal"[39m
          [36m>[39m
            [36m<h2>[39m
              [0mProfile form[0m
            [36m</h2>[39m
            [36m<form[39m
              [33mclass[39m=[32m"profile-fields-grid"[39m
              [33mnovalidate[39m=[32m""[39m
            [36m>[39m
              [36m<label[39m
                [33mclass[39m=[32m"profile-field "[39m
                [33mfor[39m=[32m"provider-organisation-name"[39m
              [36m>[39m
                [36m<span>[39m
                  [0mCompany / organisation name[0m
                [36m</span>[39m
                [36m<input[39m
                  [33maria-invalid[39m=[32m"false"[39m
                  [33mclass[39m=[32m"profile-input"[39m
                  [33mid[39m=[32m"provider-organisation-name"[39m
                  [33mname[39m=[32m"organisation_name"[39m
                  [33mvalue[39m=[32m""[39m
                [36m/>[39m
              [36m</label>[39m
              [36m<label[39m
                [33mclass[39m=[32m"profile-field "[39m
                [33mfor[39m=[32m"provider-phone"[39m
              [36m>[39m
                [36m<span>[39m
                  [0mPhone number[0m
                [36m</span>[39m
                [36m<input[39m
                  [33maria-invalid[39m=[32m"false"[39m
                  [33mclass[39m=[32m"profile-input"[39m
                  [33mid[39m=[32m"provider-phone"[39m
                  [33minputmode[39m=[32m"tel"[39m
                  [33mmaxlength[39m=[32m"20"[39m
                  [33mname[39m=[32m"phone"[39m
                  [33mplaceholder[39m=[32m"e.g. 0821234567"[39m
                  [33mvalue[39m=[32m""[39m
                [36m/>[39m
              [36m</label>[39m
              [36m<label[39m
                [33mclass[39m=[32m"profile-field "[39m
                [33mfor[39m=[32m"provider-description"[39m
              [36m>[39m
                [36m<span>[39m
                  [0mDescription[0m
                [36m</span>[39m
                [36m<textarea[39m
                  [33maria-invalid[39m=[32m"false"[39m
                  [33mclass[39m=[32m"profile-input"[39m
                  [33mid[39m=[32m"provider-description"[39m
                  [33mname[39m=[32m"description"[39m
                  [33mplaceholder[39m=[32m"Describe your organisation, what 
you offer, and what applicants can expect."[39m
                  [33mrows[39m=[32m"6"[39m
                [36m/>[39m
              [36m</label>[39m
              [36m<button[39m
                [33mclass[39m=[32m"user-action-btn provider-inline-btn"[39m
                [33mtype[39m=[32m"submit"[39m
              [36m>[39m
                [0mSave provider profile[0m
              [36m</button>[39m
            [36m</form>[39m
          [36m</article>[39m
          [36m<article[39m
            [33mclass[39m=[32m"user-panel profile-card"[39m
          [36m>[39m
            [36m<h2>[39m
              [0mSaved profile[0m
            [36m</h2>[39m
            [36m<p[39m
              [33mclass[39m=[32m"user-item-meta"[39m
            [36m>[39m
              [0mThis is the information applicants will see on your provider 
profile page.[0m
            [36m</p>[39m
            [36m<div[39m
              [33mclass[39m=[32m"provider-profile-summary"[39m
            [36m>[39m
              [36m<p[39m
                [33mclass[39m=[32m"provider-profile-summary-label"[39m
              [36m>[39m
                [0mCompany / organisation name[0m
              [36m</p>[39m
              [36m<strong>[39m
                [0mProfile not saved yet[0m
              [36m</strong>[39m
              [36m<p[39m
                [33mclass[39m=[32m"provider-profile-summary-label"[39m
              [36m>[39m
                [0mPhone number[0m
              [36m</p>[39m
              [36m<strong>[39m
                [0mNot specified[0m
              [36m</strong>[39m
              [36m<p[39m
                [33mclass[39m=[32m"provider-profile-summary-label"[39m
              [36m>[39m
                [0mDescription[0m
              [36m</p>[39m
              [36m<p[39m
                [33mclass[39m=[32m"provider-profile-summary-copy"[39m
              [36m>[39m
                [0mAdd your organisation details on the form to show them 
here.[0m
              [36m</p>[39m
            [36m</div>[39m
            [36m<a[39m
              [33mclass[39m=[32m"user-link-btn provider-inline-btn"[39m
              [33mdata-discover[39m=[32m"true"[39m
              [33mhref[39m=[32m"/provider"[39m
            [36m>[39m
              [0mView provider workspace[0m
            [36m</a>[39m
          [36m</article>[39m
        [36m</section>[39m
      [36m</section>[39m
    [36m</main>[39m
  [36m</div>[39m
[36m</body>[39m

Ignored nodes: comments, script, style
[36m<html>[39m
  [36m<head />[39m
  [36m<body>[39m
    [36m<div>[39m
      [36m<main[39m
        [33mclass[39m=[32m"user-page provider-theme profile-shell"[39m
      [36m>[39m
        [36m<section[39m
          [33mclass[39m=[32m"user-page-inner"[39m
        [36m>[39m
          [36m<header[39m
            [33mclass[39m=[32m"user-hero profile-header"[39m
          [36m>[39m
            [36m<section>[39m
              [36m<p[39m
                [33mclass[39m=[32m"user-kicker"[39m
              [36m>[39m
                [0mProvider Profile[0m
              [36m</p>[39m
              [36m<h1>[39m
                [0mTell applicants who they will work with[0m
              [36m</h1>[39m
              [36m<p[39m
                [33mclass[39m=[32m"user-intro"[39m
              [36m>[39m
                [0mSave your phone number, company or organisation name, and 
a short description so your opportunities feel trustworthy and clear.[0m
              [36m</p>[39m
              [36m<p[39m
                [33mclass[39m=[32m"user-item-meta"[39m
              [36m>[39m
                [0mProvider account details were not found.[0m
              [36m</p>[39m
            [36m</section>[39m
            [36m<nav[39m
              [33maria-label[39m=[32m"Profile actions"[39m
              [33mclass[39m=[32m"user-nav-actions"[39m
            [36m>[39m
              [36m<button[39m
                [33mclass[39m=[32m"user-link-btn"[39m
                [33mtype[39m=[32m"button"[39m
              [36m>[39m
                [0mBack to workspace[0m
              [36m</button>[39m
              [36m<button[39m
                [33mclass[39m=[32m"user-logout-btn"[39m
              [36m>[39m
                [0mLogout[0m
              [36m</button>[39m
            [36m</nav>[39m
          [36m</header>[39m
          [36m<section[39m
            [33mclass[39m=[32m"profile-overview-grid"[39m
          [36m>[39m
            [36m<article[39m
              [33mclass[39m=[32m"user-panel profile-card 
profile-card-personal"[39m
            [36m>[39m
              [36m<h2>[39m
                [0mProfile form[0m
              [36m</h2>[39m
              [36m<form[39m
                [33mclass[39m=[32m"profile-fields-grid"[39m
                [33mnovalidate[39m=[32m""[39m
              [36m>[39m
                [36m<label[39m
                  [33mclass[39m=[32m"profile-field "[39m
                  [33mfor[39m=[32m"provider-organisation-name"[39m
                [36m>[39m
                  [36m<span>[39m
                    [0mCompany / organisation name[0m
                  [36m</span>[39m
                  [36m<input[39m
                    [33maria-invalid[39m=[32m"false"[39m
                    [33mclass[39m=[32m"profile-input"[39m
                    [33mid[39m=[32m"provider-organisation-name"[39m
                    [33mname[39m=[32m"organisation_name"[39m
                    [33mvalue[39m=[32m""[39m
                  [36m/>[39m
                [36m</label>[39m
                [36m<label[39m
                  [33mclass[39m=[32m"profile-field "[39m
                  [33mfor[39m=[32m"provider-phone"[39m
                [36m>[39m
                  [36m<span>[39m
                    [0mPhone number[0m
                  [36m</span>[39m
                  [36m<input[39m
                    [33maria-invalid[39m=[32m"false"[39m
                    [33mclass[39m=[32m"profile-input"[39m
                    [33mid[39m=[32m"provider-phone"[39m
                    [33minputmode[39m=[32m"tel"[39m
                    [33mmaxlength[39m=[32m"20"[39m
                    [33mname[39m=[32m"phone"[39m
                    [33mplaceholder[39m=[32m"e.g. 0821234567"[39m
                    [33mvalue[39m=[32m""[39m
                  [36m/>[39m
                [36m</label>[39m
                [36m<label[39m
                  [33mclass[39m=[32m"profile-field "[39m
                  [33mfor[39m=[32m"provider-description"[39m
                [36m>[39m
                  [36m<span>[39m
                    [0mDescription[0m
                  [36m</span>[39m
                  [36m<textarea[39m
                    [33maria-invalid[39m=[32m"false"[39m
                    [33mclass[39m=[32m"profile-input"[39m
                    [33mid[39m=[32m"provider-description"[39m
                    [33mname[39m=[32m"description"[39m
                    [33mplaceholder[39m=[32m"Describe your organisation, 
what you offer, and what applicants can expect."[39m
                    [33mrows[39m=[32m"6"[39m
                  [36m/>[39m
                [36m</label>[39m
                [36m<button[39m
                  [33mclass[39m=[32m"user-action-btn 
provider-inline-btn"[39m
                  [33mtype[39m=[32m"submit"[39m
                [36m>[39m
                  [0mSave provider profile[0m
                [36m</button>[39m
              [36m</form>[39m
            [36m</article>[39m
            [36m<article[39m
              [33mclass[39m=[32m"user-panel profile-card"[39m
            [36m>[39m
              [36m<h2>[39m
                [0mSaved profile[0m
              [36m</h2>[39m
              [36m<p[39m
                [33mclass[39m=[32m"user-item-meta"[39m
              [36m>[39m
                [0mThis is the information applicants will see on your 
provider profile page.[0m
              [36m</p>[39m
              [36m<div[39m
                [33mclass[39m=[32m"provider-profile-summary"[39m
              [36m>[39m
                [36m<p[39m
                  [33mclass[39m=[32m"provider-profile-summary-label"[39m
                [36m>[39m
                  [0mCompany / organisation name[0m
                [36m</p>[39m
                [36m<strong>[39m
                  [0mProfile not saved yet[0m
                [36m</strong>[39m
                [36m<p[39m
                  [33mclass[39m=[32m"provider-profile-summary-label"[39m
                [36m>[39m
                  [0mPhone number[0m
                [36m</p>[39m
                [36m<strong>[39m
                  [0mNot specified[0m
                [36m</strong>[39m
                [36m<p[39m
                  [33mclass[39m=[32m"provider-profile-summary-label"[39m
                [36m>[39m
                  [0mDescription[0m
                [36m</p>[39m
                [36m<p[39m
                  [33mclass[39m=[32m"provider-profile-summary-copy"[39m
                [36m>[39m
                  [0mAdd your organisation details on the form to show them 
here.[0m
                [36m</p>[39m
              [36m</div>[39m
              [36m<a[39m
                [33mclass[39m=[32m"user-link-btn provider-inline-btn"[39m
                [33mdata-discover[39m=[32m"true"[39m
                [33mhref[39m=[32m"/provider"[39m
              [36m>[39m
                [0mView provider workspace[0m
              [36m</a>[39m
            [36m</article>[39m
          [36m</section>[39m
        [36m</section>[39m
      [36m</main>[39m
    [36m</div>[39m
  [36m</body>[39m
[36m</html>[39m
[90m [2mΓ¥»[22m Proxy.waitForWrapper 
node_modules/@testing-library/dom/dist/wait-for.js:[2m163:27[22m[39m
[36m [2mΓ¥»[22m src/RoleBasedRouting.test.jsx:[2m161:11[22m[39m
    [90m159|[39m
    [90m160|[39m     [34mrenderApp[39m([32m'/provider'[39m)
    [90m161|[39m     [35mawait[39m [34mwaitFor[39m(() [33m=>[39m {
    [90m   |[39m           [31m^[39m
    [90m162|[39m       
[34mexpect[39m(screen[33m.[39m[34mgetByText[39m([32m'Provider 
Workspace'[39m))[33m.[39m[34mtoBeTruthy[39m()
    [90m163|[39m     })

[31m[2mΓÄ»ΓÄ»ΓÄ»ΓÄ»ΓÄ»ΓÄ»ΓÄ»ΓÄ»ΓÄ»ΓÄ»ΓÄ»ΓÄ»ΓÄ»ΓÄ»ΓÄ»ΓÄ»ΓÄ»ΓÄ»ΓÄ»ΓÄ»ΓÄ»ΓÄ»ΓÄ»Γ
Ä»[1/3]ΓÄ»[22m[39m

[41m[1m FAIL [22m[49m src/RoleBasedRouting.test.jsx[2m > [22mRole-based 
routing runtime behavior[2m > [22mauto-redirects signed-in Provider from 
home to provider route
[31m[1mTestingLibraryElementError[22m[39m: Unable to find an element with 
the text: Provider Workspace. This could be because the text is broken up by 
multiple elements. In this case, you can provide a function for your text 
matcher to make your matcher more flexible.

Ignored nodes: comments, script, style
[36m<body>[39m
  [36m<div>[39m
    [36m<main[39m
      [33mclass[39m=[32m"user-page provider-theme profile-shell"[39m
    [36m>[39m
      [36m<section[39m
        [33mclass[39m=[32m"user-page-inner"[39m
      [36m>[39m
        [36m<header[39m
          [33mclass[39m=[32m"user-hero profile-header"[39m
        [36m>[39m
          [36m<section>[39m
            [36m<p[39m
              [33mclass[39m=[32m"user-kicker"[39m
            [36m>[39m
              [0mProvider Profile[0m
            [36m</p>[39m
            [36m<h1>[39m
              [0mTell applicants who they will work with[0m
            [36m</h1>[39m
            [36m<p[39m
              [33mclass[39m=[32m"user-intro"[39m
            [36m>[39m
              [0mSave your phone number, company or organisation name, and a 
short description so your opportunities feel trustworthy and clear.[0m
            [36m</p>[39m
            [36m<p[39m
              [33mclass[39m=[32m"user-item-meta"[39m
            [36m>[39m
              [0mProvider account details were not found.[0m
            [36m</p>[39m
          [36m</section>[39m
          [36m<nav[39m
            [33maria-label[39m=[32m"Profile actions"[39m
            [33mclass[39m=[32m"user-nav-actions"[39m
          [36m>[39m
            [36m<button[39m
              [33mclass[39m=[32m"user-link-btn"[39m
              [33mtype[39m=[32m"button"[39m
            [36m>[39m
              [0mBack to workspace[0m
            [36m</button>[39m
            [36m<button[39m
              [33mclass[39m=[32m"user-logout-btn"[39m
            [36m>[39m
              [0mLogout[0m
            [36m</button>[39m
          [36m</nav>[39m
        [36m</header>[39m
        [36m<section[39m
          [33mclass[39m=[32m"profile-overview-grid"[39m
        [36m>[39m
          [36m<article[39m
            [33mclass[39m=[32m"user-panel profile-card 
profile-card-personal"[39m
          [36m>[39m
            [36m<h2>[39m
              [0mProfile form[0m
            [36m</h2>[39m
            [36m<form[39m
              [33mclass[39m=[32m"profile-fields-grid"[39m
              [33mnovalidate[39m=[32m""[39m
            [36m>[39m
              [36m<label[39m
                [33mclass[39m=[32m"profile-field "[39m
                [33mfor[39m=[32m"provider-organisation-name"[39m
              [36m>[39m
                [36m<span>[39m
                  [0mCompany / organisation name[0m
                [36m</span>[39m
                [36m<input[39m
                  [33maria-invalid[39m=[32m"false"[39m
                  [33mclass[39m=[32m"profile-input"[39m
                  [33mid[39m=[32m"provider-organisation-name"[39m
                  [33mname[39m=[32m"organisation_name"[39m
                  [33mvalue[39m=[32m""[39m
                [36m/>[39m
              [36m</label>[39m
              [36m<label[39m
                [33mclass[39m=[32m"profile-field "[39m
                [33mfor[39m=[32m"provider-phone"[39m
              [36m>[39m
                [36m<span>[39m
                  [0mPhone number[0m
                [36m</span>[39m
                [36m<input[39m
                  [33maria-invalid[39m=[32m"false"[39m
                  [33mclass[39m=[32m"profile-input"[39m
                  [33mid[39m=[32m"provider-phone"[39m
                  [33minputmode[39m=[32m"tel"[39m
                  [33mmaxlength[39m=[32m"20"[39m
                  [33mname[39m=[32m"phone"[39m
                  [33mplaceholder[39m=[32m"e.g. 0821234567"[39m
                  [33mvalue[39m=[32m""[39m
                [36m/>[39m
              [36m</label>[39m
              [36m<label[39m
                [33mclass[39m=[32m"profile-field "[39m
                [33mfor[39m=[32m"provider-description"[39m
              [36m>[39m
                [36m<span>[39m
                  [0mDescription[0m
                [36m</span>[39m
                [36m<textarea[39m
                  [33maria-invalid[39m=[32m"false"[39m
                  [33mclass[39m=[32m"profile-input"[39m
                  [33mid[39m=[32m"provider-description"[39m
                  [33mname[39m=[32m"description"[39m
                  [33mplaceholder[39m=[32m"Describe your organisation, what 
you offer, and what applicants can expect."[39m
                  [33mrows[39m=[32m"6"[39m
                [36m/>[39m
              [36m</label>[39m
              [36m<button[39m
                [33mclass[39m=[32m"user-action-btn provider-inline-btn"[39m
                [33mtype[39m=[32m"submit"[39m
              [36m>[39m
                [0mSave provider profile[0m
              [36m</button>[39m
            [36m</form>[39m
          [36m</article>[39m
          [36m<article[39m
            [33mclass[39m=[32m"user-panel profile-card"[39m
          [36m>[39m
            [36m<h2>[39m
              [0mSaved profile[0m
            [36m</h2>[39m
            [36m<p[39m
              [33mclass[39m=[32m"user-item-meta"[39m
            [36m>[39m
              [0mThis is the information applicants will see on your provider 
profile page.[0m
            [36m</p>[39m
            [36m<div[39m
              [33mclass[39m=[32m"provider-profile-summary"[39m
            [36m>[39m
              [36m<p[39m
                [33mclass[39m=[32m"provider-profile-summary-label"[39m
              [36m>[39m
                [0mCompany / organisation name[0m
              [36m</p>[39m
              [36m<strong>[39m
                [0mProfile not saved yet[0m
              [36m</strong>[39m
              [36m<p[39m
                [33mclass[39m=[32m"provider-profile-summary-label"[39m
              [36m>[39m
                [0mPhone number[0m
              [36m</p>[39m
              [36m<strong>[39m
                [0mNot specified[0m
              [36m</strong>[39m
              [36m<p[39m
                [33mclass[39m=[32m"provider-profile-summary-label"[39m
              [36m>[39m
                [0mDescription[0m
              [36m</p>[39m
              [36m<p[39m
                [33mclass[39m=[32m"provider-profile-summary-copy"[39m
              [36m>[39m
                [0mAdd your organisation details on the form to show them 
here.[0m
              [36m</p>[39m
            [36m</div>[39m
            [36m<a[39m
              [33mclass[39m=[32m"user-link-btn provider-inline-btn"[39m
              [33mdata-discover[39m=[32m"true"[39m
              [33mhref[39m=[32m"/provider"[39m
            [36m>[39m
              [0mView provider workspace[0m
            [36m</a>[39m
          [36m</article>[39m
        [36m</section>[39m
      [36m</section>[39m
    [36m</main>[39m
  [36m</div>[39m
[36m</body>[39m

Ignored nodes: comments, script, style
[36m<html>[39m
  [36m<head />[39m
  [36m<body>[39m
    [36m<div>[39m
      [36m<main[39m
        [33mclass[39m=[32m"user-page provider-theme profile-shell"[39m
      [36m>[39m
        [36m<section[39m
          [33mclass[39m=[32m"user-page-inner"[39m
        [36m>[39m
          [36m<header[39m
            [33mclass[39m=[32m"user-hero profile-header"[39m
          [36m>[39m
            [36m<section>[39m
              [36m<p[39m
                [33mclass[39m=[32m"user-kicker"[39m
              [36m>[39m
                [0mProvider Profile[0m
              [36m</p>[39m
              [36m<h1>[39m
                [0mTell applicants who they will work with[0m
              [36m</h1>[39m
              [36m<p[39m
                [33mclass[39m=[32m"user-intro"[39m
              [36m>[39m
                [0mSave your phone number, company or organisation name, and 
a short description so your opportunities feel trustworthy and clear.[0m
              [36m</p>[39m
              [36m<p[39m
                [33mclass[39m=[32m"user-item-meta"[39m
              [36m>[39m
                [0mProvider account details were not found.[0m
              [36m</p>[39m
            [36m</section>[39m
            [36m<nav[39m
              [33maria-label[39m=[32m"Profile actions"[39m
              [33mclass[39m=[32m"user-nav-actions"[39m
            [36m>[39m
              [36m<button[39m
                [33mclass[39m=[32m"user-link-btn"[39m
                [33mtype[39m=[32m"button"[39m
              [36m>[39m
                [0mBack to workspace[0m
              [36m</button>[39m
              [36m<button[39m
                [33mclass[39m=[32m"user-logout-btn"[39m
              [36m>[39m
                [0mLogout[0m
              [36m</button>[39m
            [36m</nav>[39m
          [36m</header>[39m
          [36m<section[39m
            [33mclass[39m=[32m"profile-overview-grid"[39m
          [36m>[39m
            [36m<article[39m
              [33mclass[39m=[32m"user-panel profile-card 
profile-card-personal"[39m
            [36m>[39m
              [36m<h2>[39m
                [0mProfile form[0m
              [36m</h2>[39m
              [36m<form[39m
                [33mclass[39m=[32m"profile-fields-grid"[39m
                [33mnovalidate[39m=[32m""[39m
              [36m>[39m
                [36m<label[39m
                  [33mclass[39m=[32m"profile-field "[39m
                  [33mfor[39m=[32m"provider-organisation-name"[39m
                [36m>[39m
                  [36m<span>[39m
                    [0mCompany / organisation name[0m
                  [36m</span>[39m
                  [36m<input[39m
                    [33maria-invalid[39m=[32m"false"[39m
                    [33mclass[39m=[32m"profile-input"[39m
                    [33mid[39m=[32m"provider-organisation-name"[39m
                    [33mname[39m=[32m"organisation_name"[39m
                    [33mvalue[39m=[32m""[39m
                  [36m/>[39m
                [36m</label>[39m
                [36m<label[39m
                  [33mclass[39m=[32m"profile-field "[39m
                  [33mfor[39m=[32m"provider-phone"[39m
                [36m>[39m
                  [36m<span>[39m
                    [0mPhone number[0m
                  [36m</span>[39m
                  [36m<input[39m
                    [33maria-invalid[39m=[32m"false"[39m
                    [33mclass[39m=[32m"profile-input"[39m
                    [33mid[39m=[32m"provider-phone"[39m
                    [33minputmode[39m=[32m"tel"[39m
                    [33mmaxlength[39m=[32m"20"[39m
                    [33mname[39m=[32m"phone"[39m
                    [33mplaceholder[39m=[32m"e.g. 0821234567"[39m
                    [33mvalue[39m=[32m""[39m
                  [36m/>[39m
                [36m</label>[39m
                [36m<label[39m
                  [33mclass[39m=[32m"profile-field "[39m
                  [33mfor[39m=[32m"provider-description"[39m
                [36m>[39m
                  [36m<span>[39m
                    [0mDescription[0m
                  [36m</span>[39m
                  [36m<textarea[39m
                    [33maria-invalid[39m=[32m"false"[39m
                    [33mclass[39m=[32m"profile-input"[39m
                    [33mid[39m=[32m"provider-description"[39m
                    [33mname[39m=[32m"description"[39m
                    [33mplaceholder[39m=[32m"Describe your organisation, 
what you offer, and what applicants can expect."[39m
                    [33mrows[39m=[32m"6"[39m
                  [36m/>[39m
                [36m</label>[39m
                [36m<button[39m
                  [33mclass[39m=[32m"user-action-btn 
provider-inline-btn"[39m
                  [33mtype[39m=[32m"submit"[39m
                [36m>[39m
                  [0mSave provider profile[0m
                [36m</button>[39m
              [36m</form>[39m
            [36m</article>[39m
            [36m<article[39m
              [33mclass[39m=[32m"user-panel profile-card"[39m
            [36m>[39m
              [36m<h2>[39m
                [0mSaved profile[0m
              [36m</h2>[39m
              [36m<p[39m
                [33mclass[39m=[32m"user-item-meta"[39m
              [36m>[39m
                [0mThis is the information applicants will see on your 
provider profile page.[0m
              [36m</p>[39m
              [36m<div[39m
                [33mclass[39m=[32m"provider-profile-summary"[39m
              [36m>[39m
                [36m<p[39m
                  [33mclass[39m=[32m"provider-profile-summary-label"[39m
                [36m>[39m
                  [0mCompany / organisation name[0m
                [36m</p>[39m
                [36m<strong>[39m
                  [0mProfile not saved yet[0m
                [36m</strong>[39m
                [36m<p[39m
                  [33mclass[39m=[32m"provider-profile-summary-label"[39m
                [36m>[39m
                  [0mPhone number[0m
                [36m</p>[39m
                [36m<strong>[39m
                  [0mNot specified[0m
                [36m</strong>[39m
                [36m<p[39m
                  [33mclass[39m=[32m"provider-profile-summary-label"[39m
                [36m>[39m
                  [0mDescription[0m
                [36m</p>[39m
                [36m<p[39m
                  [33mclass[39m=[32m"provider-profile-summary-copy"[39m
                [36m>[39m
                  [0mAdd your organisation details on the form to show them 
here.[0m
                [36m</p>[39m
              [36m</div>[39m
              [36m<a[39m
                [33mclass[39m=[32m"user-link-btn provider-inline-btn"[39m
                [33mdata-discover[39m=[32m"true"[39m
                [33mhref[39m=[32m"/provider"[39m
              [36m>[39m
                [0mView provider workspace[0m
              [36m</a>[39m
            [36m</article>[39m
          [36m</section>[39m
        [36m</section>[39m
      [36m</main>[39m
    [36m</div>[39m
  [36m</body>[39m
[36m</html>[39m
[90m [2mΓ¥»[22m Proxy.waitForWrapper 
node_modules/@testing-library/dom/dist/wait-for.js:[2m163:27[22m[39m
[36m [2mΓ¥»[22m src/RoleBasedRouting.test.jsx:[2m200:11[22m[39m
    [90m198|[39m
    [90m199|[39m     [34mrenderApp[39m([32m'/'[39m)
    [90m200|[39m     [35mawait[39m [34mwaitFor[39m(() [33m=>[39m {
    [90m   |[39m           [31m^[39m
    [90m201|[39m       
[34mexpect[39m(screen[33m.[39m[34mgetByText[39m([32m'Provider 
Workspace'[39m))[33m.[39m[34mtoBeTruthy[39m()
    [90m202|[39m     })

[31m[2mΓÄ»ΓÄ»ΓÄ»ΓÄ»ΓÄ»ΓÄ»ΓÄ»ΓÄ»ΓÄ»ΓÄ»ΓÄ»ΓÄ»ΓÄ»ΓÄ»ΓÄ»ΓÄ»ΓÄ»ΓÄ»ΓÄ»ΓÄ»ΓÄ»ΓÄ»ΓÄ»Γ
Ä»[2/3]ΓÄ»[22m[39m

[41m[1m FAIL [22m[49m 
src/pages/ProviderEditDeleteListing.acceptance.test.jsx[2m > [22mProvider 
Edit/Delete listing acceptance tests[2m > [22m12/13. Applicant, Admin, and 
unauthenticated users are blocked by route guard
[31m[1mAssertionError[22m: expected '// Main app: handles Google OAuth, 
roΓÇª' to contain 'allowedRole="Provider"'[39m

[32m- Expected[39m
[31m+ Received[39m

[32m- allowedRole="Provider"[39m
[31m+ // Main app: handles Google OAuth, role-based routing, and admin 
dashboard
[39m
[31m+ // TRICKY PARTS:
[39m
[31m+ // - OAuth flow: Google login ΓåÆ email lookup ΓåÆ role selection (if 
new user)
[39m
[31m+ // - Session persistence: browser cookies restored on page refresh
[39m
[31m+ // - Route guards: ProtectedRoute blocks unauthorized access
[39m
[31m+ // - State management: tracking auth, loading, roles, and pending 
signups
[39m
[31m+ // - 3D animation: particle effect that reacts to mouse movement
[39m
[31m+ 
[39m
[31m+ import { useCallback, useEffect, useMemo, useRef, useState } from 
'react'
[39m
[31m+ import './App.css'
[39m
[31m+ import { Routes, Route, useNavigate, useLocation, Navigate } from 
'react-router-dom'
[39m
[31m+ import Admin from './pages/Admin'
[39m
[31m+ import Dashboard from './pages/Dashboard'
[39m
[31m+ import ApplicantProfile from './pages/ApplicantProfile'
[39m
[31m+ import ApplicantListingDetail from './pages/ApplicantListingDetail'
[39m
[31m+ import Provider from './pages/Provider'
[39m
[31m+ import ProviderProfile from './pages/ProviderProfile'
[39m
[31m+ import ProviderListingForm from './pages/ProviderListingForm'
[39m
[31m+ import ProviderListingEdit from './pages/ProviderListingEdit'
[39m
[31m+ import ProviderListingApplications from 
'./pages/ProviderListingApplications'
[39m
[31m+ import { hasSupabaseConfig, supabase } from './lib/supabaseClient'
[39m
[31m+ const AdminDashboardShell = Admin
[39m
[31m+ 
[39m
[31m+ // ProtectedRoute: Guard component that restricts access to 
role-specific pages
[39m
[31m+ // USAGE: <ProtectedRoute role={role} allowedRole="Admin" 
signedIn={signedIn} isLoading={isLoadingAuth}><Admin /></ProtectedRoute>
[39m
[31m+ // LOGIC:
[39m
[31m+ // 1. If still checking auth ΓåÆ show loading shell (don't flash wrong 
page)
[39m
[31m+ // 2. If not signed in ΓåÆ redirect to home (must log in)
[39m
[31m+ // 3. If wrong role ΓåÆ redirect to home (prevent unauthorized access)
[39m
[31m+ // 4. All checks pass ΓåÆ render the protected content
[39m
[31m+ function ProtectedRoute({ role, allowedRole, signedIn, isLoading, 
children }) {
[39m
[31m+   const location = useLocation()
[39m
[31m+ 
[39m
[31m+   // Show loading state while session is being verified from browser 
cookies
[39m
[31m+   // If we're still loading but already know the user is signed in, 
render
[39m
[31m+   // the protected content so a refresh doesn't lock the user out 
temporarily.
[39m
[31m+   if (isLoading && !signedIn) {
[39m
[31m+     return (
[39m
[31m+       <main className="auth-loading-shell" aria-busy="true" 
aria-live="polite">
[39m
[31m+         <p>Checking your session...</p>
[39m
[31m+       </main>
[39m
[31m+     )
[39m
[31m+   }
[39m
[31m+ 
[39m
[31m+   // Unauthenticated users cannot access protected routes
[39m
[31m+   if (!signedIn) {
[39m
[31m+     return <Navigate to="/" replace state={{ from: location }} />
[39m
[31m+   }
[39m
[31m+ 
[39m
[31m+   // Role mismatch: user is logged in but lacks permission for this page
[39m
[31m+   // Example: Applicant (role="Applicant") trying to access /admin 
(allowedRole="Admin")
[39m
[31m+   if (role !== allowedRole) {
[39m
[31m+     return <Navigate to="/" replace state={{ from: location }} />
[39m
[31m+   }
[39m
[31m+ 
[39m
[31m+   // All security checks passed: render the page
[39m
[31m+   return children
[39m
[31m+ }
[39m
[31m+ 
[39m
[31m+ function ProviderWorkspaceRoute({ role, signedIn, isLoading, 
providerLandingRoute, children }) {
[39m
[31m+   const location = useLocation()
[39m
[31m+ 
[39m
[31m+   if (isLoading && !signedIn) {
[39m
[31m+     return (
[39m
[31m+       <main className="auth-loading-shell" aria-busy="true" 
aria-live="polite">
[39m
[31m+         <p>Checking your session...</p>
[39m
[31m+       </main>
[39m
[31m+     )
[39m
[31m+   }
[39m
[31m+ 
[39m
[31m+   if (!signedIn) {
[39m
[31m+     return <Navigate to="/" replace state={{ from: location }} />
[39m
[31m+   }
[39m
[31m+ 
[39m
[31m+   if (role !== 'Provider') {
[39m
[31m+     return <Navigate to="/" replace state={{ from: location }} />
[39m
[31m+   }
[39m
[31m+ 
[39m
[31m+   if (providerLandingRoute !== '/provider') {
[39m
[31m+     return <Navigate to="/provider/profile" replace state={{ from: 
location }} />
[39m
[31m+   }
[39m
[31m+ 
[39m
[31m+   return children
[39m
[31m+ }
[39m
[31m+ 
[39m
[31m+ function ProviderProfileRoute({ role, signedIn, isLoading, 
providerLandingRoute, children }) {
[39m
[31m+   const location = useLocation()
[39m
[31m+ 
[39m
[31m+   if (isLoading && !signedIn) {
[39m
[31m+     return (
[39m
[31m+       <main className="auth-loading-shell" aria-busy="true" 
aria-live="polite">
[39m
[31m+         <p>Checking your session...</p>
[39m
[31m+       </main>
[39m
[31m+     )
[39m
[31m+   }
[39m
[31m+ 
[39m
[31m+   if (!signedIn) {
[39m
[31m+     return <Navigate to="/" replace state={{ from: location }} />
[39m
[31m+   }
[39m
[31m+ 
[39m
[31m+   if (role !== 'Provider') {
[39m
[31m+     return <Navigate to="/" replace state={{ from: location }} />
[39m
[31m+   }
[39m
[31m+ 
[39m
[31m+   if (providerLandingRoute === '/provider') {
[39m
[31m+     return <Navigate to="/provider" replace state={{ from: location }} 
/>
[39m
[31m+   }
[39m
[31m+ 
[39m
[31m+   return children
[39m
[31m+ }
[39m
[31m+ 
[39m
[31m+ // Redirect logic: where should each role go after logging in?
[39m
[31m+ function getLandingRoute(role) {
[39m
[31m+   if (role === 'Admin') return '/admin'
[39m
[31m+   if (role === 'Provider') return '/provider'
[39m
[31m+   return '/dashboard'
[39m
[31m+ }
[39m
[31m+ 
[39m
[31m+ function isProviderProfileComplete(profile) {
[39m
[31m+   return Boolean(
[39m
[31m+     profile?.id
[39m
[31m+       && profile?.organisation_name?.trim()
[39m
[31m+       && profile?.phone?.trim()
[39m
[31m+       && profile?.description?.trim(),
[39m
[31m+   )
[39m
[31m+ }
[39m
[31m+ 
[39m
[31m+ function getProviderLandingRoute(profile) {
[39m
[31m+   return isProviderProfileComplete(profile) ? '/provider' : 
'/provider/profile'
[39m
[31m+ }
[39m
[31m+ 
[39m
[31m+ function isApplicantProfileComplete(profile) {
[39m
[31m+   return Boolean(
[39m
[31m+     profile?.id
[39m
[31m+       && profile?.first_name?.trim()
[39m
[31m+       && profile?.last_name?.trim()
[39m
[31m+       && profile?.phone?.trim()
[39m
[31m+       && profile?.location?.trim()
[39m
[31m+       && profile?.date_of_birth
[39m
[31m+       && profile?.id_number?.trim()
[39m
[31m+       && profile?.cv_url?.trim(),
[39m
[31m+   )
[39m
[31m+ }
[39m
[31m+ 
[39m
[31m+ function getConfiguredAdminEmails() {
[39m
[31m+   const configuredEmails = import.meta.env.VITE_ADMIN_EMAILS?.trim()
[39m
[31m+ 
[39m
[31m+   if (configuredEmails) {
[39m
[31m+     return configuredEmails
[39m
[31m+       .split(',')
[39m
[31m+       .map((email) => email.trim().toLowerCase())
[39m
[31m+       .filter(Boolean)
[39m
[31m+   }
[39m
[31m+ 
[39m
[31m+   return ['connor@yourdomain.com', 'anotheradmin@yourdomain.com']
[39m
[31m+ }
[39m
[31m+ 
[39m
[31m+ function App() {
[39m
[31m+   // Authentication state management:
[39m
[31m+   const [role, setRole] = useState(null) // Current user's role: 
'Admin', 'Provider', 'Applicant', or null
[39m
[31m+   const [signedIn, setSignedIn] = useState(false) // True if OAuth 
session is active
[39m
[31m+   const [isLoadingAuth, setIsLoadingAuth] = useState(true) // True 
while checking session from browser cookies
[39m
[31m+   const [authError, setAuthError] = useState('') // Display auth errors 
to user
[39m
[31m+   const [pendingEmail, setPendingEmail] = useState('') // New user 
email waiting for role selection
[39m
[31m+   const [isSavingRole, setIsSavingRole] = useState(false) // True while 
inserting user into database
[39m
[31m+   const [applicantLandingRoute, setApplicantLandingRoute] = 
useState('/dashboard')
[39m
[31m+   const [providerLandingRoute, setProviderLandingRoute] = 
useState('/provider/profile')
[39m
[31m+   const oauthTimeoutRef = useRef(null)
[39m
[31m+ 
[39m
[31m+   // Animation state for the 3D particle effect
[39m
[31m+   const [pointer, setPointer] = useState({ x: 0, y: 0 })
[39m
[31m+   const [isScrolled, setIsScrolled] = useState(false)
[39m
[31m+   const navigate = useNavigate()
[39m
[31m+   const location = useLocation()
[39m
[31m+   const oauthRedirectTo =
[39m
[31m+     import.meta.env.VITE_AUTH_REDIRECT_URL?.trim() || 
`${window.location.origin}/`
[39m
[31m+ 
[39m
[31m+   const clearOAuthTimeout = useCallback(() => {
[39m
[31m+     if (oauthTimeoutRef.current) {
[39m
[31m+       window.clearTimeout(oauthTimeoutRef.current)
[39m
[31m+       oauthTimeoutRef.current = null
[39m
[31m+     }
[39m
[31m+   }, [])
[39m
[31m+ 
[39m
[31m+   // Query users table to get applicant/provider/admin role based on 
email
[39m
[31m+   const getRoleForEmail = useCallback(async (email) => {
[39m
[31m+     // Query users table: find role by email address
[39m
[31m+     const { data: userRecord, error: fetchError } = await supabase
[39m
[31m+       .from('users')
[39m
[31m+       .select('role')
[39m
[31m+       .eq('email', email)
[39m
[31m+       .maybeSingle() // null if no match
[39m
[31m+ 
[39m
[31m+     if (fetchError) {
[39m
[31m+       throw fetchError
[39m
[31m+     }
[39m
[31m+ 
[39m
[31m+     if (!userRecord?.role) {
[39m
[31m+       const normalizedEmail = email?.trim().toLowerCase()
[39m
[31m+       const configuredAdminEmails = getConfiguredAdminEmails()
[39m
[31m+ 
[39m
[31m+       if (normalizedEmail && 
configuredAdminEmails.includes(normalizedEmail)) {
[39m
[31m+         const { data: restoredAdmin, error: restoreError } = await 
supabase
[39m
[31m+           .from('users')
[39m
[31m+           .upsert({ email: normalizedEmail, role: 'Admin' }, { 
onConflict: 'email' })
[39m
[31m+           .select('role')
[39m
[31m+           .single()
[39m
[31m+ 
[39m
[31m+         if (restoreError) {
[39m
[31m+           throw restoreError
[39m
[31m+         }
[39m
[31m+ 
[39m
[31m+         return restoredAdmin?.role ?? 'Admin'
[39m
[31m+       }
[39m
[31m+     }
[39m
[31m+ 
[39m
[31m+     return userRecord?.role ?? null
[39m
[31m+   }, [])
[39m
[31m+ 
[39m
[31m+   const getApplicantLandingRouteForEmail = useCallback(async (email) => 
{
[39m
[31m+     if (!hasSupabaseConfig || !email) {
[39m
[31m+       return '/profile'
[39m
[31m+     }
[39m
[31m+ 
[39m
[31m+     const { data: userRow } = await supabase
[39m
[31m+       .from('users')
[39m
[31m+       .select('id')
[39m
[31m+       .eq('email', email)
[39m
[31m+       .maybeSingle()
[39m
[31m+ 
[39m
[31m+     if (!userRow?.id) {
[39m
[31m+       return '/profile'
[39m
[31m+     }
[39m
[31m+ 
[39m
[31m+     const { data: profileRow } = await supabase
[39m
[31m+       .from('applicant_profiles')
[39m
[31m+       .select('id,first_name,last_name,phone,location,date_of_birth,id_n
umber,cv_url')
[39m
[31m+       .eq('user_id', userRow.id)
[39m
[31m+       .maybeSingle()
[39m
[31m+ 
[39m
[31m+     return isApplicantProfileComplete(profileRow) ? '/dashboard' : 
'/profile'
[39m
[31m+   }, [])
[39m
[31m+ 
[39m
[31m+   const getProviderLandingRouteForEmail = useCallback(async (email) => {
[39m
[31m+     if (!hasSupabaseConfig || !email) {
[39m
[31m+       return '/provider/profile'
[39m
[31m+     }
[39m
[31m+ 
[39m
[31m+     const { data: userRow } = await supabase
[39m
[31m+       .from('users')
[39m
[31m+       .select('id')
[39m
[31m+       .eq('email', email)
[39m
[31m+       .maybeSingle()
[39m
[31m+ 
[39m
[31m+     if (!userRow?.id) {
[39m
[31m+       return '/provider/profile'
[39m
[31m+     }
[39m
[31m+ 
[39m
[31m+     const { data: profileRow } = await supabase
[39m
[31m+       .from('provider_profiles')
[39m
[31m+       .select('id,organisation_name,phone,description')
[39m
[31m+       .eq('user_id', userRow.id)
[39m
[31m+       .maybeSingle()
[39m
[31m+ 
[39m
[31m+     return getProviderLandingRoute(profileRow)
[39m
[31m+   }, [])
[39m
[31m+ 
[39m
[31m+   // AUTH BOOTSTRAP: Restore user session on app load and listen for 
auth changes
[39m
[31m+   // FLOW:
[39m
[31m+   // 1. Check if session exists in browser cookies (user already logged 
in before)
[39m
[31m+   // 2. Lookup user's role in database by email
[39m
[31m+   // 3. Set up listener to detect sign-in/sign-out events
[39m
[31m+   // 4. When sign-in happens, role lookup and optional role selection 
for new users
[39m
[31m+   // WHY: Ensures app state matches Supabase auth session, prevents 
stale data on refresh
[39m
[31m+   useEffect(() => {
[39m
[31m+     let isMounted = true
[39m
[31m+ 
[39m
[31m+     const initializeAuth = async () => {
[39m
[31m+       setIsLoadingAuth(true)
[39m
[31m+ 
[39m
[31m+       if (!hasSupabaseConfig) {
[39m
[31m+         if (isMounted) {
[39m
[31m+           setAuthError('Missing Supabase environment variables. Add 
VITE_SUPABASE_URL and VITE_SUPABASE_ANON_KEY.')
[39m
[31m+           setSignedIn(false)
[39m
[31m+           setRole(null)
[39m
[31m+           setIsLoadingAuth(false)
[39m
[31m+         }
[39m
[31m+         return
[39m
[31m+       }
[39m
[31m+ 
[39m
[31m+       const { data, error } = await supabase.auth.getSession()
[39m
[31m+ 
[39m
[31m+       if (error) {
[39m
[31m+         if (isMounted) {
[39m
[31m+           setAuthError('Unable to restore your session. Please sign in 
again.')
[39m
[31m+           setSignedIn(false)
[39m
[31m+           setRole(null)
[39m
[31m+           setIsLoadingAuth(false)
[39m
[31m+         }
[39m
[31m+         return
[39m
[31m+       }
[39m
[31m+ 
[39m
[31m+       const existingSession = data.session
[39m
[31m+ 
[39m
[31m+       if (!existingSession?.user?.email) {
[39m
[31m+         if (isMounted) {
[39m
[31m+           setSignedIn(false)
[39m
[31m+           setRole(null)
[39m
[31m+           setApplicantLandingRoute('/dashboard')
[39m
[31m+           setProviderLandingRoute('/provider/profile')
[39m
[31m+           setIsLoadingAuth(false)
[39m
[31m+         }
[39m
[31m+         return
[39m
[31m+       }
[39m
[31m+ 
[39m
[31m+       try {
[39m
[31m+         const resolvedRole = await 
getRoleForEmail(existingSession.user.email)
[39m
[31m+         const resolvedLandingRoute =
[39m
[31m+           resolvedRole === 'Applicant'
[39m
[31m+             ? await 
getApplicantLandingRouteForEmail(existingSession.user.email)
[39m
[31m+             : resolvedRole === 'Provider'
[39m
[31m+               ? await 
getProviderLandingRouteForEmail(existingSession.user.email)
[39m
[31m+             : getLandingRoute(resolvedRole)
[39m
[31m+         if (isMounted) {
[39m
[31m+           setSignedIn(true)
[39m
[31m+           setRole(resolvedRole)
[39m
[31m+           setPendingEmail(resolvedRole ? '' : 
existingSession.user.email)
[39m
[31m+           setApplicantLandingRoute(resolvedLandingRoute)
[39m
[31m+           setProviderLandingRoute(resolvedRole === 'Provider' ? 
resolvedLandingRoute : '/provider/profile')
[39m
[31m+           setAuthError('')
[39m
[31m+         }
[39m
[31m+       } catch {
[39m
[31m+         if (isMounted) {
[39m
[31m+           setSignedIn(false)
[39m
[31m+           setRole(null)
[39m
[31m+           setApplicantLandingRoute('/dashboard')
[39m
[31m+           setProviderLandingRoute('/provider/profile')
[39m
[31m+           setAuthError('Signed in, but role lookup failed. Check your 
users table and policies.')
[39m
[31m+         }
[39m
[31m+       } finally {
[39m
[31m+         if (isMounted) {
[39m
[31m+           setIsLoadingAuth(false)
[39m
[31m+         }
[39m
[31m+       }
[39m
[31m+     }
[39m
[31m+ 
[39m
[31m+     initializeAuth()
[39m
[31m+ 
[39m
[31m+     if (!hasSupabaseConfig) {
[39m
[31m+       return () => {
[39m
[31m+         isMounted = false
[39m
[31m+       }
[39m
[31m+     }
[39m
[31m+ 
[39m
[31m+     const {
[39m
[31m+       data: { subscription },
[39m
[31m+     } = supabase.auth.onAuthStateChange(async (event, session) => {
[39m
[31m+       if (!isMounted) {
[39m
[31m+         return
[39m
[31m+       }
[39m
[31m+ 
[39m
[31m+       if (event === 'SIGNED_OUT' || !session?.user?.email) {
[39m
[31m+         clearOAuthTimeout()
[39m
[31m+         setSignedIn(false)
[39m
[31m+         setRole(null)
[39m
[31m+         setPendingEmail('')
[39m
[31m+         setIsSavingRole(false)
[39m
[31m+         setApplicantLandingRoute('/dashboard')
[39m
[31m+         setProviderLandingRoute('/provider/profile')
[39m
[31m+         setIsLoadingAuth(false)
[39m
[31m+         return
[39m
[31m+       }
[39m
[31m+ 
[39m
[31m+       try {
[39m
[31m+         const resolvedRole = await getRoleForEmail(session.user.email)
[39m
[31m+         const resolvedLandingRoute =
[39m
[31m+           resolvedRole === 'Applicant'
[39m
[31m+             ? await getApplicantLandingRouteForEmail(session.user.email)
[39m
[31m+             : resolvedRole === 'Provider'
[39m
[31m+               ? await 
getProviderLandingRouteForEmail(session.user.email)
[39m
[31m+             : getLandingRoute(resolvedRole)
[39m
[31m+         if (!isMounted) {
[39m
[31m+           return
[39m
[31m+         }
[39m
[31m+         clearOAuthTimeout()
[39m
[31m+         setSignedIn(true)
[39m
[31m+         setRole(resolvedRole)
[39m
[31m+         setPendingEmail(resolvedRole ? '' : session.user.email)
[39m
[31m+         setApplicantLandingRoute(resolvedLandingRoute)
[39m
[31m+         setProviderLandingRoute(resolvedRole === 'Provider' ? 
resolvedLandingRoute : '/provider/profile')
[39m
[31m+         setAuthError('')
[39m
[31m+       } catch {
[39m
[31m+         if (!isMounted) {
[39m
[31m+           return
[39m
[31m+         }
[39m
[31m+         setSignedIn(false)
[39m
[31m+         setRole(null)
[39m
[31m+         setApplicantLandingRoute('/dashboard')
[39m
[31m+         setProviderLandingRoute('/provider/profile')
[39m
[31m+         setAuthError('OAuth succeeded, but role lookup failed. Please 
verify Supabase table policies.')
[39m
[31m+       } finally {
[39m
[31m+         if (isMounted) {
[39m
[31m+           clearOAuthTimeout()
[39m
[31m+           setIsLoadingAuth(false)
[39m
[31m+         }
[39m
[31m+       }
[39m
[31m+     })
[39m
[31m+ 
[39m
[31m+     return () => {
[39m
[31m+       clearOAuthTimeout()
[39m
[31m+       isMounted = false
[39m
[31m+       subscription.unsubscribe()
[39m
[31m+     }
[39m
[31m+   }, [clearOAuthTimeout, getRoleForEmail, 
getApplicantLandingRouteForEmail])
[39m
[31m+ 
[39m
[31m+   // AUTO-REDIRECT: Send logged-in users to their role-appropriate 
dashboard
[39m
[31m+   // WHEN: User has loaded auth state, is signed in, has a role, and is 
on home page
[39m
[31m+   // REDIRECTS: Admin ΓåÆ /admin, Provider ΓåÆ /provider, Applicant ΓåÆ 
/dashboard
[39m
[31m+   useEffect(() => {
[39m
[31m+     const redirectedFromProtectedRoute = Boolean(location.state?.from)
[39m
[31m+     const keepApplicantOnHome = redirectedFromProtectedRoute && role 
=== 'Applicant'
[39m
[31m+     const landingRoute =
[39m
[31m+       role === 'Applicant'
[39m
[31m+         ? applicantLandingRoute
[39m
[31m+         : role === 'Provider'
[39m
[31m+           ? providerLandingRoute
[39m
[31m+           : getLandingRoute(role)
[39m
[31m+ 
[39m
[31m+     if (!isLoadingAuth && signedIn && role && location.pathname === '/' 
&& !keepApplicantOnHome) {
[39m
[31m+       navigate(landingRoute, { replace: true })
[39m
[31m+     }
[39m
[31m+   }, [isLoadingAuth, signedIn, role, applicantLandingRoute, 
providerLandingRoute, location.pathname, location.state, navigate])
[39m
[31m+ 
[39m
[31m+   // Clear session and reset all state when logging out
[39m
[31m+   const handleLogout = async () => {
[39m
[31m+     clearOAuthTimeout()
[39m
[31m+ 
[39m
[31m+     if (hasSupabaseConfig) {
[39m
[31m+       await supabase.auth.signOut() // Clear session cookie
[39m
[31m+     }
[39m
[31m+     setSignedIn(false)
[39m
[31m+     setRole(null)
[39m
[31m+     setPendingEmail('')
[39m
[31m+     setIsSavingRole(false)
[39m
[31m+     setApplicantLandingRoute('/dashboard')
[39m
[31m+     setProviderLandingRoute('/provider/profile')
[39m
[31m+     navigate('/')
[39m
[31m+   }
[39m
[31m+ 
[39m
[31m+   // NEW USER ROLE SELECTION: First-time users must choose their role
[39m
[31m+   // WHY: roles (Admin/Provider/Applicant) determine which dashboard 
they access
[39m
[31m+   // PROCESS:
[39m
[31m+   // 1. User logs in with Google (new email, not in database yet)
[39m
[31m+   // 2. We show role selection popup
[39m
[31m+   // 3. User picks role ΓåÆ we insert into 'users' table with their 
email + role
[39m
[31m+   // 4. Next login, step 2-3 are skipped (role already in database)
[39m
[31m+   const handleRoleSelection = async (selectedRole) => {
[39m
[31m+     if (!pendingEmail) {
[39m
[31m+       return
[39m
[31m+     }
[39m
[31m+ 
[39m
[31m+     setIsSavingRole(true)
[39m
[31m+     setAuthError('')
[39m
[31m+ 
[39m
[31m+     const { data: insertedUser, error } = await supabase
[39m
[31m+       .from('users')
[39m
[31m+       .insert({ email: pendingEmail, role: selectedRole })
[39m
[31m+       .select('role')
[39m
[31m+       .single()
[39m
[31m+ 
[39m
[31m+     if (error) {
[39m
[31m+       setIsSavingRole(false)
[39m
[31m+       setAuthError('Could not save role selection. Please try again.')
[39m
[31m+       return
[39m
[31m+     }
[39m
[31m+ 
[39m
[31m+     const resolvedRole = insertedUser?.role || selectedRole
[39m
[31m+     setRole(resolvedRole)
[39m
[31m+     setPendingEmail('')
[39m
[31m+     setIsSavingRole(false)
[39m
[31m+ 
[39m
[31m+     if (resolvedRole === 'Applicant') {
[39m
[31m+       setApplicantLandingRoute('/profile')
[39m
[31m+       navigate('/profile', { replace: true })
[39m
[31m+       return
[39m
[31m+     }
[39m
[31m+ 
[39m
[31m+     if (resolvedRole === 'Provider') {
[39m
[31m+       setProviderLandingRoute('/provider/profile')
[39m
[31m+       navigate('/provider/profile', { replace: true })
[39m
[31m+       return
[39m
[31m+     }
[39m
[31m+ 
[39m
[31m+     setApplicantLandingRoute(getLandingRoute(resolvedRole))
[39m
[31m+     navigate(getLandingRoute(resolvedRole), { replace: true })
[39m
[31m+   }
[39m
[31m+ 
[39m
[31m+   // Generate particle positions for 3D animation (748 dots in 34x22 
grid)
[39m
[31m+   // Complex math creates radial gradient effect that reacts to mouse 
movement
[39m
[31m+   const dots = useMemo(() => {
[39m
[31m+     const result = []
[39m
[31m+     const columns = 34
[39m
[31m+     const rows = 22
[39m
[31m+ 
[39m
[31m+     for (let row = 0; row < rows; row += 1) {
[39m
[31m+       for (let col = 0; col < columns; col += 1) {
[39m
[31m+         const index = row * columns + col
[39m
[31m+         const nx = (col - (columns - 1) / 2) / ((columns - 1) / 2)
[39m
[31m+         const ny = (row - (rows - 1) / 2) / ((rows - 1) / 2)
[39m
[31m+         const r = Math.sqrt(nx * nx + ny * ny)
[39m
[31m+         const z = (1 - Math.min(r, 1)) * 110 - Math.abs(nx) * 32
[39m
[31m+         const dx = ((col % 5) - 2) * 1.6
[39m
[31m+         const dy = ((row % 5) - 2) * 1.4
[39m
[31m+         const dz = ((index % 7) - 3) * 2.2
[39m
[31m+         const delay = `${(index % 11) * 0.18}s`
[39m
[31m+         const duration = `${3.6 + (index % 6) * 0.6}s`
[39m
[31m+         result.push({ nx, ny, z, id: `${row}-${col}`, dx, dy, dz, 
delay, duration })
[39m
[31m+       }
[39m
[31m+     }
[39m
[31m+ 
[39m
[31m+     return result
[39m
[31m+   }, [])
[39m
[31m+ 
[39m
[31m+   // Track mouse position for 3D particle effect
[39m
[31m+   const handleVisualMove = (event) => {
[39m
[31m+     const rect = event.currentTarget.getBoundingClientRect()
[39m
[31m+     const px = ((event.clientX - rect.left) / rect.width - 0.5) * 2
[39m
[31m+     const py = ((event.clientY - rect.top) / rect.height - 0.5) * 2
[39m
[31m+     setPointer({ x: px, y: py })
[39m
[31m+   }
[39m
[31m+ 
[39m
[31m+   const resetVisualMove = () => setPointer({ x: 0, y: 0 })
[39m
[31m+ 
[39m
[31m+   // OAUTH ENTRY POINT: Initiate Google sign-in
[39m
[31m+   // HOW: Calls Supabase.auth.signInWithOAuth() which opens Google 
login popup
[39m
[31m+   // THEN: Auth listener (above) automatically detects successful login 
and looks up role
[39m
[31m+   // NOTE: Don't manually handle role lookup hereΓÇölet the auth 
listener do it (keeps logic centralized)
[39m
[31m+   const handleGoogleContinue = async () => {
[39m
[31m+     setAuthError('')
[39m
[31m+ 
[39m
[31m+     if (!hasSupabaseConfig) {
[39m
[31m+       setAuthError('Set VITE_SUPABASE_URL and VITE_SUPABASE_ANON_KEY 
before using Google login.')
[39m
[31m+       return
[39m
[31m+     }
[39m
[31m+ 
[39m
[31m+     setIsLoadingAuth(true)
[39m
[31m+ 
[39m
[31m+     clearOAuthTimeout()
[39m
[31m+     oauthTimeoutRef.current = window.setTimeout(() => {
[39m
[31m+       setIsLoadingAuth(false)
[39m
[31m+       setAuthError('Google sign-in timed out. Please try again.')
[39m
[31m+     }, 12000)
[39m
[31m+ 
[39m
[31m+     const { error } = await supabase.auth.signInWithOAuth({
[39m
[31m+       provider: 'google',
[39m
[31m+       options: {
[39m
[31m+         redirectTo: oauthRedirectTo,
[39m
[31m+       },
[39m
[31m+     })
[39m
[31m+ 
[39m
[31m+     if (error) {
[39m
[31m+       clearOAuthTimeout()
[39m
[31m+       setIsLoadingAuth(false)
[39m
[31m+       setAuthError('Google sign-in failed. Verify Supabase redirect 
URLs include your local host and VITE_AUTH_REDIRECT_URL value.')
[39m
[31m+     }
[39m
[31m+   }
[39m
[31m+ 
[39m
[31m+   // Fade in sections as they scroll into view
[39m
[31m+   useEffect(() => {
[39m
[31m+     if (location.pathname !== '/') {
[39m
[31m+       return undefined
[39m
[31m+     }
[39m
[31m+ 
[39m
[31m+     const nodes = document.querySelectorAll('.scroll-animate')
[39m
[31m+ 
[39m
[31m+     if (!nodes.length) {
[39m
[31m+       return undefined
[39m
[31m+     }
[39m
[31m+ 
[39m
[31m+     const observer = new IntersectionObserver(
[39m
[31m+       (entries) => {
[39m
[31m+         entries.forEach((entry) => {
[39m
[31m+           if (entry.isIntersecting) {
[39m
[31m+             entry.target.classList.add('is-visible') // Add CSS class 
to trigger fade-in
[39m
[31m+           } else {
[39m
[31m+             entry.target.classList.remove('is-visible') // Remove class 
when scrolled past
[39m
[31m+           }
[39m
[31m+         })
[39m
[31m+       },
[39m
[31m+       { threshold: 0.18 }, // Element must be 18% visible to trigger
[39m
[31m+     )
[39m
[31m+ 
[39m
[31m+     nodes.forEach((node) => observer.observe(node))
[39m
[31m+ 
[39m
[31m+     return () => {
[39m
[31m+       nodes.forEach((node) => observer.unobserve(node))
[39m
[31m+       observer.disconnect()
[39m
[31m+     }
[39m
[31m+   }, [location.pathname])
[39m
[31m+ 
[39m
[31m+   // Track if user has scrolled past the hero section (used for topbar 
styling)
[39m
[31m+   useEffect(() => {
[39m
[31m+     const onScroll = () => setIsScrolled(window.scrollY > 120)
[39m
[31m+     onScroll()
[39m
[31m+     window.addEventListener('scroll', onScroll, { passive: true })
[39m
[31m+     return () => window.removeEventListener('scroll', onScroll)
[39m
[31m+   }, [])
[39m
[31m+ 
[39m
[31m+   // All routes: home page with auth, and protected role dashboards
[39m
[31m+ return (
[39m
[31m+   <Routes>
[39m
[31m+     <Route path="/" element={
[39m
[31m+       <main className="foundry-clone">
[39m
[31m+ 
[39m
[31m+         <header className={`global-topbar ${isScrolled ? 'is-scrolled' 
: ''}`}>
[39m
[31m+           <div className="topbar-main">
[39m
[31m+             <div className="topbar-brand">SA LEARNERSHIP FOUNDRY</div>
[39m
[31m+             <nav className="topbar-nav">
[39m
[31m+               <a href="#">Why Portal</a>
[39m
[31m+               <a href="#">Pathways</a>
[39m
[31m+               <a href="#">Team</a>
[39m
[31m+               <a href="#">Insights</a>
[39m
[31m+               <a href="#">Contact</a>
[39m
[31m+             </nav>
[39m
[31m+           </div>
[39m
[31m+ 
[39m
[31m+           <div className="topbar-auth">
[39m
[31m+             {signedIn && role ? <span 
className="role-display">{role}</span> : null}
[39m
[31m+             <button className="google-auth" onClick={signedIn ? 
handleLogout : handleGoogleContinue}>
[39m
[31m+               {isLoadingAuth ? 'Authenticating...' : signedIn ? 
'Logout' : 'Log In with Google'}
[39m
[31m+             </button>
[39m
[31m+           </div>
[39m
[31m+         </header>
[39m
[31m+ 
[39m
[31m+         <section className="page-one">
[39m
[31m+           <div className="hero-main">
[39m
[31m+             <h1 className="left-title">
[39m
[31m+               BUILDING TALENT
[39m
[31m+               <br />
[39m
[31m+               PATHWAYS THAT
[39m
[31m+             </h1>
[39m
[31m+ 
[39m
[31m+             <div
[39m
[31m+               className="interactive-model"
[39m
[31m+               onMouseMove={handleVisualMove}
[39m
[31m+               onMouseLeave={resetVisualMove}
[39m
[31m+               style={{ '--px': pointer.x, '--py': pointer.y }}
[39m
[31m+             >
[39m
[31m+               <div className="orbital-core">
[39m
[31m+                 <span className="orbit orbit-a"></span>
[39m
[31m+                 <span className="orbit orbit-b"></span>
[39m
[31m+                 <span className="orbit orbit-c"></span>
[39m
[31m+               </div>
[39m
[31m+ 
[39m
[31m+               <div className="dot-volume">
[39m
[31m+                 {dots.map((dot) => (
[39m
[31m+                   <span
[39m
[31m+                     key={dot.id}
[39m
[31m+                     className="dot"
[39m
[31m+                     style={{
[39m
[31m+                       '--x': `${dot.nx * 340}px`,
[39m
[31m+                       '--y': `${dot.ny * 240}px`,
[39m
[31m+                       '--z': `${dot.z}px`,
[39m
[31m+                     }}
[39m
[31m+                   />
[39m
[31m+                 ))}
[39m
[31m+               </div>
[39m
[31m+             </div>
[39m
[31m+ 
[39m
[31m+             <h1 className="right-title">
[39m
[31m+               PUSH THE
[39m
[31m+               <br />
[39m
[31m+               FUTURE FORWARD
[39m
[31m+             </h1>
[39m
[31m+           </div>
[39m
[31m+ 
[39m
[31m+           <div className="hero-bottom">
[39m
[31m+             <p>
[39m
[31m+               A venture lab style platform for learnership access, 
application intelligence,
[39m
[31m+               and practical support that moves candidates from skill to 
real work.
[39m
[31m+             </p>
[39m
[31m+ 
[39m
[31m+             <div className="status-pill">
[39m
[31m+               {signedIn && role
[39m
[31m+                 ? `${role} workspace unlocked`
[39m
[31m+                 : signedIn && pendingEmail
[39m
[31m+                   ? 'Choose your role to continue'
[39m
[31m+                   : 'Sign in with Google to continue'}
[39m
[31m+             </div>
[39m
[31m+           </div>
[39m
[31m+           {signedIn && !role && pendingEmail ? (
[39m
[31m+             <div className="role-onboarding-overlay" role="dialog" 
aria-modal="true" aria-labelledby="role-onboarding-title">
[39m
[31m+               <div className="role-onboarding">
[39m
[31m+                 <p className="role-onboarding-eyebrow">One more step</p>
[39m
[31m+                 <h2 id="role-onboarding-title">Choose your role</h2>
[39m
[31m+                 <p>Select how you want to use the platform for 
{pendingEmail}.</p>
[39m
[31m+                 <div className="role-select">
[39m
[31m+                   <button onClick={() => 
handleRoleSelection('Applicant')} disabled={isSavingRole}>
[39m
[31m+                     Applicant
[39m
[31m+                   </button>
[39m
[31m+                   <button onClick={() => 
handleRoleSelection('Provider')} disabled={isSavingRole}>
[39m
[31m+                     Provider
[39m
[31m+                   </button>
[39m
[31m+                 </div>
[39m
[31m+               </div>
[39m
[31m+             </div>
[39m
[31m+           ) : null}
[39m
[31m+           {authError ? <p className="auth-error">{authError}</p> : null}
[39m
[31m+         </section>
[39m
[31m+ 
[39m
[31m+         <section className="page-two">
[39m
[31m+           <div className="ethos-row scroll-animate">
[39m
[31m+             <div>
[39m
[31m+               <p className="mini-label">Why this platform</p>
[39m
[31m+               <h2>
[39m
[31m+                 OPEN DOORS
[39m
[31m+                 <br />
[39m
[31m+                 TO REAL WORK
[39m
[31m+               </h2>
[39m
[31m+             </div>
[39m
[31m+ 
[39m
[31m+             <div className="ethos-copy">
[39m
[31m+               <p>
[39m
[31m+                 Learnership Foundry helps applicants, providers, and 
moderators collaborate in one
[39m
[31m+                 flow. Discover pathways, publish opportunities, and 
keep quality high with
[39m
[31m+                 visibility from intake to placement.
[39m
[31m+               </p>
[39m
[31m+             </div>
[39m
[31m+           </div>
[39m
[31m+ 
[39m
[31m+           <div className="card-strip scroll-animate swipe-left">
[39m
[31m+             <article className="signal-card tone-dark">
[39m
[31m+               <h3>Discover</h3>
[39m
[31m+               <p>APPLICANT VIEW</p>
[39m
[31m+               <span className="card-art" aria-hidden="true"></span>
[39m
[31m+               <small>Find learnerships that match your interests and 
readiness level.</small>
[39m
[31m+             </article>
[39m
[31m+ 
[39m
[31m+             <article className="signal-card tone-cyan">
[39m
[31m+               <h3>Publish</h3>
[39m
[31m+               <p>PROVIDER VIEW</p>
[39m
[31m+               <span className="card-art" aria-hidden="true"></span>
[39m

[2m Test Files [22m [1m[31m2 failed[39m[22m[2m | [22m[1m[32m12 passed[39m[22m[90m (14)[39m
[2m      Tests [22m [1m[31m3 failed[39m[22m[2m | [22m[1m[32m134 passed[39m[22m[2m | [22m[90m12 todo[39m[90m (149)[39m
[2m   Start at [22m 15:29:02
[2m   Duration [22m 23.11s[2m (transform 4.63s, setup 697ms, import 27.87s, tests 38.97s, environment 130.97s)[22m

[31m+               <small>Create listings and track engagement from 
qualified candidates.</small>
[39m
[31m+             </article>
[39m
[31m+ 
[39m
[31m+             <article className="signal-card tone-orange">
[39m
[31m+               <h3>Moderate</h3>
[39m
[31m+               <p>ADMIN VIEW</p>
[39m
[31m+               <span className="card-art" aria-hidden="true"></span>
[39m
[31m+               <small>Flag risk, request fixes, and approve 
opportunities confidently.</small>
[39m
[31m+             </article>
[39m
[31m+ 
[39m
[31m+             <article className="signal-card tone-light">
[39m
[31m+               <h3>Move</h3>
[39m
[31m+               <p>OUTCOMES</p>
[39m
[31m+               <span className="card-art" aria-hidden="true"></span>
[39m
[31m+               <small>Turn applications into skills, credentials, and 
workplace entry points.</small>
[39m
[31m+             </article>
[39m
[31m+           </div>
[39m
[31m+         </section>
[39m
[31m+ 
[39m
[31m+         <section className="page-three">
[39m
[31m+           <span className="dot-plane" aria-hidden="true"></span>
[39m
[31m+           <div className="focus-copy scroll-animate">
[39m
[31m+             <p className="mini-label">Built for momentum</p>
[39m
[31m+             <h2>
[39m
[31m+               From FIRST CLICK
[39m
[31m+               <br />
[39m
[31m+               TO FIRST PAYCHECK
[39m
[31m+             </h2>
[39m
[31m+             <p>
[39m
[31m+               Scroll the platform, choose your role, and move into the 
right workspace to continue.
[39m
[31m+             </p>
[39m
[31m+           </div>
[39m
[31m+         </section>
[39m
[31m+ 
[39m
[31m+       </main>
[39m
[31m+     } />
[39m
[31m+ 
[39m
[31m+     
[39m
[31m+    <Route path="/dashboard" element={
[39m
[31m+   <ProtectedRoute role={role} allowedRole="Applicant" 
signedIn={signedIn} isLoading={isLoadingAuth}>
[39m
[31m+     <Dashboard onLogout={handleLogout} />
[39m
[31m+   </ProtectedRoute>
[39m
[31m+ } />
[39m
[31m+ 
[39m
[31m+ <Route path="/dashboard/listings/:listingId" element={
[39m
[31m+   <ProtectedRoute role={role} allowedRole="Applicant" 
signedIn={signedIn} isLoading={isLoadingAuth}>
[39m
[31m+     <ApplicantListingDetail onLogout={handleLogout} />
[39m
[31m+   </ProtectedRoute>
[39m
[31m+ } />
[39m
[31m+ 
[39m
[31m+   <Route path="/profile" element={
[39m
[31m+     <ProtectedRoute role={role} allowedRole="Applicant" 
signedIn={signedIn} isLoading={isLoadingAuth}>
[39m
[31m+       <ApplicantProfile onLogout={handleLogout} />
[39m
[31m+     </ProtectedRoute>
[39m
[31m+   } />
[39m
[31m+ 
[39m
[31m+ <Route path="/provider" element={
[39m
[31m+   <ProviderWorkspaceRoute role={role} signedIn={signedIn} 
isLoading={isLoadingAuth} providerLandingRoute={providerLandingRoute}>
[39m
[31m+     <Provider onLogout={handleLogout} />
[39m
[31m+   </ProviderWorkspaceRoute>
[39m
[31m+ } />
[39m
[31m+ 
[39m
[31m+ <Route path="/provider/profile" element={
[39m
[31m+   <ProviderProfileRoute role={role} signedIn={signedIn} 
isLoading={isLoadingAuth} providerLandingRoute={providerLandingRoute}>
[39m
[31m+     <ProviderProfile
[39m
[31m+       onLogout={handleLogout}
[39m
[31m+       onProfileSaved={() => setProviderLandingRoute('/provider')}
[39m
[31m+     />
[39m
[31m+   </ProviderProfileRoute>
[39m
[31m+ } />
[39m
[31m+ 
[39m
[31m+ <Route path="/provider/listings/new" element={
[39m
[31m+   <ProviderWorkspaceRoute role={role} signedIn={signedIn} 
isLoading={isLoadingAuth} providerLandingRoute={providerLandingRoute}>
[39m
[31m+     <ProviderListingForm />
[39m
[31m+   </ProviderWorkspaceRoute>
[39m
[31m+ } />
[39m
[31m+ 
[39m
[31m+ <Route path="/provider/listings/:listingId/edit" element={
[39m
[31m+   <ProviderWorkspaceRoute role={role} signedIn={signedIn} 
isLoading={isLoadingAuth} providerLandingRoute={providerLandingRoute}>
[39m
[31m+     <ProviderListingEdit />
[39m
[31m+   </ProviderWorkspaceRoute>
[39m
[31m+ } />
[39m
[31m+ 
[39m
[31m+ <Route path="/provider/listings/:listingId/applications" element={
[39m
[31m+   <ProviderWorkspaceRoute role={role} signedIn={signedIn} 
isLoading={isLoadingAuth} providerLandingRoute={providerLandingRoute}>
[39m
[31m+     <ProviderListingApplications />
[39m
[31m+   </ProviderWorkspaceRoute>
[39m
[31m+ } />
[39m
[31m+ 
[39m
[31m+ <Route path="/admin" element={
[39m
[31m+   <ProtectedRoute role={role} allowedRole="Admin" signedIn={signedIn} 
isLoading={isLoadingAuth}>
[39m
[31m+     <AdminDashboardShell onLogout={handleLogout} />
[39m
[31m+   </ProtectedRoute>
[39m
[31m+ } />
[39m
[31m+ 
[39m
[31m+   </Routes>
[39m
[31m+ )
[39m
[31m+ }
[39m
[31m+ 
[39m
[31m+ export default App
[39m
[31m+[39m

[36m [2mΓ¥»[22m 
src/pages/ProviderEditDeleteListing.acceptance.test.jsx:[2m354:23[22m[39m
    [90m352|[39m
    [90m353|[39m     expect(appSource).toContain('<Route 
path="/provider/listings/:listΓÇª
    [90m354|[39m     [34mexpect[39m(appSource)[33m.[39m[34mtoContain[39
m([32m'allowedRole="Provider"'[39m)
    [90m   |[39m                       [31m^[39m
    [90m355|[39m     
[34mexpect[39m(appSource)[33m.[39m[34mtoContain[39m([32m'if 
(!signedIn)'[39m)
    [90m356|[39m     
[34mexpect[39m(appSource)[33m.[39m[34mtoContain[39m([32m'if (role !== 
allowedRole)'[39m)

[31m[2mΓÄ»ΓÄ»ΓÄ»ΓÄ»ΓÄ»ΓÄ»ΓÄ»ΓÄ»ΓÄ»ΓÄ»ΓÄ»ΓÄ»ΓÄ»ΓÄ»ΓÄ»ΓÄ»ΓÄ»ΓÄ»ΓÄ»ΓÄ»ΓÄ»ΓÄ»ΓÄ»Γ
Ä»[3/3]ΓÄ»[22m[39m

