
> frontend@0.0.0 test
> vitest run --coverage --silent


[1m[46m RUN [49m[22m [36mv4.1.3 [39m[90mE:/UNI/Year 3/Learnership-Application/frontend[39m
      [2mCoverage enabled with [22m[33mv8[39m

 [32mΓ£ô[39m src/pages/ProviderManageApplicationStatuses.acceptance.test.jsx [2m([22m[2m10 tests[22m[2m)[22m[33m 2198[2mms[22m[39m
     [33m[2mΓ£ô[22m[39m 1. Applications page renders a status control with Pending, Reviewed, Accepted, and Rejected options [33m 449[2mms[22m[39m
     [33m[2mΓ£ô[22m[39m 2. Updating an applicant status writes the mapped status to the applications table [33m 844[2mms[22m[39m
 [32mΓ£ô[39m src/pages/ProviderEditDeleteListing.acceptance.test.jsx [2m([22m[2m16 tests[22m[2m)[22m[33m 2716[2mms[22m[39m
     [33m[2mΓ£ô[22m[39m 1. Edit form renders with existing listing data pre-populated [33m 394[2mms[22m[39m
     [33m[2mΓ£ô[22m[39m 3. Saving an edited listing updates the database payload [33m 714[2mms[22m[39m
 [32mΓ£ô[39m src/App.test.jsx [2m([22m[2m44 tests[22m[2m | [22m[90m12 todo[39m[2m)[22m[33m 2636[2mms[22m[39m
     [33m[2mΓ£ô[22m[39m Google OAuth entry is available for provider registration [33m 652[2mms[22m[39m
     [33m[2mΓ£ô[22m[39m Home page renders all three landing sections with proper hierarchy [33m 572[2mms[22m[39m
     [33m[2mΓ£ô[22m[39m Home page includes scroll animation hooks [33m 322[2mms[22m[39m
     [33m[2mΓ£ô[22m[39m Home page topbar links are visible [33m 456[2mms[22m[39m
     [33m[2mΓ£ô[22m[39m Sign-in page displays auth status message [33m 306[2mms[22m[39m
 [32mΓ£ô[39m src/App.integration.coverage.test.jsx [2m([22m[2m9 tests[22m[2m | [22m[33m1 skipped[39m[2m)[22m[33m 4947[2mms[22m[39m
     [33m[2mΓ£ô[22m[39m shows a config error when Supabase is missing [33m 1820[2mms[22m[39m
     [33m[2mΓ£ô[22m[39m shows a restore-session error when getSession fails [33m 633[2mms[22m[39m
     [33m[2mΓ£ô[22m[39m renders the provider workspace routes for a signed-in provider [33m 317[2mms[22m[39m
     [33m[2mΓ£ô[22m[39m shows a role-selection overlay for a new user and reports insert failures [33m 920[2mms[22m[39m
     [33m[2mΓ£ô[22m[39m surfaces Google sign-in failures [33m 783[2mms[22m[39m
 [32mΓ£ô[39m src/App.routing.test.jsx [2m([22m[2m5 tests[22m[2m)[22m[33m 5161[2mms[22m[39m
     [33m[2mΓ£ô[22m[39m shows home page when unauthenticated [33m 2719[2mms[22m[39m
     [33m[2mΓ£ô[22m[39m renders home page for unknown routes [33m 2071[2mms[22m[39m
 [32mΓ£ô[39m src/pages/AdminModerationQueue.test.jsx [2m([22m[2m21 tests[22m[2m)[22m[33m 5840[2mms[22m[39m
     [33m[2mΓ£ô[22m[39m 4. approve/remove tab shows the queue, delete tab, and download button [33m 925[2mms[22m[39m
     [33m[2mΓ£ô[22m[39m 6. delete action removes a listing and logs the listing type [33m 550[2mms[22m[39m
     [33m[2mΓ£ô[22m[39m 8. approve action updates listing status and removes from queue [33m 493[2mms[22m[39m
     [33m[2mΓ£ô[22m[39m 9. remove action updates listing status and removes from queue [33m 410[2mms[22m[39m
     [33m[2mΓ£ô[22m[39m 10. approve action is logged in admin_actions payload [33m 408[2mms[22m[39m
     [33m[2mΓ£ô[22m[39m 11. remove action is logged in admin_actions payload [33m 388[2mms[22m[39m
     [33m[2mΓ£ô[22m[39m 12. remove action requires a reason [33m 354[2mms[22m[39m
     [33m[2mΓ£ô[22m[39m 13. delete user tab loads applicants and providers and calls the delete function [33m 466[2mms[22m[39m
 [31mΓ¥»[39m src/applicant-listing-detail-helpers.test.jsx [2m([22m[2m33 tests[22m[2m | [22m[31m9 failed[39m[2m)[22m[32m 275[2mms[22m[39m
[31m       [31m├ù[31m formats valid positive integers with comma thousand separator[39m[32m 178[2mms[22m[39m
[31m       [31m├ù[31m formats valid decimal values[39m[32m 5[2mms[22m[39m
[31m       [31m├ù[31m formats small values[39m[32m 14[2mms[22m[39m
[31m       [31m├ù[31m returns "Not specified" for non-finite values[39m[32m 2[2mms[22m[39m
[31m       [31m├ù[31m handles string numbers[39m[32m 3[2mms[22m[39m
[31m       [31m├ù[31m handles negative values[39m[32m 1[2mms[22m[39m
[31m       [31m├ù[31m handles very large numbers[39m[32m 4[2mms[22m[39m
[31m       [31m├ù[31m truncates to 2 decimal places[39m[32m 8[2mms[22m[39m
       [32mΓ£ô[39m returns the value when it is provided[32m 5[2mms[22m[39m
       [32mΓ£ô[39m returns "Not specified" when value is null[32m 1[2mms[22m[39m
       [32mΓ£ô[39m returns "Not specified" when value is undefined[32m 1[2mms[22m[39m
       [32mΓ£ô[39m returns "Not specified" when value is empty string[32m 1[2mms[22m[39m
       [32mΓ£ô[39m does not validate date format[32m 4[2mms[22m[39m
       [32mΓ£ô[39m handles various date formats[32m 1[2mms[22m[39m
       [32mΓ£ô[39m handles whitespace-only strings[32m 1[2mms[22m[39m
[31m       [31m├ù[31m handles zero[39m[32m 6[2mms[22m[39m
       [32mΓ£ô[39m returns true when profile has all required fields[32m 1[2mms[22m[39m
       [32mΓ£ô[39m returns false when profile is null[32m 0[2mms[22m[39m
       [32mΓ£ô[39m returns false when profile is undefined[32m 1[2mms[22m[39m
       [32mΓ£ô[39m returns false when id is missing[32m 1[2mms[22m[39m
       [32mΓ£ô[39m returns false when first_name is missing or empty[32m 2[2mms[22m[39m
       [32mΓ£ô[39m returns false when first_name is whitespace only[32m 1[2mms[22m[39m
       [32mΓ£ô[39m returns false when cv_url is missing or empty[32m 1[2mms[22m[39m
       [32mΓ£ô[39m returns false when any required field is missing[32m 1[2mms[22m[39m
       [32mΓ£ô[39m handles extra fields in profile[32m 3[2mms[22m[39m
       [32mΓ£ô[39m returns list of missing fields including profile and cv when profile is null[32m 1[2mms[22m[39m
       [32mΓ£ô[39m returns empty array when all fields are present[32m 0[2mms[22m[39m
       [32mΓ£ô[39m identifies missing first_name[32m 4[2mms[22m[39m
       [32mΓ£ô[39m identifies multiple missing fields[32m 3[2mms[22m[39m
       [32mΓ£ô[39m treats whitespace-only strings as missing[32m 1[2mms[22m[39m
       [32mΓ£ô[39m identifies when each individual field is missing[32m 3[2mms[22m[39m
       [32mΓ£ô[39m identifies missing date_of_birth (falsy check)[32m 1[2mms[22m[39m
       [32mΓ£ô[39m handles profile with undefined fields[32m 1[2mms[22m[39m
 [32mΓ£ô[39m src/pages/ApplicantProfile.coverage.test.jsx [2m([22m[2m16 tests[22m[2m)[22m[33m 9816[2mms[22m[39m
     [33m[2mΓ£ô[22m[39m loads profile, education, skills, and uploaded files from Supabase [33m 1710[2mms[22m[39m
     [33m[2mΓ£ô[22m[39m creates a new applicant profile and saves education plus skills to Supabase [33m 1712[2mms[22m[39m
     [33m[2mΓ£ô[22m[39m validates CV uploads, persists CV url, and opens uploaded documents [33m 604[2mms[22m[39m
     [33m[2mΓ£ô[22m[39m keeps unsaved personal details and selected skills after CV upload [33m 436[2mms[22m[39m
     [33m[2mΓ£ô[22m[39m blocks submission when required fields are missing [33m 385[2mms[22m[39m
     [33m[2mΓ£ô[22m[39m supports multiple education entries and saves all of them [33m 1152[2mms[22m[39m
     [33m[2mΓ£ô[22m[39m allows selecting multiple skills and saves all selected values [33m 1456[2mms[22m[39m
     [33m[2mΓ£ô[22m[39m edits an existing profile and re-saves updated values [33m 589[2mms[22m[39m
     [33m[2mΓ£ô[22m[39m unauthenticated users cannot start CV upload [33m 455[2mms[22m[39m
     [33m[2mΓ£ô[22m[39m deletes the existing profile picture and refreshes the avatar state [33m 545[2mms[22m[39m
 [32mΓ£ô[39m src/pages/ApplicantDashboardApplications.acceptance.test.jsx [2m([22m[2m4 tests[22m[2m)[22m[33m 2464[2mms[22m[39m
     [33m[2mΓ£ô[22m[39m shows each submitted application with the requested status label [33m 832[2mms[22m[39m
     [33m[2mΓ£ô[22m[39m shows unread notifications, marks them as read on click, and lets the applicant reveal read history [33m 1007[2mms[22m[39m
     [33m[2mΓ£ô[22m[39m refreshes the notification inbox when a realtime notification arrives [33m 363[2mms[22m[39m
 [32mΓ£ô[39m src/applicant-profile-helpers.test.jsx [2m([22m[2m31 tests[22m[2m)[22m[32m 41[2mms[22m[39m
 [32mΓ£ô[39m src/pages/Provider.test.jsx [2m([22m[2m12 tests[22m[2m | [22m[33m1 skipped[39m[2m)[22m[33m 1642[2mms[22m[39m
     [33m[2mΓ£ô[22m[39m shows provider stats for active listings, pending, and approved counts [33m 368[2mms[22m[39m
     [33m[2mΓ£ô[22m[39m shows Profile, New Listing, and Logout buttons in header [33m 809[2mms[22m[39m
 [32mΓ£ô[39m src/pages/ProviderPostListing.acceptance.test.jsx [2m([22m[2m10 tests[22m[2m)[22m[33m 2955[2mms[22m[39m
     [33m[2mΓ£ô[22m[39m 1. Listing form renders all required fields [33m 474[2mms[22m[39m
     [33m[2mΓ£ô[22m[39m 3. Listing form blocks submission when required fields are empty [33m 729[2mms[22m[39m
     [33m[2mΓ£ô[22m[39m 4. Closing date field rejects past dates [33m 438[2mms[22m[39m
     [33m[2mΓ£ô[22m[39m 5/6/7. Successful submission saves listing, sets Pending, and links the signed-in provider [33m 472[2mms[22m[39m
     [33m[2mΓ£ô[22m[39m 10. Provider dashboard filters listings by status without leaving the page [33m 301[2mms[22m[39m
     [33m[2mΓ£ô[22m[39m 11. Provider cannot submit listing with invalid stipend [33m 351[2mms[22m[39m
 [32mΓ£ô[39m src/RoleBasedRouting.test.jsx [2m([22m[2m10 tests[22m[2m | [22m[33m4 skipped[39m[2m)[22m[33m 1925[2mms[22m[39m
     [33m[2mΓ£ô[22m[39m redirects unauthenticated users from protected route to home [33m 683[2mms[22m[39m
     [33m[2mΓ£ô[22m[39m clicking Google sign-in triggers the OAuth flow [33m 789[2mms[22m[39m
 [32mΓ£ô[39m src/pages/ProviderListingForm.acceptance.test.jsx [2m([22m[2m4 tests[22m[2m)[22m[33m 1588[2mms[22m[39m
     [33m[2mΓ£ô[22m[39m loads qualification options and shows the stipend preview [33m 403[2mms[22m[39m
     [33m[2mΓ£ô[22m[39m shows validation errors when required fields are missing [33m 474[2mms[22m[39m
     [33m[2mΓ£ô[22m[39m rejects a past closing date and an invalid stipend [33m 376[2mms[22m[39m
     [33m[2mΓ£ô[22m[39m submits a valid listing and creates the requirements row [33m 329[2mms[22m[39m
 [32mΓ£ô[39m src/pages/ApplicantSearchListings.test.jsx [2m([22m[2m13 tests[22m[2m | [22m[33m1 skipped[39m[2m)[22m[33m 7774[2mms[22m[39m
     [33m[2mΓ£ô[22m[39m renders search bar and listing type filter on the dashboard [33m 957[2mms[22m[39m
     [33m[2mΓ£ô[22m[39m returns matching approved listings for a keyword search [33m 798[2mms[22m[39m
     [33m[2mΓ£ô[22m[39m finds listings by location entered into the search bar [33m 755[2mms[22m[39m
     [33m[2mΓ£ô[22m[39m uses the search term and type filter together [33m 640[2mms[22m[39m
     [33m[2mΓ£ô[22m[39m updates the results panel without a full page reload [33m 656[2mms[22m[39m
     [33m[2mΓ£ô[22m[39m restores the full approved listings list after clearing the search and resetting the filter [33m 1272[2mms[22m[39m
     [33m[2mΓ£ô[22m[39m shows a clear no-results message when nothing matches [33m 578[2mms[22m[39m
     [33m[2mΓ£ô[22m[39m search is case insensitive [33m 612[2mms[22m[39m
     [33m[2mΓ£ô[22m[39m never shows pending listings even when the keyword matches [33m 618[2mms[22m[39m
     [33m[2mΓ£ô[22m[39m never shows removed listings even when the keyword matches [33m 605[2mms[22m[39m
 [32mΓ£ô[39m src/pages/Dashboard.acceptance.test.jsx [2m([22m[2m6 tests[22m[2m)[22m[33m 3663[2mms[22m[39m
     [33m[2mΓ£ô[22m[39m handles multiple search operations with timeout cleanup [33m 1081[2mms[22m[39m
     [33m[2mΓ£ô[22m[39m filters and displays listings by type selection [33m 1023[2mms[22m[39m
     [33m[2mΓ£ô[22m[39m resets search when type filter changes [33m 1171[2mms[22m[39m
 [32mΓ£ô[39m src/pages/UserPages.test.jsx [2m([22m[2m6 tests[22m[2m)[22m[33m 1679[2mms[22m[39m
     [33m[2mΓ£ô[22m[39m Listings section and search controls visible [33m 425[2mms[22m[39m
     [33m[2mΓ£ô[22m[39m Profile page renders with document actions [33m 713[2mms[22m[39m
 [32mΓ£ô[39m src/pages/Dashboard.coverage.test.jsx [2m([22m[2m3 tests[22m[2m)[22m[33m 2363[2mms[22m[39m
     [33m[2mΓ£ô[22m[39m shows approved listings and the empty search state with listings prop [33m 399[2mms[22m[39m
     [33m[2mΓ£ô[22m[39m searching for a missing listing shows the no-results state [33m 1242[2mms[22m[39m
     [33m[2mΓ£ô[22m[39m searching by location keeps only the matching approved listing [33m 717[2mms[22m[39m
 [32mΓ£ô[39m src/pages/ProviderProfile.acceptance.test.jsx [2m([22m[2m9 tests[22m[2m)[22m[33m 2201[2mms[22m[39m
     [33m[2mΓ£ô[22m[39m 1. Provider profile page renders saved profile information from Supabase [33m 403[2mms[22m[39m
     [33m[2mΓ£ô[22m[39m 2. Provider profile form saves to provider_profiles and updates the visible summary [33m 755[2mms[22m[39m
 [32mΓ£ô[39m src/pages/index.smoke.test.jsx [2m([22m[2m10 tests[22m[2m)[22m[33m 465[2mms[22m[39m
     [33m[2mΓ£ô[22m[39m ApplicantListingDetail component imports successfully [33m 373[2mms[22m[39m
 [32mΓ£ô[39m src/pages/ProviderPage.test.jsx [2m([22m[2m7 tests[22m[2m)[22m[33m 1183[2mms[22m[39m
   [33m[2mΓ£ô[22m[39m PROVIDER-DASHBOARD: renders stats and listing overview [33m 828[2mms[22m[39m
 [32mΓ£ô[39m src/pages/ApplicantListingDetail.acceptance.test.jsx [2m([22m[2m6 tests[22m[2m)[22m[33m 1476[2mms[22m[39m
     [33m[2mΓ£ô[22m[39m 1. renders the listing detail page and one-click apply button [33m 929[2mms[22m[39m
 [32mΓ£ô[39m src/pages/AdminPage.test.jsx [2m([22m[2m8 tests[22m[2m)[22m[33m 1065[2mms[22m[39m
   [33m[2mΓ£ô[22m[39m ADMIN-DASHBOARD: logout button is clickable and triggers callback [33m 604[2mms[22m[39m
 [32mΓ£ô[39m src/pages/Dashboard.branch.test.jsx [2m([22m[2m3 tests[22m[2m)[22m[33m 634[2mms[22m[39m
     [33m[2mΓ£ô[22m[39m falls back to built-in listings when Supabase is unavailable [33m 335[2mms[22m[39m
 [32mΓ£ô[39m src/pages/Admin.test.jsx [2m([22m[2m2 tests[22m[2m)[22m[32m 240[2mms[22m[39m
 [32mΓ£ô[39m src/App.render.test.jsx [2m([22m[2m2 tests[22m[2m)[22m[33m 432[2mms[22m[39m
     [33m[2mΓ£ô[22m[39m exports App component [33m 424[2mms[22m[39m
 [32mΓ£ô[39m src/pages/Dashboard.test.jsx [2m([22m[2m2 tests[22m[2m)[22m[33m 341[2mms[22m[39m
     [33m[2mΓ£ô[22m[39m exports Dashboard component [33m 322[2mms[22m[39m
 [32mΓ£ô[39m src/provider-listing-edit.test.jsx [2m([22m[2m3 tests[22m[2m)[22m[32m 59[2mms[22m[39m
 [32mΓ£ô[39m src/provider-listing-applications.test.jsx [2m([22m[2m3 tests[22m[2m)[22m[32m 69[2mms[22m[39m
 [32mΓ£ô[39m src/App.logic.test.jsx [2m([22m[2m19 tests[22m[2m)[22m[32m 28[2mms[22m[39m
 [32mΓ£ô[39m src/pages/Admin-ConnorLaptop.test.jsx [2m([22m[2m1 test[22m[2m)[22m[32m 199[2mms[22m[39m
Warning: A vi.unmock("./lib/supabaseClient") call in "E:/UNI/Year 3/Learnership-Application/frontend/src/app-helpers.test.jsx" is not at the top level of the module. Although it appears nested, it will be hoisted and executed before any tests run. Move it to the top level to reflect its actual execution order. This will become an error in a future version.
See: https://vitest.dev/guide/mocking/modules#how-it-works
Warning: A vi.mock("./lib/supabaseClient") call in "E:/UNI/Year 3/Learnership-Application/frontend/src/app-helpers.test.jsx" is not at the top level of the module. Although it appears nested, it will be hoisted and executed before any tests run. Move it to the top level to reflect its actual execution order. This will become an error in a future version.
See: https://vitest.dev/guide/mocking/modules#how-it-works
 [32mΓ£ô[39m src/app-helpers.test.jsx [2m([22m[2m7 tests[22m[2m)[22m[32m 23[2mms[22m[39m
 [32mΓ£ô[39m src/admin-helpers.test.jsx [2m([22m[2m33 tests[22m[2m)[22m[32m 43[2mms[22m[39m
 [32mΓ£ô[39m src/pages/ApplicantListingDetail.logic.test.jsx [2m([22m[2m10 tests[22m[2m)[22m[32m 20[2mms[22m[39m
 [32mΓ£ô[39m src/pages/Admin.logic.test.jsx [2m([22m[2m11 tests[22m[2m)[22m[32m 18[2mms[22m[39m
 [32mΓ£ô[39m src/pages/ProviderProfile.logic.test.jsx [2m([22m[2m10 tests[22m[2m)[22m[32m 17[2mms[22m[39m
 [32mΓ£ô[39m src/pages/ApplicantProfile.logic.test.jsx [2m([22m[2m10 tests[22m[2m)[22m[32m 29[2mms[22m[39m
 [32mΓ£ô[39m src/App.unit.test.jsx [2m([22m[2m5 tests[22m[2m)[22m[32m 17[2mms[22m[39m
 [32mΓ£ô[39m src/pages/Dashboard.expanded.test.jsx [2m([22m[2m10 tests[22m[2m)[22m[32m 9[2mms[22m[39m
 [32mΓ£ô[39m src/pages/ProviderListingForm.logic.test.jsx [2m([22m[2m6 tests[22m[2m)[22m[32m 7[2mms[22m[39m
 [32mΓ£ô[39m src/App.auth.integration.test.jsx [2m([22m[2m2 tests[22m[2m)[22m[32m 5[2mms[22m[39m
 [32mΓ£ô[39m src/debug-import.test.jsx [2m([22m[2m1 test[22m[2m)[22m[32m 5[2mms[22m[39m

ΓÄ»ΓÄ»ΓÄ»ΓÄ»ΓÄ»ΓÄ»ΓÄ» Failed Tests 9 ΓÄ»ΓÄ»ΓÄ»ΓÄ»ΓÄ»ΓÄ»ΓÄ»

 FAIL  src/applicant-listing-detail-helpers.test.jsx > ApplicantListingDetail Helpers > formatRandAmount > formats valid positive integers with comma thousand separator
AssertionError: expected 'R1┬á000' to be 'R1,000.00' // Object.is equality

Expected: "R1,000.00"
Received: "R1┬á000"

 Γ¥» src/applicant-listing-detail-helpers.test.jsx:12:38
     10|   describe('formatRandAmount', () => {
     11|     it('formats valid positive integers with comma thousand separator'ΓÇª
     12|       expect(formatRandAmount(1000)).toBe('R1,000.00')
       |                                      ^
     13|       expect(formatRandAmount(50000)).toBe('R50,000.00')
     14|       expect(formatRandAmount(1500000)).toBe('R1,500,000.00')

ΓÄ»ΓÄ»ΓÄ»ΓÄ»ΓÄ»ΓÄ»ΓÄ»ΓÄ»ΓÄ»ΓÄ»ΓÄ»ΓÄ»ΓÄ»ΓÄ»ΓÄ»ΓÄ»ΓÄ»ΓÄ»ΓÄ»ΓÄ»ΓÄ»ΓÄ»ΓÄ»ΓÄ»[1/9]ΓÄ»

 FAIL  src/applicant-listing-detail-helpers.test.jsx > ApplicantListingDetail Helpers > formatRandAmount > formats valid decimal values
AssertionError: expected 'R1┬á000,5' to be 'R1,000.50' // Object.is equality

Expected: "R1,000.50"
Received: "R1┬á000,5"

 Γ¥» src/applicant-listing-detail-helpers.test.jsx:18:40
     16|
     17|     it('formats valid decimal values', () => {
     18|       expect(formatRandAmount(1000.5)).toBe('R1,000.50')
       |                                        ^
     19|       expect(formatRandAmount(99.99)).toBe('R99.99')
     20|     })

ΓÄ»ΓÄ»ΓÄ»ΓÄ»ΓÄ»ΓÄ»ΓÄ»ΓÄ»ΓÄ»ΓÄ»ΓÄ»ΓÄ»ΓÄ»ΓÄ»ΓÄ»ΓÄ»ΓÄ»ΓÄ»ΓÄ»ΓÄ»ΓÄ»ΓÄ»ΓÄ»ΓÄ»[2/9]ΓÄ»

 FAIL  src/applicant-listing-detail-helpers.test.jsx > ApplicantListingDetail Helpers > formatRandAmount > formats small values
AssertionError: expected 'R100' to be 'R100.00' // Object.is equality

Expected: "R100.00"
Received: "R100"

 Γ¥» src/applicant-listing-detail-helpers.test.jsx:23:37
     21|
     22|     it('formats small values', () => {
     23|       expect(formatRandAmount(100)).toBe('R100.00')
       |                                     ^
     24|       expect(formatRandAmount(0)).toBe('R0.00')
     25|     })

ΓÄ»ΓÄ»ΓÄ»ΓÄ»ΓÄ»ΓÄ»ΓÄ»ΓÄ»ΓÄ»ΓÄ»ΓÄ»ΓÄ»ΓÄ»ΓÄ»ΓÄ»ΓÄ»ΓÄ»ΓÄ»ΓÄ»ΓÄ»ΓÄ»ΓÄ»ΓÄ»ΓÄ»[3/9]ΓÄ»

 FAIL  src/applicant-listing-detail-helpers.test.jsx > ApplicantListingDetail Helpers > formatRandAmount > returns "Not specified" for non-finite values
AssertionError: expected 'R0' to be 'Not specified' // Object.is equality

Expected: "Not specified"
Received: "R0"

 Γ¥» src/applicant-listing-detail-helpers.test.jsx:29:38
     27|     it('returns "Not specified" for non-finite values', () => {
     28|       expect(formatRandAmount('not-a-number')).toBe('Not specified')
     29|       expect(formatRandAmount(null)).toBe('Not specified')
       |                                      ^
     30|       expect(formatRandAmount(undefined)).toBe('Not specified')
     31|       expect(formatRandAmount(NaN)).toBe('Not specified')

ΓÄ»ΓÄ»ΓÄ»ΓÄ»ΓÄ»ΓÄ»ΓÄ»ΓÄ»ΓÄ»ΓÄ»ΓÄ»ΓÄ»ΓÄ»ΓÄ»ΓÄ»ΓÄ»ΓÄ»ΓÄ»ΓÄ»ΓÄ»ΓÄ»ΓÄ»ΓÄ»ΓÄ»[4/9]ΓÄ»

 FAIL  src/applicant-listing-detail-helpers.test.jsx > ApplicantListingDetail Helpers > formatRandAmount > handles string numbers
AssertionError: expected 'R1┬á000' to be 'R1,000.00' // Object.is equality

Expected: "R1,000.00"
Received: "R1┬á000"

 Γ¥» src/applicant-listing-detail-helpers.test.jsx:36:40
     34|
     35|     it('handles string numbers', () => {
     36|       expect(formatRandAmount('1000')).toBe('R1,000.00')
       |                                        ^
     37|       expect(formatRandAmount('50000.50')).toBe('R50,000.50')
     38|     })

ΓÄ»ΓÄ»ΓÄ»ΓÄ»ΓÄ»ΓÄ»ΓÄ»ΓÄ»ΓÄ»ΓÄ»ΓÄ»ΓÄ»ΓÄ»ΓÄ»ΓÄ»ΓÄ»ΓÄ»ΓÄ»ΓÄ»ΓÄ»ΓÄ»ΓÄ»ΓÄ»ΓÄ»[5/9]ΓÄ»

 FAIL  src/applicant-listing-detail-helpers.test.jsx > ApplicantListingDetail Helpers > formatRandAmount > handles negative values
AssertionError: expected 'R-1┬á000' to be 'R-1,000.00' // Object.is equality

Expected: "R-1,000.00"
Received: "R-1┬á000"

 Γ¥» src/applicant-listing-detail-helpers.test.jsx:41:39
     39|
     40|     it('handles negative values', () => {
     41|       expect(formatRandAmount(-1000)).toBe('R-1,000.00')
       |                                       ^
     42|     })
     43|

ΓÄ»ΓÄ»ΓÄ»ΓÄ»ΓÄ»ΓÄ»ΓÄ»ΓÄ»ΓÄ»ΓÄ»ΓÄ»ΓÄ»ΓÄ»ΓÄ»ΓÄ»ΓÄ»ΓÄ»ΓÄ»ΓÄ»ΓÄ»ΓÄ»ΓÄ»ΓÄ»ΓÄ»[6/9]ΓÄ»

 FAIL  src/applicant-listing-detail-helpers.test.jsx > ApplicantListingDetail Helpers > formatRandAmount > handles very large numbers
AssertionError: expected 'R9┬á999┬á999┬á999' to be 'R9,999,999,999.00' // Object.is equality

Expected: "R9,999,999,999.00"
Received: "R9┬á999┬á999┬á999"

 Γ¥» src/applicant-listing-detail-helpers.test.jsx:45:44
     43|
     44|     it('handles very large numbers', () => {
     45|       expect(formatRandAmount(9999999999)).toBe('R9,999,999,999.00')
       |                                            ^
     46|     })
     47|

ΓÄ»ΓÄ»ΓÄ»ΓÄ»ΓÄ»ΓÄ»ΓÄ»ΓÄ»ΓÄ»ΓÄ»ΓÄ»ΓÄ»ΓÄ»ΓÄ»ΓÄ»ΓÄ»ΓÄ»ΓÄ»ΓÄ»ΓÄ»ΓÄ»ΓÄ»ΓÄ»ΓÄ»[7/9]ΓÄ»

 FAIL  src/applicant-listing-detail-helpers.test.jsx > ApplicantListingDetail Helpers > formatRandAmount > truncates to 2 decimal places
AssertionError: expected 'R101' to be 'R100.99' // Object.is equality

Expected: "R100.99"
Received: "R101"

 Γ¥» src/applicant-listing-detail-helpers.test.jsx:49:41
     47|
     48|     it('truncates to 2 decimal places', () => {
     49|       expect(formatRandAmount(100.999)).toBe('R100.99')
       |                                         ^
     50|       expect(formatRandAmount(100.123456)).toBe('R100.12')
     51|     })

ΓÄ»ΓÄ»ΓÄ»ΓÄ»ΓÄ»ΓÄ»ΓÄ»ΓÄ»ΓÄ»ΓÄ»ΓÄ»ΓÄ»ΓÄ»ΓÄ»ΓÄ»ΓÄ»ΓÄ»ΓÄ»ΓÄ»ΓÄ»ΓÄ»ΓÄ»ΓÄ»ΓÄ»[8/9]ΓÄ»

 FAIL  src/applicant-listing-detail-helpers.test.jsx > ApplicantListingDetail Helpers > formatDate > handles zero
AssertionError: expected 'Not specified' to be +0 // Object.is equality

- Expected:
0

+ Received:
"Not specified"

 Γ¥» src/applicant-listing-detail-helpers.test.jsx:88:29
     86|
     87|     it('handles zero', () => {
     88|       expect(formatDate(0)).toBe(0)
       |                             ^
     89|     })
     90|   })

ΓÄ»ΓÄ»ΓÄ»ΓÄ»ΓÄ»ΓÄ»ΓÄ»ΓÄ»ΓÄ»ΓÄ»ΓÄ»ΓÄ»ΓÄ»ΓÄ»ΓÄ»ΓÄ»ΓÄ»ΓÄ»ΓÄ»ΓÄ»ΓÄ»ΓÄ»ΓÄ»ΓÄ»[9/9]ΓÄ»


[2m Test Files [22m [1m[31m1 failed[39m[22m[2m | [22m[1m[32m41 passed[39m[22m[90m (42)[39m
[2m      Tests [22m [1m[31m9 failed[39m[22m[2m | [22m[1m[32m405 passed[39m[22m[2m | [22m[33m7 skipped[39m[2m | [22m[90m12 todo[39m[90m (433)[39m
[2m   Start at [22m 12:25:35
[2m   Duration [22m 38.32s[2m (transform 4.07s, setup 833ms, import 27.79s, tests 68.27s, environment 123.59s)[22m

